Archive member included to satisfy reference by file (symbol)

c:/~prj/dropbox/vsarm/armcc/102021~1.10/bin/../lib/gcc/arm-none-eabi/10.3.1/thumb/v6-m/nofp\libgcc.a(_dvmd_tls.o)
                              CMakeFiles/pico_rmii_ethernet_httpd.dir/C_/~prj/Dropbox/vsarm/sdk/pico/pico-sdk/src/rp2_common/pico_divider/divider.S.obj (__aeabi_idiv0)
c:/~prj/dropbox/vsarm/armcc/102021~1.10/bin/../lib/gcc/arm-none-eabi/10.3.1/../../../../arm-none-eabi/lib/thumb/v6-m/nofp\libc.a(lib_a-atoi.o)
                              CMakeFiles/pico_rmii_ethernet_httpd.dir/__/__/lib/lwip/src/core/netif.c.obj (atoi)
c:/~prj/dropbox/vsarm/armcc/102021~1.10/bin/../lib/gcc/arm-none-eabi/10.3.1/../../../../arm-none-eabi/lib/thumb/v6-m/nofp\libc.a(lib_a-calloc.o)
                              CMakeFiles/pico_rmii_ethernet_httpd.dir/C_/~prj/Dropbox/vsarm/sdk/pico/pico-sdk/src/rp2_common/pico_malloc/pico_malloc.c.obj (calloc)
c:/~prj/dropbox/vsarm/armcc/102021~1.10/bin/../lib/gcc/arm-none-eabi/10.3.1/../../../../arm-none-eabi/lib/thumb/v6-m/nofp\libc.a(lib_a-callocr.o)
                              c:/~prj/dropbox/vsarm/armcc/102021~1.10/bin/../lib/gcc/arm-none-eabi/10.3.1/../../../../arm-none-eabi/lib/thumb/v6-m/nofp\libc.a(lib_a-calloc.o) (_calloc_r)
c:/~prj/dropbox/vsarm/armcc/102021~1.10/bin/../lib/gcc/arm-none-eabi/10.3.1/../../../../arm-none-eabi/lib/thumb/v6-m/nofp\libc.a(lib_a-ctype_.o)
                              CMakeFiles/pico_rmii_ethernet_httpd.dir/__/__/lib/lwip/src/core/ipv4/ip4_addr.c.obj (_ctype_)
c:/~prj/dropbox/vsarm/armcc/102021~1.10/bin/../lib/gcc/arm-none-eabi/10.3.1/../../../../arm-none-eabi/lib/thumb/v6-m/nofp\libc.a(lib_a-errno.o)
                              c:/~prj/dropbox/vsarm/armcc/102021~1.10/bin/../lib/gcc/arm-none-eabi/10.3.1/../../../../arm-none-eabi/lib/thumb/v6-m/nofp\libc.a(lib_a-callocr.o) (__errno)
c:/~prj/dropbox/vsarm/armcc/102021~1.10/bin/../lib/gcc/arm-none-eabi/10.3.1/../../../../arm-none-eabi/lib/thumb/v6-m/nofp\libc.a(lib_a-impure.o)
                              c:/~prj/dropbox/vsarm/armcc/102021~1.10/bin/../lib/gcc/arm-none-eabi/10.3.1/../../../../arm-none-eabi/lib/thumb/v6-m/nofp\libc.a(lib_a-calloc.o) (_impure_ptr)
c:/~prj/dropbox/vsarm/armcc/102021~1.10/bin/../lib/gcc/arm-none-eabi/10.3.1/../../../../arm-none-eabi/lib/thumb/v6-m/nofp\libc.a(lib_a-init.o)
                              c:/~prj/dropbox/vsarm/armcc/102021~1.10/bin/../lib/gcc/arm-none-eabi/10.3.1/../../../../arm-none-eabi/lib/thumb/v6-m/nofp/crt0.o (__libc_init_array)
c:/~prj/dropbox/vsarm/armcc/102021~1.10/bin/../lib/gcc/arm-none-eabi/10.3.1/../../../../arm-none-eabi/lib/thumb/v6-m/nofp\libc.a(lib_a-malloc.o)
                              CMakeFiles/pico_rmii_ethernet_httpd.dir/C_/~prj/Dropbox/vsarm/sdk/pico/pico-sdk/src/rp2_common/pico_malloc/pico_malloc.c.obj (malloc)
c:/~prj/dropbox/vsarm/armcc/102021~1.10/bin/../lib/gcc/arm-none-eabi/10.3.1/../../../../arm-none-eabi/lib/thumb/v6-m/nofp\libc.a(lib_a-mallocr.o)
                              c:/~prj/dropbox/vsarm/armcc/102021~1.10/bin/../lib/gcc/arm-none-eabi/10.3.1/../../../../arm-none-eabi/lib/thumb/v6-m/nofp\libc.a(lib_a-callocr.o) (_malloc_r)
c:/~prj/dropbox/vsarm/armcc/102021~1.10/bin/../lib/gcc/arm-none-eabi/10.3.1/../../../../arm-none-eabi/lib/thumb/v6-m/nofp\libc.a(lib_a-memcmp.o)
                              CMakeFiles/pico_rmii_ethernet_httpd.dir/__/__/lib/lwip/src/core/ipv4/acd.c.obj (memcmp)
c:/~prj/dropbox/vsarm/armcc/102021~1.10/bin/../lib/gcc/arm-none-eabi/10.3.1/../../../../arm-none-eabi/lib/thumb/v6-m/nofp\libc.a(lib_a-memmove.o)
                              CMakeFiles/pico_rmii_ethernet_httpd.dir/__/__/lib/lwip/src/core/def.c.obj (memmove)
c:/~prj/dropbox/vsarm/armcc/102021~1.10/bin/../lib/gcc/arm-none-eabi/10.3.1/../../../../arm-none-eabi/lib/thumb/v6-m/nofp\libc.a(lib_a-mlock.o)
                              c:/~prj/dropbox/vsarm/armcc/102021~1.10/bin/../lib/gcc/arm-none-eabi/10.3.1/../../../../arm-none-eabi/lib/thumb/v6-m/nofp\libc.a(lib_a-mallocr.o) (__malloc_lock)
c:/~prj/dropbox/vsarm/armcc/102021~1.10/bin/../lib/gcc/arm-none-eabi/10.3.1/../../../../arm-none-eabi/lib/thumb/v6-m/nofp\libc.a(lib_a-sbrkr.o)
                              c:/~prj/dropbox/vsarm/armcc/102021~1.10/bin/../lib/gcc/arm-none-eabi/10.3.1/../../../../arm-none-eabi/lib/thumb/v6-m/nofp\libc.a(lib_a-mallocr.o) (_sbrk_r)
c:/~prj/dropbox/vsarm/armcc/102021~1.10/bin/../lib/gcc/arm-none-eabi/10.3.1/../../../../arm-none-eabi/lib/thumb/v6-m/nofp\libc.a(lib_a-strchr.o)
                              CMakeFiles/pico_rmii_ethernet_httpd.dir/__/__/lib/lwip/src/apps/http/httpd.c.obj (strchr)
c:/~prj/dropbox/vsarm/armcc/102021~1.10/bin/../lib/gcc/arm-none-eabi/10.3.1/../../../../arm-none-eabi/lib/thumb/v6-m/nofp\libc.a(lib_a-strcmp.o)
                              CMakeFiles/pico_rmii_ethernet_httpd.dir/__/__/lib/lwip/src/apps/http/fs.c.obj (strcmp)
[...]
Memory Configuration

Name             Origin             Length             Attributes
FLASH            0x10000000         0x00200000         xr
RAM              0x20000000         0x00040000         xrw
SCRATCH_X        0x20040000         0x00001000         xrw
SCRATCH_Y        0x20041000         0x00001000         xrw
*default*        0x00000000         0xffffffff

Linker script and memory map

LOAD c:/~prj/dropbox/vsarm/armcc/102021~1.10/bin/../lib/gcc/arm-none-eabi/10.3.1/thumb/v6-m/nofp/crti.o
LOAD c:/~prj/dropbox/vsarm/armcc/102021~1.10/bin/../lib/gcc/arm-none-eabi/10.3.1/thumb/v6-m/nofp/crtbegin.o
LOAD c:/~prj/dropbox/vsarm/armcc/102021~1.10/bin/../lib/gcc/arm-none-eabi/10.3.1/../../../../arm-none-eabi/lib/thumb/v6-m/nofp/crt0.o

.flash_begin    0x10000000        0x0
                0x10000000                __flash_binary_start = .

.boot2          0x10000000      0x100
                0x10000000                __boot2_start__ = .
 *(.boot2)
 .boot2         0x10000000      0x100 C:\Users\Drobins\AppData\Local\Temp\ccAqaeaF.o
                0x10000100                __boot2_end__ = .
                0x00000001                ASSERT (((__boot2_end__ - __boot2_start__) == 0x100), ERROR: Pico second stage bootloader must be 256 bytes in size)

.text           0x10000100    0x137d0
                0x10000100                __logical_binary_start = .
 *(.vectors)
 .vectors       0x10000100       0xd4 CMakeFiles/pico_rmii_ethernet_httpd.dir/C_/~prj/Dropbox/vsarm/sdk/pico/pico-sdk/src/rp2_common/pico_standard_link/crt0.S.obj
                0x10000100                __VECTOR_TABLE
                0x10000100                __vectors
                0x100001c0                isr_invalid
                0x100001c0                __default_isrs_start
                0x100001c2                isr_nmi
                0x100001c4                isr_hardfault
                0x100001c6                isr_svcall
                0x100001c8                isr_pendsv
                0x100001ca                isr_systick
                0x100001cc                isr_irq23
                0x100001cc                isr_irq18
                0x100001cc                isr_irq11
                0x100001cc                isr_irq28
                0x100001cc                isr_irq19
                0x100001cc                isr_irq0
                0x100001cc                isr_irq6
                0x100001cc                isr_irq5
                0x100001cc                isr_irq12
                0x100001cc                isr_irq22
                0x100001cc                isr_irq31
                0x100001cc                isr_irq17
                0x100001cc                isr_irq27
                0x100001cc                isr_irq30
                0x100001cc                isr_irq2
                0x100001cc                isr_irq10
                0x100001cc                isr_irq8
                0x100001cc                isr_irq24
                0x100001cc                isr_irq1
                0x100001cc                isr_irq7
                0x100001cc                isr_irq21
                0x100001cc                isr_irq20
                0x100001cc                isr_irq15
                0x100001cc                isr_irq25
                0x100001cc                isr_irq13
                0x100001cc                __unhandled_user_irq
                0x100001cc                isr_irq4
                0x100001cc                isr_irq16
                0x100001cc                isr_irq29
                0x100001cc                isr_irq26
                0x100001cc                __default_isrs_end
                0x100001cc                isr_irq3
                0x100001cc                isr_irq14
                0x100001cc                isr_irq9
                0x100001d2                unhandled_user_irq_num_in_r0
 *(.binary_info_header)
 .binary_info_header
                0x100001d4       0x14 CMakeFiles/pico_rmii_ethernet_httpd.dir/C_/~prj/Dropbox/vsarm/sdk/pico/pico-sdk/src/rp2_common/pico_standard_link/crt0.S.obj
                0x100001e8                __binary_info_header_end = .
 *(.reset)
 .reset         0x100001e8       0xa8 CMakeFiles/pico_rmii_ethernet_httpd.dir/C_/~prj/Dropbox/vsarm/sdk/pico/pico-sdk/src/rp2_common/pico_standard_link/crt0.S.obj
                0x100001e8                _entry_point
                0x10000266                __get_current_exception
 .reset         0x10000290       0x30 CMakeFiles/pico_rmii_ethernet_httpd.dir/C_/~prj/Dropbox/vsarm/sdk/pico/pico-sdk/src/rp2_common/pico_standard_link/binary_info.c.obj
 *(.init)
 .init          0x100002c0        0x4 c:/~prj/dropbox/vsarm/armcc/102021~1.10/bin/../lib/gcc/arm-none-eabi/10.3.1/thumb/v6-m/nofp/crti.o
                0x100002c0                _init
 *(EXCLUDE_FILE(*libm.a: *libc.a:*lib_a-mem*.o *libgcc.a:) .text*)
 .text          0x100002c4       0x48 c:/~prj/dropbox/vsarm/armcc/102021~1.10/bin/../lib/gcc/arm-none-eabi/10.3.1/thumb/v6-m/nofp/crtbegin.o
 .text.netif_link_callback
                0x1000030c       0x24 CMakeFiles/pico_rmii_ethernet_httpd.dir/main.c.obj
                0x1000030c                netif_link_callback
 .text.netif_status_callback
                0x10000330       0x18 CMakeFiles/pico_rmii_ethernet_httpd.dir/main.c.obj
                0x10000330                netif_status_callback
 .text.startup.main
                0x10000348       0x8c CMakeFiles/pico_rmii_ethernet_httpd.dir/main.c.obj
                0x10000348                main
 .text.gpio_irq_handler
                0x100003d4       0x7c CMakeFiles/pico_rmii_ethernet_httpd.dir/C_/~prj/Dropbox/vsarm/sdk/pico/pico-sdk/src/rp2_common/hardware_gpio/gpio.c.obj
 .text.gpio_set_function
                0x10000450       0x30 CMakeFiles/pico_rmii_ethernet_httpd.dir/C_/~prj/Dropbox/vsarm/sdk/pico/pico-sdk/src/rp2_common/hardware_gpio/gpio.c.obj
                0x10000450                gpio_set_function
 .text.gpio_set_irq_enabled_with_callback
                0x10000480       0x78 CMakeFiles/pico_rmii_ethernet_httpd.dir/C_/~prj/Dropbox/vsarm/sdk/pico/pico-sdk/src/rp2_common/hardware_gpio/gpio.c.obj
                0x10000480                gpio_set_irq_enabled_with_callback
 .text.gpio_init
                0x100004f8       0x3c CMakeFiles/pico_rmii_ethernet_httpd.dir/C_/~prj/Dropbox/vsarm/sdk/pico/pico-sdk/src/rp2_common/hardware_gpio/gpio.c.obj
                0x100004f8                gpio_init
 .text.hw_claim_lock
                0x10000534       0x18 CMakeFiles/pico_rmii_ethernet_httpd.dir/C_/~prj/Dropbox/vsarm/sdk/pico/pico-sdk/src/rp2_common/hardware_claim/claim.c.obj
                0x10000534                hw_claim_lock
 .text.hw_claim_unlock
                0x1000054c       0x14 CMakeFiles/pico_rmii_ethernet_httpd.dir/C_/~prj/Dropbox/vsarm/sdk/pico/pico-sdk/src/rp2_common/hardware_claim/claim.c.obj
                0x1000054c                hw_claim_unlock
 .text.hw_claim_or_assert
                0x10000560       0x44 CMakeFiles/pico_rmii_ethernet_httpd.dir/C_/~prj/Dropbox/vsarm/sdk/pico/pico-sdk/src/rp2_common/hardware_claim/claim.c.obj
                0x10000560                hw_claim_or_assert
 .text.hw_claim_unused_from_range
                0x100005a4       0x9c CMakeFiles/pico_rmii_ethernet_httpd.dir/C_/~prj/Dropbox/vsarm/sdk/pico/pico-sdk/src/rp2_common/hardware_claim/claim.c.obj
                0x100005a4                hw_claim_unused_from_range
 .text.running_on_fpga
                0x10000640       0x10 CMakeFiles/pico_rmii_ethernet_httpd.dir/C_/~prj/Dropbox/vsarm/sdk/pico/pico-sdk/src/rp2_common/pico_platform/platform.c.obj
                0x10000640                running_on_fpga
 .text.spin_locks_reset
                0x10000650       0x1c CMakeFiles/pico_rmii_ethernet_httpd.dir/C_/~prj/Dropbox/vsarm/sdk/pico/pico-sdk/src/rp2_common/hardware_sync/sync.c.obj
                0x10000650                spin_locks_reset
 .text.next_striped_spin_lock_num
                0x1000066c       0x18 CMakeFiles/pico_rmii_ethernet_httpd.dir/C_/~prj/Dropbox/vsarm/sdk/pico/pico-sdk/src/rp2_common/hardware_sync/sync.c.obj
                0x1000066c                next_striped_spin_lock_num
 .text.spin_lock_claim_unused
                0x10000684       0x20 CMakeFiles/pico_rmii_ethernet_httpd.dir/C_/~prj/Dropbox/vsarm/sdk/pico/pico-sdk/src/rp2_common/hardware_sync/sync.c.obj
                0x10000684                spin_lock_claim_unused
 .text.timer_pool_entry_comparator
                0x100006a4       0x34 CMakeFiles/pico_rmii_ethernet_httpd.dir/C_/~prj/Dropbox/vsarm/sdk/pico/pico-sdk/src/common/pico_time/time.c.obj
                0x100006a4                timer_pool_entry_comparator
 .text.sleep_until_callback
                0x100006d8       0x30 CMakeFiles/pico_rmii_ethernet_httpd.dir/C_/~prj/Dropbox/vsarm/sdk/pico/pico-sdk/src/common/pico_time/time.c.obj
 .text.add_alarm_under_lock.isra.0
                0x10000708      0x100 CMakeFiles/pico_rmii_ethernet_httpd.dir/C_/~prj/Dropbox/vsarm/sdk/pico/pico-sdk/src/common/pico_time/time.c.obj
 .text.alarm_pool_alarm_callback
                0x10000808      0x1c8 CMakeFiles/pico_rmii_ethernet_httpd.dir/C_/~prj/Dropbox/vsarm/sdk/pico/pico-sdk/src/common/pico_time/time.c.obj
 .text.alarm_pool_add_alarm_at.constprop.0
                0x100009d0      0x11c CMakeFiles/pico_rmii_ethernet_httpd.dir/C_/~prj/Dropbox/vsarm/sdk/pico/pico-sdk/src/common/pico_time/time.c.obj
 .text.alarm_pool_init_default
                0x10000aec       0x64 CMakeFiles/pico_rmii_ethernet_httpd.dir/C_/~prj/Dropbox/vsarm/sdk/pico/pico-sdk/src/common/pico_time/time.c.obj
                0x10000aec                alarm_pool_init_default
 .text.alarm_pool_get_default
                0x10000b50        0x8 CMakeFiles/pico_rmii_ethernet_httpd.dir/C_/~prj/Dropbox/vsarm/sdk/pico/pico-sdk/src/common/pico_time/time.c.obj
                0x10000b50                alarm_pool_get_default
 .text.alarm_pool_add_alarm_at
                0x10000b58      0x194 CMakeFiles/pico_rmii_ethernet_httpd.dir/C_/~prj/Dropbox/vsarm/sdk/pico/pico-sdk/src/common/pico_time/time.c.obj
                0x10000b58                alarm_pool_add_alarm_at
 .text.sleep_until
                0x10000cec       0xac CMakeFiles/pico_rmii_ethernet_httpd.dir/C_/~prj/Dropbox/vsarm/sdk/pico/pico-sdk/src/common/pico_time/time.c.obj
                0x10000cec                sleep_until
 .text.sleep_us
                0x10000d98       0x30 CMakeFiles/pico_rmii_ethernet_httpd.dir/C_/~prj/Dropbox/vsarm/sdk/pico/pico-sdk/src/common/pico_time/time.c.obj
                0x10000d98                sleep_us
 .text.sleep_ms
                0x10000dc8       0x38 CMakeFiles/pico_rmii_ethernet_httpd.dir/C_/~prj/Dropbox/vsarm/sdk/pico/pico-sdk/src/common/pico_time/time.c.obj
                0x10000dc8                sleep_ms
 .text.best_effort_wfe_or_timeout
                0x10000e00       0xd4 CMakeFiles/pico_rmii_ethernet_httpd.dir/C_/~prj/Dropbox/vsarm/sdk/pico/pico-sdk/src/common/pico_time/time.c.obj
                0x10000e00                best_effort_wfe_or_timeout
 .text.hardware_alarm_irq_handler
                0x10000ed4       0xb8 CMakeFiles/pico_rmii_ethernet_httpd.dir/C_/~prj/Dropbox/vsarm/sdk/pico/pico-sdk/src/rp2_common/hardware_timer/timer.c.obj
 .text.hardware_alarm_claim
                0x10000f8c       0x18 CMakeFiles/pico_rmii_ethernet_httpd.dir/C_/~prj/Dropbox/vsarm/sdk/pico/pico-sdk/src/rp2_common/hardware_timer/timer.c.obj
                0x10000f8c                hardware_alarm_claim
 .text.time_us_64
                0x10000fa4       0x14 CMakeFiles/pico_rmii_ethernet_httpd.dir/C_/~prj/Dropbox/vsarm/sdk/pico/pico-sdk/src/rp2_common/hardware_timer/timer.c.obj
                0x10000fa4                time_us_64
 .text.busy_wait_until
                0x10000fb8       0x20 CMakeFiles/pico_rmii_ethernet_httpd.dir/C_/~prj/Dropbox/vsarm/sdk/pico/pico-sdk/src/rp2_common/hardware_timer/timer.c.obj
                0x10000fb8                busy_wait_until
 .text.hardware_alarm_set_callback
                0x10000fd8       0x8c CMakeFiles/pico_rmii_ethernet_httpd.dir/C_/~prj/Dropbox/vsarm/sdk/pico/pico-sdk/src/rp2_common/hardware_timer/timer.c.obj
                0x10000fd8                hardware_alarm_set_callback
 .text.hardware_alarm_set_target
                0x10001064       0xe0 CMakeFiles/pico_rmii_ethernet_httpd.dir/C_/~prj/Dropbox/vsarm/sdk/pico/pico-sdk/src/rp2_common/hardware_timer/timer.c.obj
                0x10001064                hardware_alarm_set_target
 .text.hardware_alarm_cancel
                0x10001144       0x3c CMakeFiles/pico_rmii_ethernet_httpd.dir/C_/~prj/Dropbox/vsarm/sdk/pico/pico-sdk/src/rp2_common/hardware_timer/timer.c.obj
                0x10001144                hardware_alarm_cancel
 .text.lock_init
                0x10001180       0x10 CMakeFiles/pico_rmii_ethernet_httpd.dir/C_/~prj/Dropbox/vsarm/sdk/pico/pico-sdk/src/common/pico_sync/lock_core.c.obj
                0x10001180                lock_init
 .text.mutex_init
                0x10001190       0x1c CMakeFiles/pico_rmii_ethernet_httpd.dir/C_/~prj/Dropbox/vsarm/sdk/pico/pico-sdk/src/common/pico_sync/mutex.c.obj
                0x10001190                mutex_init
 .text.recursive_mutex_init
                0x100011ac       0x1c CMakeFiles/pico_rmii_ethernet_httpd.dir/C_/~prj/Dropbox/vsarm/sdk/pico/pico-sdk/src/common/pico_sync/mutex.c.obj
                0x100011ac                recursive_mutex_init
 .text.critical_section_init
                0x100011c8       0x20 CMakeFiles/pico_rmii_ethernet_httpd.dir/C_/~prj/Dropbox/vsarm/sdk/pico/pico-sdk/src/common/pico_sync/critical_section.c.obj
                0x100011c8                critical_section_init
 .text.ph_merge_nodes
                0x100011e8       0x68 CMakeFiles/pico_rmii_ethernet_httpd.dir/C_/~prj/Dropbox/vsarm/sdk/pico/pico-sdk/src/common/pico_util/pheap.c.obj
 .text.ph_post_alloc_init
                0x10001250       0x3c CMakeFiles/pico_rmii_ethernet_httpd.dir/C_/~prj/Dropbox/vsarm/sdk/pico/pico-sdk/src/common/pico_util/pheap.c.obj
                0x10001250                ph_post_alloc_init
 .text.ph_merge_two_pass
                0x1000128c       0x90 CMakeFiles/pico_rmii_ethernet_httpd.dir/C_/~prj/Dropbox/vsarm/sdk/pico/pico-sdk/src/common/pico_util/pheap.c.obj
                0x1000128c                ph_merge_two_pass
 .text.ph_remove_any_head
                0x1000131c       0xf8 CMakeFiles/pico_rmii_ethernet_httpd.dir/C_/~prj/Dropbox/vsarm/sdk/pico/pico-sdk/src/common/pico_util/pheap.c.obj
 .text.ph_remove_head
                0x10001414       0xfc CMakeFiles/pico_rmii_ethernet_httpd.dir/C_/~prj/Dropbox/vsarm/sdk/pico/pico-sdk/src/common/pico_util/pheap.c.obj
                0x10001414                ph_remove_head
 .text.ph_remove_and_free_node
                0x10001510       0x7c CMakeFiles/pico_rmii_ethernet_httpd.dir/C_/~prj/Dropbox/vsarm/sdk/pico/pico-sdk/src/common/pico_util/pheap.c.obj
                0x10001510                ph_remove_and_free_node
 .text.runtime_init
                0x1000158c       0xf0 CMakeFiles/pico_rmii_ethernet_httpd.dir/C_/~prj/Dropbox/vsarm/sdk/pico/pico-sdk/src/rp2_common/pico_runtime/runtime.c.obj
                0x1000158c                runtime_init
 .text.exit     0x1000167c        0x4 CMakeFiles/pico_rmii_ethernet_httpd.dir/C_/~prj/Dropbox/vsarm/sdk/pico/pico-sdk/src/rp2_common/pico_runtime/runtime.c.obj
                0x1000167c                exit
 .text.panic    0x10001680       0x30 CMakeFiles/pico_rmii_ethernet_httpd.dir/C_/~prj/Dropbox/vsarm/sdk/pico/pico-sdk/src/rp2_common/pico_runtime/runtime.c.obj
                0x10001680                panic
 .text.hard_assertion_failure
                0x100016b0        0xc CMakeFiles/pico_rmii_ethernet_httpd.dir/C_/~prj/Dropbox/vsarm/sdk/pico/pico-sdk/src/rp2_common/pico_runtime/runtime.c.obj
                0x100016b0                hard_assertion_failure
 .text.clocks_init
                0x100016bc      0x2bc CMakeFiles/pico_rmii_ethernet_httpd.dir/C_/~prj/Dropbox/vsarm/sdk/pico/pico-sdk/src/rp2_common/hardware_clocks/clocks.c.obj
                0x100016bc                clocks_init
 .text.clock_configure_gpin
                0x10001978      0x10c CMakeFiles/pico_rmii_ethernet_httpd.dir/C_/~prj/Dropbox/vsarm/sdk/pico/pico-sdk/src/rp2_common/hardware_clocks/clocks.c.obj
                0x10001978                clock_configure_gpin
 .text.irq_set_enabled
                0x10001a84       0x24 CMakeFiles/pico_rmii_ethernet_httpd.dir/C_/~prj/Dropbox/vsarm/sdk/pico/pico-sdk/src/rp2_common/hardware_irq/irq.c.obj
                0x10001a84                irq_set_enabled
 .text.irq_is_enabled
                0x10001aa8       0x18 CMakeFiles/pico_rmii_ethernet_httpd.dir/C_/~prj/Dropbox/vsarm/sdk/pico/pico-sdk/src/rp2_common/hardware_irq/irq.c.obj
                0x10001aa8                irq_is_enabled
 .text.irq_set_pending
                0x10001ac0       0x10 CMakeFiles/pico_rmii_ethernet_httpd.dir/C_/~prj/Dropbox/vsarm/sdk/pico/pico-sdk/src/rp2_common/hardware_irq/irq.c.obj
                0x10001ac0                irq_set_pending
 .text.irq_get_vtable_handler
                0x10001ad0       0x10 CMakeFiles/pico_rmii_ethernet_httpd.dir/C_/~prj/Dropbox/vsarm/sdk/pico/pico-sdk/src/rp2_common/hardware_irq/irq.c.obj
                0x10001ad0                irq_get_vtable_handler
 .text.irq_set_exclusive_handler
                0x10001ae0       0x54 CMakeFiles/pico_rmii_ethernet_httpd.dir/C_/~prj/Dropbox/vsarm/sdk/pico/pico-sdk/src/rp2_common/hardware_irq/irq.c.obj
                0x10001ae0                irq_set_exclusive_handler
 .text.irq_remove_handler
                0x10001b34      0x1b4 CMakeFiles/pico_rmii_ethernet_httpd.dir/C_/~prj/Dropbox/vsarm/sdk/pico/pico-sdk/src/rp2_common/hardware_irq/irq.c.obj
                0x10001b34                irq_remove_handler
 .text.irq_add_tail_to_free_list
                0x10001ce8       0xb4 CMakeFiles/pico_rmii_ethernet_httpd.dir/C_/~prj/Dropbox/vsarm/sdk/pico/pico-sdk/src/rp2_common/hardware_irq/irq.c.obj
                0x10001ce8                irq_add_tail_to_free_list
 .text.irq_init_priorities
                0x10001d9c       0x24 CMakeFiles/pico_rmii_ethernet_httpd.dir/C_/~prj/Dropbox/vsarm/sdk/pico/pico-sdk/src/rp2_common/hardware_irq/irq.c.obj
                0x10001d9c                irq_init_priorities
 .text.pll_init
                0x10001dc0       0xa8 CMakeFiles/pico_rmii_ethernet_httpd.dir/C_/~prj/Dropbox/vsarm/sdk/pico/pico-sdk/src/rp2_common/hardware_pll/pll.c.obj
                0x10001dc0                pll_init
 .text.watchdog_start_tick
                0x10001e68       0x10 CMakeFiles/pico_rmii_ethernet_httpd.dir/C_/~prj/Dropbox/vsarm/sdk/pico/pico-sdk/src/rp2_common/hardware_watchdog/watchdog.c.obj
                0x10001e68                watchdog_start_tick
 .text.watchdog_reboot
                0x10001e78       0x98 CMakeFiles/pico_rmii_ethernet_httpd.dir/C_/~prj/Dropbox/vsarm/sdk/pico/pico-sdk/src/rp2_common/hardware_watchdog/watchdog.c.obj
                0x10001e78                watchdog_reboot
 .text.xosc_init
                0x10001f10       0x28 CMakeFiles/pico_rmii_ethernet_httpd.dir/C_/~prj/Dropbox/vsarm/sdk/pico/pico-sdk/src/rp2_common/hardware_xosc/xosc.c.obj
                0x10001f10                xosc_init
 .text._out_null
                0x10001f38        0x4 CMakeFiles/pico_rmii_ethernet_httpd.dir/C_/~prj/Dropbox/vsarm/sdk/pico/pico-sdk/src/rp2_common/pico_printf/printf.c.obj
 .text._out_rev
                0x10001f3c       0x9c CMakeFiles/pico_rmii_ethernet_httpd.dir/C_/~prj/Dropbox/vsarm/sdk/pico/pico-sdk/src/rp2_common/pico_printf/printf.c.obj
 .text._ntoa_format
                0x10001fd8      0x1cc CMakeFiles/pico_rmii_ethernet_httpd.dir/C_/~prj/Dropbox/vsarm/sdk/pico/pico-sdk/src/rp2_common/pico_printf/printf.c.obj
 .text._out_char
                0x100021a4       0x10 CMakeFiles/pico_rmii_ethernet_httpd.dir/C_/~prj/Dropbox/vsarm/sdk/pico/pico-sdk/src/rp2_common/pico_printf/printf.c.obj
 .text._out_fct
                0x100021b4       0x10 CMakeFiles/pico_rmii_ethernet_httpd.dir/C_/~prj/Dropbox/vsarm/sdk/pico/pico-sdk/src/rp2_common/pico_printf/printf.c.obj
 .text._etoa    0x100021c4      0x44c CMakeFiles/pico_rmii_ethernet_httpd.dir/C_/~prj/Dropbox/vsarm/sdk/pico/pico-sdk/src/rp2_common/pico_printf/printf.c.obj
 .text._ftoa    0x10002610      0x398 CMakeFiles/pico_rmii_ethernet_httpd.dir/C_/~prj/Dropbox/vsarm/sdk/pico/pico-sdk/src/rp2_common/pico_printf/printf.c.obj
 .text._vsnprintf
                0x100029a8      0xb04 CMakeFiles/pico_rmii_ethernet_httpd.dir/C_/~prj/Dropbox/vsarm/sdk/pico/pico-sdk/src/rp2_common/pico_printf/printf.c.obj
 .text.vfctprintf
                0x100034ac       0x20 CMakeFiles/pico_rmii_ethernet_httpd.dir/C_/~prj/Dropbox/vsarm/sdk/pico/pico-sdk/src/rp2_common/pico_printf/printf.c.obj
                0x100034ac                vfctprintf
 .text.weak_raw_vprintf
                0x100034cc       0x30 CMakeFiles/pico_rmii_ethernet_httpd.dir/C_/~prj/Dropbox/vsarm/sdk/pico/pico-sdk/src/rp2_common/pico_printf/printf.c.obj
                0x100034cc                weak_raw_vprintf
 .text          0x100034fc       0x10 CMakeFiles/pico_rmii_ethernet_httpd.dir/C_/~prj/Dropbox/vsarm/sdk/pico/pico-sdk/src/rp2_common/pico_bit_ops/bit_ops_aeabi.S.obj
 .text.rom_func_lookup
                0x1000350c       0x10 CMakeFiles/pico_rmii_ethernet_httpd.dir/C_/~prj/Dropbox/vsarm/sdk/pico/pico-sdk/src/rp2_common/pico_bootrom/bootrom.c.obj
                0x1000350c                rom_func_lookup
 .text.rom_data_lookup
                0x1000351c       0x10 CMakeFiles/pico_rmii_ethernet_httpd.dir/C_/~prj/Dropbox/vsarm/sdk/pico/pico-sdk/src/rp2_common/pico_bootrom/bootrom.c.obj
                0x1000351c                rom_data_lookup
 .text.rom_funcs_lookup
                0x1000352c       0x44 CMakeFiles/pico_rmii_ethernet_httpd.dir/C_/~prj/Dropbox/vsarm/sdk/pico/pico-sdk/src/rp2_common/pico_bootrom/bootrom.c.obj
                0x1000352c                rom_funcs_lookup
 .text.__wrap___aeabi_idiv
                0x10003570       0x50 CMakeFiles/pico_rmii_ethernet_httpd.dir/C_/~prj/Dropbox/vsarm/sdk/pico/pico-sdk/src/rp2_common/pico_divider/divider.S.obj
                0x10003570                __wrap___aeabi_idivmod
                0x10003570                divmod_s32s32
                0x10003570                div_s32s32
                0x10003570                __wrap___aeabi_idiv
                0x10003578                divmod_s32s32_unsafe
                0x100035a4                divmod_s32s32_savestate
 .text.__wrap___aeabi_uidiv
                0x100035c0       0x4c CMakeFiles/pico_rmii_ethernet_httpd.dir/C_/~prj/Dropbox/vsarm/sdk/pico/pico-sdk/src/rp2_common/pico_divider/divider.S.obj
                0x100035c0                __wrap___aeabi_uidiv
                0x100035c0                __wrap___aeabi_uidivmod
                0x100035c0                div_u32u32
                0x100035c0                divmod_u32u32
                0x100035c8                divmod_u32u32_unsafe
                0x100035f0                divmod_u32u32_savestate
 .text.__wrap___aeabi_ldiv
                0x1000360c      0x434 CMakeFiles/pico_rmii_ethernet_httpd.dir/C_/~prj/Dropbox/vsarm/sdk/pico/pico-sdk/src/rp2_common/pico_divider/divider.S.obj
                0x1000360c                div_s64s64
                0x1000360c                divmod_s64s64
                0x1000360c                __wrap___aeabi_ldivmod
                0x10003644                divmod_u64u64
                0x10003644                div_u64u64
                0x10003644                __wrap___aeabi_uldivmod
                0x10003654                divmod_u64u64_savestate
                0x1000367c                divmod_s64s64_unsafe
                0x10003704                divmod_u64u64_unsafe
 .text.__wrap___aeabi_darithmetic
                0x10003a40       0x80 CMakeFiles/pico_rmii_ethernet_httpd.dir/C_/~prj/Dropbox/vsarm/sdk/pico/pico-sdk/src/rp2_common/pico_double/double_aeabi.S.obj
                0x10003a40                __wrap___aeabi_drsub
                0x10003a46                __wrap___aeabi_dsub
                0x10003a58                __wrap___aeabi_dadd
                0x10003a6a                __wrap___aeabi_ddiv
                0x10003aa6                __wrap___aeabi_dmul
 .text.__wrap___aeabi_cdcmple
                0x10003ac0       0x6c CMakeFiles/pico_rmii_ethernet_httpd.dir/C_/~prj/Dropbox/vsarm/sdk/pico/pico-sdk/src/rp2_common/pico_double/double_aeabi.S.obj
                0x10003ac0                __wrap___aeabi_cdrcmple
                0x10003ad0                __wrap___aeabi_cdcmpeq
                0x10003ad0                __wrap___aeabi_cdcmple
 .text.__wrap___aeabi_dcmplt
                0x10003b2c        0xc CMakeFiles/pico_rmii_ethernet_httpd.dir/C_/~prj/Dropbox/vsarm/sdk/pico/pico-sdk/src/rp2_common/pico_double/double_aeabi.S.obj
                0x10003b2c                __wrap___aeabi_dcmplt
 .text.__wrap___aeabi_dcmple
                0x10003b38       0x10 CMakeFiles/pico_rmii_ethernet_httpd.dir/C_/~prj/Dropbox/vsarm/sdk/pico/pico-sdk/src/rp2_common/pico_double/double_aeabi.S.obj
                0x10003b38                __wrap___aeabi_dcmple
 .text.__wrap___aeabi_dcmpge
                0x10003b48       0x10 CMakeFiles/pico_rmii_ethernet_httpd.dir/C_/~prj/Dropbox/vsarm/sdk/pico/pico-sdk/src/rp2_common/pico_double/double_aeabi.S.obj
                0x10003b48                __wrap___aeabi_dcmpge
 .text.__wrap___aeabi_dcmpgt
                0x10003b58        0xa CMakeFiles/pico_rmii_ethernet_httpd.dir/C_/~prj/Dropbox/vsarm/sdk/pico/pico-sdk/src/rp2_common/pico_double/double_aeabi.S.obj
                0x10003b58                __wrap___aeabi_dcmpgt
 .text.__wrap___aeabi_dcmpun
                0x10003b62       0x1c CMakeFiles/pico_rmii_ethernet_httpd.dir/C_/~prj/Dropbox/vsarm/sdk/pico/pico-sdk/src/rp2_common/pico_double/double_aeabi.S.obj
                0x10003b62                __wrap___aeabi_dcmpun
 *fill*         0x10003b7e        0x2 
 .text.__wrap___aeabi_i2d
                0x10003b80       0x38 CMakeFiles/pico_rmii_ethernet_httpd.dir/C_/~prj/Dropbox/vsarm/sdk/pico/pico-sdk/src/rp2_common/pico_double/double_aeabi.S.obj
                0x10003b80                __wrap___aeabi_ui2d
                0x10003b88                __wrap___aeabi_i2d
 .text.__wrap___aeabi_d2iz
                0x10003bb8       0x48 CMakeFiles/pico_rmii_ethernet_httpd.dir/C_/~prj/Dropbox/vsarm/sdk/pico/pico-sdk/src/rp2_common/pico_double/double_aeabi.S.obj
                0x10003bb8                double2int_z
                0x10003bb8                __wrap___aeabi_d2iz
 .text.__wrap___aeabi_d2uiz
                0x10003c00       0x18 CMakeFiles/pico_rmii_ethernet_httpd.dir/C_/~prj/Dropbox/vsarm/sdk/pico/pico-sdk/src/rp2_common/pico_double/double_aeabi.S.obj
                0x10003c00                __wrap___aeabi_d2uiz
                0x10003c00                double2uint
 .text.__aeabi_double_init
                0x10003c18       0x94 CMakeFiles/pico_rmii_ethernet_httpd.dir/C_/~prj/Dropbox/vsarm/sdk/pico/pico-sdk/src/rp2_common/pico_double/double_init_rom.c.obj
                0x10003c18                __aeabi_double_init
 .text.double_table_shim_on_use_helper
                0x10003cac       0x2c CMakeFiles/pico_rmii_ethernet_httpd.dir/C_/~prj/Dropbox/vsarm/sdk/pico/pico-sdk/src/rp2_common/pico_double/double_v1_rom_shim.S.obj
                0x10003cac                double_table_shim_on_use_helper
 .text.__wrap___aeabi_dsub
                0x10003cd8       0x10 CMakeFiles/pico_rmii_ethernet_httpd.dir/C_/~prj/Dropbox/vsarm/sdk/pico/pico-sdk/src/rp2_common/pico_double/double_v1_rom_shim.S.obj
                0x10003cd8                drsub_shim
                0x10003cde                dsub_shim
 .text.dadd_shim
                0x10003ce8      0x15c CMakeFiles/pico_rmii_ethernet_httpd.dir/C_/~prj/Dropbox/vsarm/sdk/pico/pico-sdk/src/rp2_common/pico_double/double_v1_rom_shim.S.obj
                0x10003ce8                dadd_shim
 .text.dmul_shim
                0x10003e44      0x15c CMakeFiles/pico_rmii_ethernet_httpd.dir/C_/~prj/Dropbox/vsarm/sdk/pico/pico-sdk/src/rp2_common/pico_double/double_v1_rom_shim.S.obj
                0x10003e44                dmul_shim
 .text.ddiv_shim
                0x10003fa0      0x1b0 CMakeFiles/pico_rmii_ethernet_httpd.dir/C_/~prj/Dropbox/vsarm/sdk/pico/pico-sdk/src/rp2_common/pico_double/double_v1_rom_shim.S.obj
                0x10003fa0                ddiv_shim
 .text.double2uint_shim
                0x10004150        0xe CMakeFiles/pico_rmii_ethernet_httpd.dir/C_/~prj/Dropbox/vsarm/sdk/pico/pico-sdk/src/rp2_common/pico_double/double_v1_rom_shim.S.obj
                0x10004150                double2uint_shim
                0x10004152                double2ufix_shim
 *fill*         0x1000415e        0x2 
 .text.double2uint64_shim
                0x10004160       0x70 CMakeFiles/pico_rmii_ethernet_httpd.dir/C_/~prj/Dropbox/vsarm/sdk/pico/pico-sdk/src/rp2_common/pico_double/double_v1_rom_shim.S.obj
                0x10004160                double2uint64_shim
                0x10004162                double2ufix64_shim
                0x10004182                d2fix_a
 .text.dunpacks
                0x100041d0       0x3c CMakeFiles/pico_rmii_ethernet_httpd.dir/C_/~prj/Dropbox/vsarm/sdk/pico/pico-sdk/src/rp2_common/pico_double/double_v1_rom_shim.S.obj
                0x100041d0                dunpacks
 .text.__aeabi_lmul
                0x1000420c       0x32 CMakeFiles/pico_rmii_ethernet_httpd.dir/C_/~prj/Dropbox/vsarm/sdk/pico/pico-sdk/src/rp2_common/pico_int64_ops/pico_int64_ops_aeabi.S.obj
                0x1000420c                __wrap___aeabi_lmul
 *fill*         0x1000423e        0x2 
 .text.__aeabi_float_init
                0x10004240       0x64 CMakeFiles/pico_rmii_ethernet_httpd.dir/C_/~prj/Dropbox/vsarm/sdk/pico/pico-sdk/src/rp2_common/pico_float/float_init_rom.c.obj
                0x10004240                __aeabi_float_init
 .text.float_table_shim_on_use_helper
                0x100042a4       0x2c CMakeFiles/pico_rmii_ethernet_httpd.dir/C_/~prj/Dropbox/vsarm/sdk/pico/pico-sdk/src/rp2_common/pico_float/float_v1_rom_shim.S.obj
                0x100042a4                float_table_shim_on_use_helper
 .text          0x100042d0       0x10 CMakeFiles/pico_rmii_ethernet_httpd.dir/C_/~prj/Dropbox/vsarm/sdk/pico/pico-sdk/src/rp2_common/pico_mem_ops/mem_ops_aeabi.S.obj
                0x100042d0                __aeabi_mem_init
 .text.memset   0x100042e0        0xc CMakeFiles/pico_rmii_ethernet_httpd.dir/C_/~prj/Dropbox/vsarm/sdk/pico/pico-sdk/src/rp2_common/pico_mem_ops/mem_ops_aeabi.S.obj
                0x100042e0                __wrap_memset
 .text.memcpy   0x100042ec        0xc CMakeFiles/pico_rmii_ethernet_httpd.dir/C_/~prj/Dropbox/vsarm/sdk/pico/pico-sdk/src/rp2_common/pico_mem_ops/mem_ops_aeabi.S.obj
                0x100042ec                __wrap_memcpy
                0x100042ec                __wrap___aeabi_memcpy
 .text.stdio_out_chars_no_crlf
                0x100042f8       0x10 CMakeFiles/pico_rmii_ethernet_httpd.dir/C_/~prj/Dropbox/vsarm/sdk/pico/pico-sdk/src/rp2_common/pico_stdio/stdio.c.obj
 .text.stdio_out_chars_crlf
                0x10004308       0xb4 CMakeFiles/pico_rmii_ethernet_httpd.dir/C_/~prj/Dropbox/vsarm/sdk/pico/pico-sdk/src/rp2_common/pico_stdio/stdio.c.obj
 .text.stdio_buffered_printer
                0x100043bc       0x64 CMakeFiles/pico_rmii_ethernet_httpd.dir/C_/~prj/Dropbox/vsarm/sdk/pico/pico-sdk/src/rp2_common/pico_stdio/stdio.c.obj
 .text.stdio_put_string.isra.0
                0x10004420       0xfc CMakeFiles/pico_rmii_ethernet_httpd.dir/C_/~prj/Dropbox/vsarm/sdk/pico/pico-sdk/src/rp2_common/pico_stdio/stdio.c.obj
 .text.__wrap_putchar
                0x1000451c       0xa0 CMakeFiles/pico_rmii_ethernet_httpd.dir/C_/~prj/Dropbox/vsarm/sdk/pico/pico-sdk/src/rp2_common/pico_stdio/stdio.c.obj
                0x1000451c                __wrap_putchar
 .text.__wrap_puts
                0x100045bc       0x3c CMakeFiles/pico_rmii_ethernet_httpd.dir/C_/~prj/Dropbox/vsarm/sdk/pico/pico-sdk/src/rp2_common/pico_stdio/stdio.c.obj
                0x100045bc                __wrap_puts
 .text.stdio_set_driver_enabled
                0x100045f8       0x3c CMakeFiles/pico_rmii_ethernet_httpd.dir/C_/~prj/Dropbox/vsarm/sdk/pico/pico-sdk/src/rp2_common/pico_stdio/stdio.c.obj
                0x100045f8                stdio_set_driver_enabled
 .text.__wrap_vprintf
                0x10004634       0xd8 CMakeFiles/pico_rmii_ethernet_httpd.dir/C_/~prj/Dropbox/vsarm/sdk/pico/pico-sdk/src/rp2_common/pico_stdio/stdio.c.obj
                0x10004634                __wrap_vprintf
 .text.__wrap_printf
                0x1000470c       0x18 CMakeFiles/pico_rmii_ethernet_httpd.dir/C_/~prj/Dropbox/vsarm/sdk/pico/pico-sdk/src/rp2_common/pico_stdio/stdio.c.obj
                0x1000470c                __wrap_printf
 .text.stdio_init_all
                0x10004724        0x8 CMakeFiles/pico_rmii_ethernet_httpd.dir/C_/~prj/Dropbox/vsarm/sdk/pico/pico-sdk/src/rp2_common/pico_stdio/stdio.c.obj
                0x10004724                stdio_init_all
 .text.resetd_init
                0x1000472c        0x4 CMakeFiles/pico_rmii_ethernet_httpd.dir/C_/~prj/Dropbox/vsarm/sdk/pico/pico-sdk/src/rp2_common/pico_stdio_usb/reset_interface.c.obj
 .text.resetd_reset
                0x10004730        0xc CMakeFiles/pico_rmii_ethernet_httpd.dir/C_/~prj/Dropbox/vsarm/sdk/pico/pico-sdk/src/rp2_common/pico_stdio_usb/reset_interface.c.obj
 .text.resetd_open
                0x1000473c       0x28 CMakeFiles/pico_rmii_ethernet_httpd.dir/C_/~prj/Dropbox/vsarm/sdk/pico/pico-sdk/src/rp2_common/pico_stdio_usb/reset_interface.c.obj
 .text.resetd_xfer_cb
                0x10004764        0x4 CMakeFiles/pico_rmii_ethernet_httpd.dir/C_/~prj/Dropbox/vsarm/sdk/pico/pico-sdk/src/rp2_common/pico_stdio_usb/reset_interface.c.obj
 .text.resetd_control_xfer_cb
                0x10004768       0x64 CMakeFiles/pico_rmii_ethernet_httpd.dir/C_/~prj/Dropbox/vsarm/sdk/pico/pico-sdk/src/rp2_common/pico_stdio_usb/reset_interface.c.obj
 .text.usbd_app_driver_get_cb
                0x100047cc        0xc CMakeFiles/pico_rmii_ethernet_httpd.dir/C_/~prj/Dropbox/vsarm/sdk/pico/pico-sdk/src/rp2_common/pico_stdio_usb/reset_interface.c.obj
                0x100047cc                usbd_app_driver_get_cb
 .text.tud_cdc_line_coding_cb
                0x100047d8       0x34 CMakeFiles/pico_rmii_ethernet_httpd.dir/C_/~prj/Dropbox/vsarm/sdk/pico/pico-sdk/src/rp2_common/pico_stdio_usb/reset_interface.c.obj
                0x100047d8                tud_cdc_line_coding_cb
 .text.stdio_usb_in_chars
                0x1000480c       0x68 CMakeFiles/pico_rmii_ethernet_httpd.dir/C_/~prj/Dropbox/vsarm/sdk/pico/pico-sdk/src/rp2_common/pico_stdio_usb/stdio_usb.c.obj
                0x1000480c                stdio_usb_in_chars
 .text.stdio_usb_out_chars
                0x10004874       0xe4 CMakeFiles/pico_rmii_ethernet_httpd.dir/C_/~prj/Dropbox/vsarm/sdk/pico/pico-sdk/src/rp2_common/pico_stdio_usb/stdio_usb.c.obj
 .text.timer_task
                0x10004958       0x10 CMakeFiles/pico_rmii_ethernet_httpd.dir/C_/~prj/Dropbox/vsarm/sdk/pico/pico-sdk/src/rp2_common/pico_stdio_usb/stdio_usb.c.obj
 .text.low_priority_worker_irq
                0x10004968       0x24 CMakeFiles/pico_rmii_ethernet_httpd.dir/C_/~prj/Dropbox/vsarm/sdk/pico/pico-sdk/src/rp2_common/pico_stdio_usb/stdio_usb.c.obj
 .text.stdio_usb_init
                0x1000498c       0x90 CMakeFiles/pico_rmii_ethernet_httpd.dir/C_/~prj/Dropbox/vsarm/sdk/pico/pico-sdk/src/rp2_common/pico_stdio_usb/stdio_usb.c.obj
                0x1000498c                stdio_usb_init
 .text.tud_descriptor_device_cb
                0x10004a1c        0x8 CMakeFiles/pico_rmii_ethernet_httpd.dir/C_/~prj/Dropbox/vsarm/sdk/pico/pico-sdk/src/rp2_common/pico_stdio_usb/stdio_usb_descriptors.c.obj
                0x10004a1c                tud_descriptor_device_cb
 .text.tud_descriptor_configuration_cb
                0x10004a24        0x8 CMakeFiles/pico_rmii_ethernet_httpd.dir/C_/~prj/Dropbox/vsarm/sdk/pico/pico-sdk/src/rp2_common/pico_stdio_usb/stdio_usb_descriptors.c.obj
                0x10004a24                tud_descriptor_configuration_cb
 .text.tud_descriptor_string_cb
                0x10004a2c       0x74 CMakeFiles/pico_rmii_ethernet_httpd.dir/C_/~prj/Dropbox/vsarm/sdk/pico/pico-sdk/src/rp2_common/pico_stdio_usb/stdio_usb_descriptors.c.obj
                0x10004a2c                tud_descriptor_string_cb
 .text.dcd_rp2040_irq
                0x10004aa0      0x21c CMakeFiles/pico_rmii_ethernet_httpd.dir/C_/~prj/Dropbox/vsarm/sdk/pico/pico-sdk/lib/tinyusb/src/portable/raspberrypi/rp2040/dcd_rp2040.c.obj
 .text.dcd_int_enable
                0x10004cbc        0xc CMakeFiles/pico_rmii_ethernet_httpd.dir/C_/~prj/Dropbox/vsarm/sdk/pico/pico-sdk/lib/tinyusb/src/portable/raspberrypi/rp2040/dcd_rp2040.c.obj
                0x10004cbc                dcd_int_enable
 .text.dcd_set_address
                0x10004cc8       0x14 CMakeFiles/pico_rmii_ethernet_httpd.dir/C_/~prj/Dropbox/vsarm/sdk/pico/pico-sdk/lib/tinyusb/src/portable/raspberrypi/rp2040/dcd_rp2040.c.obj
                0x10004cc8                dcd_set_address
 .text.dcd_connect
                0x10004cdc       0x10 CMakeFiles/pico_rmii_ethernet_httpd.dir/C_/~prj/Dropbox/vsarm/sdk/pico/pico-sdk/lib/tinyusb/src/portable/raspberrypi/rp2040/dcd_rp2040.c.obj
                0x10004cdc                dcd_connect
 .text.dcd_init
                0x10004cec      0x144 CMakeFiles/pico_rmii_ethernet_httpd.dir/C_/~prj/Dropbox/vsarm/sdk/pico/pico-sdk/lib/tinyusb/src/portable/raspberrypi/rp2040/dcd_rp2040.c.obj
                0x10004cec                dcd_init
 .text.dcd_edpt0_status_complete
                0x10004e30       0x1c CMakeFiles/pico_rmii_ethernet_httpd.dir/C_/~prj/Dropbox/vsarm/sdk/pico/pico-sdk/lib/tinyusb/src/portable/raspberrypi/rp2040/dcd_rp2040.c.obj
                0x10004e30                dcd_edpt0_status_complete
 .text.dcd_edpt_open
                0x10004e4c       0xf0 CMakeFiles/pico_rmii_ethernet_httpd.dir/C_/~prj/Dropbox/vsarm/sdk/pico/pico-sdk/lib/tinyusb/src/portable/raspberrypi/rp2040/dcd_rp2040.c.obj
                0x10004e4c                dcd_edpt_open
 .text.dcd_edpt_close_all
                0x10004f3c       0xbc CMakeFiles/pico_rmii_ethernet_httpd.dir/C_/~prj/Dropbox/vsarm/sdk/pico/pico-sdk/lib/tinyusb/src/portable/raspberrypi/rp2040/dcd_rp2040.c.obj
                0x10004f3c                dcd_edpt_close_all
 .text.dcd_edpt_xfer
                0x10004ff8       0x24 CMakeFiles/pico_rmii_ethernet_httpd.dir/C_/~prj/Dropbox/vsarm/sdk/pico/pico-sdk/lib/tinyusb/src/portable/raspberrypi/rp2040/dcd_rp2040.c.obj
                0x10004ff8                dcd_edpt_xfer
 .text.dcd_edpt_stall
                0x1000501c       0x38 CMakeFiles/pico_rmii_ethernet_httpd.dir/C_/~prj/Dropbox/vsarm/sdk/pico/pico-sdk/lib/tinyusb/src/portable/raspberrypi/rp2040/dcd_rp2040.c.obj
                0x1000501c                dcd_edpt_stall
 .text.dcd_edpt_clear_stall
                0x10005054       0x30 CMakeFiles/pico_rmii_ethernet_httpd.dir/C_/~prj/Dropbox/vsarm/sdk/pico/pico-sdk/lib/tinyusb/src/portable/raspberrypi/rp2040/dcd_rp2040.c.obj
                0x10005054                dcd_edpt_clear_stall
 .text._hw_endpoint_buffer_control_update32.part.0.isra.0
                0x10005084       0x1c CMakeFiles/pico_rmii_ethernet_httpd.dir/C_/~prj/Dropbox/vsarm/sdk/pico/pico-sdk/lib/tinyusb/src/portable/raspberrypi/rp2040/rp2040_usb.c.obj
 .text.rp2040_usb_init
                0x100050a0       0x4c CMakeFiles/pico_rmii_ethernet_httpd.dir/C_/~prj/Dropbox/vsarm/sdk/pico/pico-sdk/lib/tinyusb/src/portable/raspberrypi/rp2040/rp2040_usb.c.obj
                0x100050a0                rp2040_usb_init
 .text.hw_endpoint_reset_transfer
                0x100050ec        0xc CMakeFiles/pico_rmii_ethernet_httpd.dir/C_/~prj/Dropbox/vsarm/sdk/pico/pico-sdk/lib/tinyusb/src/portable/raspberrypi/rp2040/rp2040_usb.c.obj
                0x100050ec                hw_endpoint_reset_transfer
 .text._hw_endpoint_buffer_control_update32
                0x100050f8       0x44 CMakeFiles/pico_rmii_ethernet_httpd.dir/C_/~prj/Dropbox/vsarm/sdk/pico/pico-sdk/lib/tinyusb/src/portable/raspberrypi/rp2040/rp2040_usb.c.obj
                0x100050f8                _hw_endpoint_buffer_control_update32
 .text.hw_endpoint_xfer_start
                0x1000513c      0x138 CMakeFiles/pico_rmii_ethernet_httpd.dir/C_/~prj/Dropbox/vsarm/sdk/pico/pico-sdk/lib/tinyusb/src/portable/raspberrypi/rp2040/rp2040_usb.c.obj
                0x1000513c                hw_endpoint_xfer_start
 .text.hw_endpoint_xfer_continue
                0x10005274      0x1e4 CMakeFiles/pico_rmii_ethernet_httpd.dir/C_/~prj/Dropbox/vsarm/sdk/pico/pico-sdk/lib/tinyusb/src/portable/raspberrypi/rp2040/rp2040_usb.c.obj
                0x10005274                hw_endpoint_xfer_continue
 .text.tud_mounted
                0x10005458       0x10 CMakeFiles/pico_rmii_ethernet_httpd.dir/C_/~prj/Dropbox/vsarm/sdk/pico/pico-sdk/lib/tinyusb/src/device/usbd.c.obj
                0x10005458                tud_mounted
 .text.tud_suspended
                0x10005468       0x10 CMakeFiles/pico_rmii_ethernet_httpd.dir/C_/~prj/Dropbox/vsarm/sdk/pico/pico-sdk/lib/tinyusb/src/device/usbd.c.obj
                0x10005468                tud_suspended
 .text.tud_inited
                0x10005478        0xc CMakeFiles/pico_rmii_ethernet_httpd.dir/C_/~prj/Dropbox/vsarm/sdk/pico/pico-sdk/lib/tinyusb/src/device/usbd.c.obj
                0x10005478                tud_inited
 .text.tud_init
                0x10005484       0xd8 CMakeFiles/pico_rmii_ethernet_httpd.dir/C_/~prj/Dropbox/vsarm/sdk/pico/pico-sdk/lib/tinyusb/src/device/usbd.c.obj
                0x10005484                tud_init
 .text.tud_task
                0x1000555c      0x8ec CMakeFiles/pico_rmii_ethernet_httpd.dir/C_/~prj/Dropbox/vsarm/sdk/pico/pico-sdk/lib/tinyusb/src/device/usbd.c.obj
                0x1000555c                tud_task
 .text.dcd_event_bus_signal
                0x10005e48      0x120 CMakeFiles/pico_rmii_ethernet_httpd.dir/C_/~prj/Dropbox/vsarm/sdk/pico/pico-sdk/lib/tinyusb/src/device/usbd.c.obj
                0x10005e48                dcd_event_bus_signal
 .text.dcd_event_bus_reset
                0x10005f68       0x54 CMakeFiles/pico_rmii_ethernet_httpd.dir/C_/~prj/Dropbox/vsarm/sdk/pico/pico-sdk/lib/tinyusb/src/device/usbd.c.obj
                0x10005f68                dcd_event_bus_reset
 .text.dcd_event_setup_received
                0x10005fbc       0x50 CMakeFiles/pico_rmii_ethernet_httpd.dir/C_/~prj/Dropbox/vsarm/sdk/pico/pico-sdk/lib/tinyusb/src/device/usbd.c.obj
                0x10005fbc                dcd_event_setup_received
 .text.dcd_event_xfer_complete
                0x1000600c       0x68 CMakeFiles/pico_rmii_ethernet_httpd.dir/C_/~prj/Dropbox/vsarm/sdk/pico/pico-sdk/lib/tinyusb/src/device/usbd.c.obj
                0x1000600c                dcd_event_xfer_complete
 .text.usbd_open_edpt_pair
                0x10006074       0x80 CMakeFiles/pico_rmii_ethernet_httpd.dir/C_/~prj/Dropbox/vsarm/sdk/pico/pico-sdk/lib/tinyusb/src/device/usbd.c.obj
                0x10006074                usbd_open_edpt_pair
 .text.usbd_edpt_open
                0x100060f4       0x30 CMakeFiles/pico_rmii_ethernet_httpd.dir/C_/~prj/Dropbox/vsarm/sdk/pico/pico-sdk/lib/tinyusb/src/device/usbd.c.obj
                0x100060f4                usbd_edpt_open
 .text.usbd_edpt_claim
                0x10006124       0x64 CMakeFiles/pico_rmii_ethernet_httpd.dir/C_/~prj/Dropbox/vsarm/sdk/pico/pico-sdk/lib/tinyusb/src/device/usbd.c.obj
                0x10006124                usbd_edpt_claim
 .text.usbd_edpt_release
                0x10006188       0x4c CMakeFiles/pico_rmii_ethernet_httpd.dir/C_/~prj/Dropbox/vsarm/sdk/pico/pico-sdk/lib/tinyusb/src/device/usbd.c.obj
                0x10006188                usbd_edpt_release
 .text.usbd_edpt_xfer
                0x100061d4       0x48 CMakeFiles/pico_rmii_ethernet_httpd.dir/C_/~prj/Dropbox/vsarm/sdk/pico/pico-sdk/lib/tinyusb/src/device/usbd.c.obj
                0x100061d4                usbd_edpt_xfer
 .text.tud_control_status
                0x1000621c       0x30 CMakeFiles/pico_rmii_ethernet_httpd.dir/C_/~prj/Dropbox/vsarm/sdk/pico/pico-sdk/lib/tinyusb/src/device/usbd_control.c.obj
                0x1000621c                tud_control_status
 .text.tud_control_xfer
                0x1000624c       0xbc CMakeFiles/pico_rmii_ethernet_httpd.dir/C_/~prj/Dropbox/vsarm/sdk/pico/pico-sdk/lib/tinyusb/src/device/usbd_control.c.obj
                0x1000624c                tud_control_xfer
 .text.usbd_control_reset
                0x10006308       0x14 CMakeFiles/pico_rmii_ethernet_httpd.dir/C_/~prj/Dropbox/vsarm/sdk/pico/pico-sdk/lib/tinyusb/src/device/usbd_control.c.obj
                0x10006308                usbd_control_reset
 .text.usbd_control_set_complete_callback
                0x1000631c        0xc CMakeFiles/pico_rmii_ethernet_httpd.dir/C_/~prj/Dropbox/vsarm/sdk/pico/pico-sdk/lib/tinyusb/src/device/usbd_control.c.obj
                0x1000631c                usbd_control_set_complete_callback
 .text.usbd_control_set_request
                0x10006328       0x1c CMakeFiles/pico_rmii_ethernet_httpd.dir/C_/~prj/Dropbox/vsarm/sdk/pico/pico-sdk/lib/tinyusb/src/device/usbd_control.c.obj
                0x10006328                usbd_control_set_request
 .text.usbd_control_xfer_cb
                0x10006344       0xfc CMakeFiles/pico_rmii_ethernet_httpd.dir/C_/~prj/Dropbox/vsarm/sdk/pico/pico-sdk/lib/tinyusb/src/device/usbd_control.c.obj
                0x10006344                usbd_control_xfer_cb
 .text.tud_cdc_n_connected
                0x10006440       0x30 CMakeFiles/pico_rmii_ethernet_httpd.dir/C_/~prj/Dropbox/vsarm/sdk/pico/pico-sdk/lib/tinyusb/src/class/cdc/cdc_device.c.obj
                0x10006440                tud_cdc_n_connected
 .text.tud_cdc_n_available
                0x10006470       0x18 CMakeFiles/pico_rmii_ethernet_httpd.dir/C_/~prj/Dropbox/vsarm/sdk/pico/pico-sdk/lib/tinyusb/src/class/cdc/cdc_device.c.obj
                0x10006470                tud_cdc_n_available
 .text.tud_cdc_n_read
                0x10006488       0x70 CMakeFiles/pico_rmii_ethernet_httpd.dir/C_/~prj/Dropbox/vsarm/sdk/pico/pico-sdk/lib/tinyusb/src/class/cdc/cdc_device.c.obj
                0x10006488                tud_cdc_n_read
 .text.tud_cdc_n_write_flush
                0x100064f8       0x78 CMakeFiles/pico_rmii_ethernet_httpd.dir/C_/~prj/Dropbox/vsarm/sdk/pico/pico-sdk/lib/tinyusb/src/class/cdc/cdc_device.c.obj
                0x100064f8                tud_cdc_n_write_flush
 .text.tud_cdc_n_write
                0x10006570       0x34 CMakeFiles/pico_rmii_ethernet_httpd.dir/C_/~prj/Dropbox/vsarm/sdk/pico/pico-sdk/lib/tinyusb/src/class/cdc/cdc_device.c.obj
                0x10006570                tud_cdc_n_write
 .text.tud_cdc_n_write_available
                0x100065a4       0x18 CMakeFiles/pico_rmii_ethernet_httpd.dir/C_/~prj/Dropbox/vsarm/sdk/pico/pico-sdk/lib/tinyusb/src/class/cdc/cdc_device.c.obj
                0x100065a4                tud_cdc_n_write_available
 .text.cdcd_init
                0x100065bc       0x7c CMakeFiles/pico_rmii_ethernet_httpd.dir/C_/~prj/Dropbox/vsarm/sdk/pico/pico-sdk/lib/tinyusb/src/class/cdc/cdc_device.c.obj
                0x100065bc                cdcd_init
 .text.cdcd_reset
                0x10006638       0x2c CMakeFiles/pico_rmii_ethernet_httpd.dir/C_/~prj/Dropbox/vsarm/sdk/pico/pico-sdk/lib/tinyusb/src/class/cdc/cdc_device.c.obj
                0x10006638                cdcd_reset
 .text.cdcd_open
                0x10006664       0xe4 CMakeFiles/pico_rmii_ethernet_httpd.dir/C_/~prj/Dropbox/vsarm/sdk/pico/pico-sdk/lib/tinyusb/src/class/cdc/cdc_device.c.obj
                0x10006664                cdcd_open
 .text.cdcd_control_xfer_cb
                0x10006748       0xe4 CMakeFiles/pico_rmii_ethernet_httpd.dir/C_/~prj/Dropbox/vsarm/sdk/pico/pico-sdk/lib/tinyusb/src/class/cdc/cdc_device.c.obj
                0x10006748                cdcd_control_xfer_cb
 .text.cdcd_xfer_cb
                0x1000682c      0x148 CMakeFiles/pico_rmii_ethernet_httpd.dir/C_/~prj/Dropbox/vsarm/sdk/pico/pico-sdk/lib/tinyusb/src/class/cdc/cdc_device.c.obj
                0x1000682c                cdcd_xfer_cb
 .text.tusb_init
                0x10006974        0xc CMakeFiles/pico_rmii_ethernet_httpd.dir/C_/~prj/Dropbox/vsarm/sdk/pico/pico-sdk/lib/tinyusb/src/tusb.c.obj
                0x10006974                tusb_init
 .text.tusb_inited
                0x10006980        0x8 CMakeFiles/pico_rmii_ethernet_httpd.dir/C_/~prj/Dropbox/vsarm/sdk/pico/pico-sdk/lib/tinyusb/src/tusb.c.obj
                0x10006980                tusb_inited
 .text.tu_edpt_validate
                0x10006988       0x78 CMakeFiles/pico_rmii_ethernet_httpd.dir/C_/~prj/Dropbox/vsarm/sdk/pico/pico-sdk/lib/tinyusb/src/tusb.c.obj
                0x10006988                tu_edpt_validate
 .text.tu_edpt_bind_driver
                0x10006a00       0x2c CMakeFiles/pico_rmii_ethernet_httpd.dir/C_/~prj/Dropbox/vsarm/sdk/pico/pico-sdk/lib/tinyusb/src/tusb.c.obj
                0x10006a00                tu_edpt_bind_driver
 .text.tu_fifo_config
                0x10006a2c       0x78 CMakeFiles/pico_rmii_ethernet_httpd.dir/C_/~prj/Dropbox/vsarm/sdk/pico/pico-sdk/lib/tinyusb/src/common/tusb_fifo.c.obj
                0x10006a2c                tu_fifo_config
 .text.tu_fifo_count
                0x10006aa4       0x20 CMakeFiles/pico_rmii_ethernet_httpd.dir/C_/~prj/Dropbox/vsarm/sdk/pico/pico-sdk/lib/tinyusb/src/common/tusb_fifo.c.obj
                0x10006aa4                tu_fifo_count
 .text.tu_fifo_empty
                0x10006ac4       0x10 CMakeFiles/pico_rmii_ethernet_httpd.dir/C_/~prj/Dropbox/vsarm/sdk/pico/pico-sdk/lib/tinyusb/src/common/tusb_fifo.c.obj
                0x10006ac4                tu_fifo_empty
 .text.tu_fifo_remaining
                0x10006ad4       0x1c CMakeFiles/pico_rmii_ethernet_httpd.dir/C_/~prj/Dropbox/vsarm/sdk/pico/pico-sdk/lib/tinyusb/src/common/tusb_fifo.c.obj
                0x10006ad4                tu_fifo_remaining
 .text.tu_fifo_read
                0x10006af0       0x9c CMakeFiles/pico_rmii_ethernet_httpd.dir/C_/~prj/Dropbox/vsarm/sdk/pico/pico-sdk/lib/tinyusb/src/common/tusb_fifo.c.obj
                0x10006af0                tu_fifo_read
 .text.tu_fifo_read_n
                0x10006b8c      0x100 CMakeFiles/pico_rmii_ethernet_httpd.dir/C_/~prj/Dropbox/vsarm/sdk/pico/pico-sdk/lib/tinyusb/src/common/tusb_fifo.c.obj
                0x10006b8c                tu_fifo_read_n
 .text.tu_fifo_write
                0x10006c8c       0x7c CMakeFiles/pico_rmii_ethernet_httpd.dir/C_/~prj/Dropbox/vsarm/sdk/pico/pico-sdk/lib/tinyusb/src/common/tusb_fifo.c.obj
                0x10006c8c                tu_fifo_write
 .text.tu_fifo_write_n
                0x10006d08      0x100 CMakeFiles/pico_rmii_ethernet_httpd.dir/C_/~prj/Dropbox/vsarm/sdk/pico/pico-sdk/lib/tinyusb/src/common/tusb_fifo.c.obj
                0x10006d08                tu_fifo_write_n
 .text.tu_fifo_clear
                0x10006e08       0x4c CMakeFiles/pico_rmii_ethernet_httpd.dir/C_/~prj/Dropbox/vsarm/sdk/pico/pico-sdk/lib/tinyusb/src/common/tusb_fifo.c.obj
                0x10006e08                tu_fifo_clear
 .text.tu_fifo_set_overwritable
                0x10006e54       0x3c CMakeFiles/pico_rmii_ethernet_httpd.dir/C_/~prj/Dropbox/vsarm/sdk/pico/pico-sdk/lib/tinyusb/src/common/tusb_fifo.c.obj
                0x10006e54                tu_fifo_set_overwritable
 .text.startup._retrieve_unique_id_on_boot
                0x10006e90       0x10 CMakeFiles/pico_rmii_ethernet_httpd.dir/C_/~prj/Dropbox/vsarm/sdk/pico/pico-sdk/src/rp2_common/pico_unique_id/unique_id.c.obj
 .text.pico_get_unique_board_id
                0x10006ea0       0x10 CMakeFiles/pico_rmii_ethernet_httpd.dir/C_/~prj/Dropbox/vsarm/sdk/pico/pico-sdk/src/rp2_common/pico_unique_id/unique_id.c.obj
                0x10006ea0                pico_get_unique_board_id
 .text.pico_get_unique_board_id_string
                0x10006eb0      0x1a8 CMakeFiles/pico_rmii_ethernet_httpd.dir/C_/~prj/Dropbox/vsarm/sdk/pico/pico-sdk/src/rp2_common/pico_unique_id/unique_id.c.obj
                0x10006eb0                pico_get_unique_board_id_string
 .text.flash_get_unique_id
                0x10007058       0x40 CMakeFiles/pico_rmii_ethernet_httpd.dir/C_/~prj/Dropbox/vsarm/sdk/pico/pico-sdk/src/rp2_common/hardware_flash/flash.c.obj
                0x10007058                flash_get_unique_id
 .text.core1_trampoline
                0x10007098        0x4 CMakeFiles/pico_rmii_ethernet_httpd.dir/C_/~prj/Dropbox/vsarm/sdk/pico/pico-sdk/src/rp2_common/pico_multicore/multicore.c.obj
 .text.core1_wrapper
                0x1000709c        0xc CMakeFiles/pico_rmii_ethernet_httpd.dir/C_/~prj/Dropbox/vsarm/sdk/pico/pico-sdk/src/rp2_common/pico_multicore/multicore.c.obj
                0x1000709c                core1_wrapper
 .text.multicore_launch_core1_raw
                0x100070a8       0x84 CMakeFiles/pico_rmii_ethernet_httpd.dir/C_/~prj/Dropbox/vsarm/sdk/pico/pico-sdk/src/rp2_common/pico_multicore/multicore.c.obj
                0x100070a8                multicore_launch_core1_raw
 .text.multicore_launch_core1
                0x1000712c       0x4c CMakeFiles/pico_rmii_ethernet_httpd.dir/C_/~prj/Dropbox/vsarm/sdk/pico/pico-sdk/src/rp2_common/pico_multicore/multicore.c.obj
                0x1000712c                multicore_launch_core1
 .text.netif_rmii_ethernet_output
                0x10007178      0x21c CMakeFiles/pico_rmii_ethernet_httpd.dir/__/__/src/rmii_ethernet.c.obj
 .text.netif_rmii_ethernet_rx_dv_falling_callback
                0x10007394       0x50 CMakeFiles/pico_rmii_ethernet_httpd.dir/__/__/src/rmii_ethernet.c.obj
 .text.netif_rmii_ethernet_mdio_read
                0x100073e4      0x24c CMakeFiles/pico_rmii_ethernet_httpd.dir/__/__/src/rmii_ethernet.c.obj
 .text.netif_rmii_ethernet_mdio_write
                0x10007630      0x240 CMakeFiles/pico_rmii_ethernet_httpd.dir/__/__/src/rmii_ethernet.c.obj
                0x10007630                netif_rmii_ethernet_mdio_write
 .text.netif_rmii_ethernet_low_init
                0x10007870      0x200 CMakeFiles/pico_rmii_ethernet_httpd.dir/__/__/src/rmii_ethernet.c.obj
 .text.netif_rmii_ethernet_init
                0x10007a70       0x48 CMakeFiles/pico_rmii_ethernet_httpd.dir/__/__/src/rmii_ethernet.c.obj
                0x10007a70                netif_rmii_ethernet_init
 .text.netif_rmii_ethernet_poll
                0x10007ab8      0x280 CMakeFiles/pico_rmii_ethernet_httpd.dir/__/__/src/rmii_ethernet.c.obj
                0x10007ab8                netif_rmii_ethernet_poll
 .text.netif_rmii_ethernet_loop
                0x10007d38        0x8 CMakeFiles/pico_rmii_ethernet_httpd.dir/__/__/src/rmii_ethernet.c.obj
                0x10007d38                netif_rmii_ethernet_loop
 .text.pio_add_program
                0x10007d40       0xc8 CMakeFiles/pico_rmii_ethernet_httpd.dir/C_/~prj/Dropbox/vsarm/sdk/pico/pico-sdk/src/rp2_common/hardware_pio/pio.c.obj
                0x10007d40                pio_add_program
 .text.pio_sm_set_consecutive_pindirs
                0x10007e08       0x84 CMakeFiles/pico_rmii_ethernet_httpd.dir/C_/~prj/Dropbox/vsarm/sdk/pico/pico-sdk/src/rp2_common/hardware_pio/pio.c.obj
                0x10007e08                pio_sm_set_consecutive_pindirs
 .text.pio_sm_init
                0x10007e8c       0x90 CMakeFiles/pico_rmii_ethernet_httpd.dir/C_/~prj/Dropbox/vsarm/sdk/pico/pico-sdk/src/rp2_common/hardware_pio/pio.c.obj
                0x10007e8c                pio_sm_init
 .text.dma_claim_unused_channel
                0x10007f1c       0x20 CMakeFiles/pico_rmii_ethernet_httpd.dir/C_/~prj/Dropbox/vsarm/sdk/pico/pico-sdk/src/rp2_common/hardware_dma/dma.c.obj
                0x10007f1c                dma_claim_unused_channel
 .text.lwip_htons
                0x10007f3c        0x8 CMakeFiles/pico_rmii_ethernet_httpd.dir/__/__/lib/lwip/src/core/def.c.obj
                0x10007f3c                lwip_htons
 .text.lwip_htonl
                0x10007f44        0x4 CMakeFiles/pico_rmii_ethernet_httpd.dir/__/__/lib/lwip/src/core/def.c.obj
                0x10007f44                lwip_htonl
 .text.lwip_strnstr
                0x10007f48       0x5c CMakeFiles/pico_rmii_ethernet_httpd.dir/__/__/lib/lwip/src/core/def.c.obj
                0x10007f48                lwip_strnstr
 .text.lwip_standard_chksum
                0x10007fa4       0x80 CMakeFiles/pico_rmii_ethernet_httpd.dir/__/__/lib/lwip/src/core/inet_chksum.c.obj
                0x10007fa4                lwip_standard_chksum
 .text.inet_chksum_pseudo
                0x10008024       0xb4 CMakeFiles/pico_rmii_ethernet_httpd.dir/__/__/lib/lwip/src/core/inet_chksum.c.obj
                0x10008024                inet_chksum_pseudo
 .text.ip_chksum_pseudo
                0x100080d8       0x10 CMakeFiles/pico_rmii_ethernet_httpd.dir/__/__/lib/lwip/src/core/inet_chksum.c.obj
                0x100080d8                ip_chksum_pseudo
 .text.inet_chksum
                0x100080e8       0x8c CMakeFiles/pico_rmii_ethernet_httpd.dir/__/__/lib/lwip/src/core/inet_chksum.c.obj
                0x100080e8                inet_chksum
 .text.inet_chksum_pbuf
                0x10008174       0x6c CMakeFiles/pico_rmii_ethernet_httpd.dir/__/__/lib/lwip/src/core/inet_chksum.c.obj
                0x10008174                inet_chksum_pbuf
 .text.lwip_init
                0x100081e0       0x20 CMakeFiles/pico_rmii_ethernet_httpd.dir/__/__/lib/lwip/src/core/init.c.obj
                0x100081e0                lwip_init
 .text.mem_init
                0x10008200       0x48 CMakeFiles/pico_rmii_ethernet_httpd.dir/__/__/lib/lwip/src/core/mem.c.obj
                0x10008200                mem_init
 .text.mem_free
                0x10008248      0x128 CMakeFiles/pico_rmii_ethernet_httpd.dir/__/__/lib/lwip/src/core/mem.c.obj
                0x10008248                mem_free
 .text.mem_trim
                0x10008370      0x144 CMakeFiles/pico_rmii_ethernet_httpd.dir/__/__/lib/lwip/src/core/mem.c.obj
                0x10008370                mem_trim
 .text.mem_malloc
                0x100084b4      0x130 CMakeFiles/pico_rmii_ethernet_httpd.dir/__/__/lib/lwip/src/core/mem.c.obj
                0x100084b4                mem_malloc
 .text.memp_init
                0x100085e4       0x94 CMakeFiles/pico_rmii_ethernet_httpd.dir/__/__/lib/lwip/src/core/memp.c.obj
                0x100085e4                memp_init
 .text.memp_malloc
                0x10008678       0x4c CMakeFiles/pico_rmii_ethernet_httpd.dir/__/__/lib/lwip/src/core/memp.c.obj
                0x10008678                memp_malloc
 .text.memp_free
                0x100086c4       0x30 CMakeFiles/pico_rmii_ethernet_httpd.dir/__/__/lib/lwip/src/core/memp.c.obj
                0x100086c4                memp_free
 .text.netif_null_output_ip4
                0x100086f4        0x8 CMakeFiles/pico_rmii_ethernet_httpd.dir/__/__/lib/lwip/src/core/netif.c.obj
 .text.netif_init
                0x100086fc        0x4 CMakeFiles/pico_rmii_ethernet_httpd.dir/__/__/lib/lwip/src/core/netif.c.obj
                0x100086fc                netif_init
 .text.netif_input
                0x10008700       0x18 CMakeFiles/pico_rmii_ethernet_httpd.dir/__/__/lib/lwip/src/core/netif.c.obj
                0x10008700                netif_input
 .text.netif_set_addr
                0x10008718       0xcc CMakeFiles/pico_rmii_ethernet_httpd.dir/__/__/lib/lwip/src/core/netif.c.obj
                0x10008718                netif_set_addr
 .text.netif_add
                0x100087e4       0xfc CMakeFiles/pico_rmii_ethernet_httpd.dir/__/__/lib/lwip/src/core/netif.c.obj
                0x100087e4                netif_add
 .text.netif_set_default
                0x100088e0        0xc CMakeFiles/pico_rmii_ethernet_httpd.dir/__/__/lib/lwip/src/core/netif.c.obj
                0x100088e0                netif_set_default
 .text.netif_set_up
                0x100088ec       0x20 CMakeFiles/pico_rmii_ethernet_httpd.dir/__/__/lib/lwip/src/core/netif.c.obj
                0x100088ec                netif_set_up
 .text.netif_set_status_callback
                0x1000890c        0x8 CMakeFiles/pico_rmii_ethernet_httpd.dir/__/__/lib/lwip/src/core/netif.c.obj
                0x1000890c                netif_set_status_callback
 .text.netif_set_link_up
                0x10008914       0x28 CMakeFiles/pico_rmii_ethernet_httpd.dir/__/__/lib/lwip/src/core/netif.c.obj
                0x10008914                netif_set_link_up
 .text.netif_set_link_down
                0x1000893c       0x28 CMakeFiles/pico_rmii_ethernet_httpd.dir/__/__/lib/lwip/src/core/netif.c.obj
                0x1000893c                netif_set_link_down
 .text.netif_set_link_callback
                0x10008964        0x8 CMakeFiles/pico_rmii_ethernet_httpd.dir/__/__/lib/lwip/src/core/netif.c.obj
                0x10008964                netif_set_link_callback
 .text.netif_get_by_index
                0x1000896c       0x2c CMakeFiles/pico_rmii_ethernet_httpd.dir/__/__/lib/lwip/src/core/netif.c.obj
                0x1000896c                netif_get_by_index
 .text.pbuf_free.part.0
                0x10008998       0x80 CMakeFiles/pico_rmii_ethernet_httpd.dir/__/__/lib/lwip/src/core/pbuf.c.obj
 .text.pbuf_free_ooseq
                0x10008a18       0x34 CMakeFiles/pico_rmii_ethernet_httpd.dir/__/__/lib/lwip/src/core/pbuf.c.obj
                0x10008a18                pbuf_free_ooseq
 .text.pbuf_alloc
                0x10008a4c      0x12c CMakeFiles/pico_rmii_ethernet_httpd.dir/__/__/lib/lwip/src/core/pbuf.c.obj
                0x10008a4c                pbuf_alloc
 .text.pbuf_alloced_custom
                0x10008b78       0x38 CMakeFiles/pico_rmii_ethernet_httpd.dir/__/__/lib/lwip/src/core/pbuf.c.obj
                0x10008b78                pbuf_alloced_custom
 .text.pbuf_realloc
                0x10008bb0       0x70 CMakeFiles/pico_rmii_ethernet_httpd.dir/__/__/lib/lwip/src/core/pbuf.c.obj
                0x10008bb0                pbuf_realloc
 .text.pbuf_add_header
                0x10008c20       0x4c CMakeFiles/pico_rmii_ethernet_httpd.dir/__/__/lib/lwip/src/core/pbuf.c.obj
                0x10008c20                pbuf_add_header
 .text.pbuf_remove_header
                0x10008c6c       0x38 CMakeFiles/pico_rmii_ethernet_httpd.dir/__/__/lib/lwip/src/core/pbuf.c.obj
                0x10008c6c                pbuf_remove_header
 .text.pbuf_header_force
                0x10008ca4       0x6c CMakeFiles/pico_rmii_ethernet_httpd.dir/__/__/lib/lwip/src/core/pbuf.c.obj
                0x10008ca4                pbuf_header_force
 .text.pbuf_free
                0x10008d10       0x10 CMakeFiles/pico_rmii_ethernet_httpd.dir/__/__/lib/lwip/src/core/pbuf.c.obj
                0x10008d10                pbuf_free
 .text.pbuf_clen
                0x10008d20       0x14 CMakeFiles/pico_rmii_ethernet_httpd.dir/__/__/lib/lwip/src/core/pbuf.c.obj
                0x10008d20                pbuf_clen
 .text.pbuf_ref
                0x10008d34       0x18 CMakeFiles/pico_rmii_ethernet_httpd.dir/__/__/lib/lwip/src/core/pbuf.c.obj
                0x10008d34                pbuf_ref
 .text.pbuf_cat
                0x10008d4c       0x2c CMakeFiles/pico_rmii_ethernet_httpd.dir/__/__/lib/lwip/src/core/pbuf.c.obj
                0x10008d4c                pbuf_cat
 .text.pbuf_chain
                0x10008d78       0x44 CMakeFiles/pico_rmii_ethernet_httpd.dir/__/__/lib/lwip/src/core/pbuf.c.obj
                0x10008d78                pbuf_chain
 .text.pbuf_copy_partial_pbuf
                0x10008dbc      0x11c CMakeFiles/pico_rmii_ethernet_httpd.dir/__/__/lib/lwip/src/core/pbuf.c.obj
                0x10008dbc                pbuf_copy_partial_pbuf
 .text.pbuf_copy
                0x10008ed8       0x18 CMakeFiles/pico_rmii_ethernet_httpd.dir/__/__/lib/lwip/src/core/pbuf.c.obj
                0x10008ed8                pbuf_copy
 .text.pbuf_copy_partial
                0x10008ef0       0x70 CMakeFiles/pico_rmii_ethernet_httpd.dir/__/__/lib/lwip/src/core/pbuf.c.obj
                0x10008ef0                pbuf_copy_partial
 .text.pbuf_take
                0x10008f60       0x54 CMakeFiles/pico_rmii_ethernet_httpd.dir/__/__/lib/lwip/src/core/pbuf.c.obj
                0x10008f60                pbuf_take
 .text.pbuf_clone
                0x10008fb4       0x20 CMakeFiles/pico_rmii_ethernet_httpd.dir/__/__/lib/lwip/src/core/pbuf.c.obj
                0x10008fb4                pbuf_clone
 .text.raw_input
                0x10008fd4      0x12c CMakeFiles/pico_rmii_ethernet_httpd.dir/__/__/lib/lwip/src/core/raw.c.obj
                0x10008fd4                raw_input
 .text.raw_netif_ip_addr_changed
                0x10009100       0x40 CMakeFiles/pico_rmii_ethernet_httpd.dir/__/__/lib/lwip/src/core/raw.c.obj
                0x10009100                raw_netif_ip_addr_changed
 .text.stats_init
                0x10009140        0x4 CMakeFiles/pico_rmii_ethernet_httpd.dir/__/__/lib/lwip/src/core/stats.c.obj
                0x10009140                stats_init
 .text.tcp_close_shutdown_fin
                0x10009144       0x4c CMakeFiles/pico_rmii_ethernet_httpd.dir/__/__/lib/lwip/src/core/tcp.c.obj
 .text.tcp_pcb_purge.part.0
                0x10009190       0xc4 CMakeFiles/pico_rmii_ethernet_httpd.dir/__/__/lib/lwip/src/core/tcp.c.obj
 .text.tcp_init
                0x10009254        0x4 CMakeFiles/pico_rmii_ethernet_httpd.dir/__/__/lib/lwip/src/core/tcp.c.obj
                0x10009254                tcp_init
 .text.tcp_free
                0x10009258        0xc CMakeFiles/pico_rmii_ethernet_httpd.dir/__/__/lib/lwip/src/core/tcp.c.obj
                0x10009258                tcp_free
 .text.tcp_bind
                0x10009264       0xf8 CMakeFiles/pico_rmii_ethernet_httpd.dir/__/__/lib/lwip/src/core/tcp.c.obj
                0x10009264                tcp_bind
 .text.tcp_listen_with_backlog
                0x1000935c       0x88 CMakeFiles/pico_rmii_ethernet_httpd.dir/__/__/lib/lwip/src/core/tcp.c.obj
                0x1000935c                tcp_listen_with_backlog
 .text.tcp_update_rcv_ann_wnd
                0x100093e4       0x3c CMakeFiles/pico_rmii_ethernet_httpd.dir/__/__/lib/lwip/src/core/tcp.c.obj
                0x100093e4                tcp_update_rcv_ann_wnd
 .text.tcp_recved
                0x10009420       0x78 CMakeFiles/pico_rmii_ethernet_httpd.dir/__/__/lib/lwip/src/core/tcp.c.obj
                0x10009420                tcp_recved
 .text.tcp_slowtmr
                0x10009498      0x42c CMakeFiles/pico_rmii_ethernet_httpd.dir/__/__/lib/lwip/src/core/tcp.c.obj
                0x10009498                tcp_slowtmr
 .text.tcp_segs_free
                0x100098c4       0x38 CMakeFiles/pico_rmii_ethernet_httpd.dir/__/__/lib/lwip/src/core/tcp.c.obj
                0x100098c4                tcp_segs_free
 .text.tcp_seg_free
                0x100098fc       0x1c CMakeFiles/pico_rmii_ethernet_httpd.dir/__/__/lib/lwip/src/core/tcp.c.obj
                0x100098fc                tcp_seg_free
 .text.tcp_setprio
                0x10009918        0x8 CMakeFiles/pico_rmii_ethernet_httpd.dir/__/__/lib/lwip/src/core/tcp.c.obj
                0x10009918                tcp_setprio
 .text.tcp_seg_copy
                0x10009920       0x20 CMakeFiles/pico_rmii_ethernet_httpd.dir/__/__/lib/lwip/src/core/tcp.c.obj
                0x10009920                tcp_seg_copy
 .text.tcp_arg  0x10009940        0x8 CMakeFiles/pico_rmii_ethernet_httpd.dir/__/__/lib/lwip/src/core/tcp.c.obj
                0x10009940                tcp_arg
 .text.tcp_recv
                0x10009948        0xc CMakeFiles/pico_rmii_ethernet_httpd.dir/__/__/lib/lwip/src/core/tcp.c.obj
                0x10009948                tcp_recv
 .text.tcp_sent
                0x10009954        0xc CMakeFiles/pico_rmii_ethernet_httpd.dir/__/__/lib/lwip/src/core/tcp.c.obj
                0x10009954                tcp_sent
 .text.tcp_err  0x10009960        0xc CMakeFiles/pico_rmii_ethernet_httpd.dir/__/__/lib/lwip/src/core/tcp.c.obj
                0x10009960                tcp_err
 .text.tcp_accept
                0x1000996c       0x10 CMakeFiles/pico_rmii_ethernet_httpd.dir/__/__/lib/lwip/src/core/tcp.c.obj
                0x1000996c                tcp_accept
 .text.tcp_poll
                0x1000997c        0xc CMakeFiles/pico_rmii_ethernet_httpd.dir/__/__/lib/lwip/src/core/tcp.c.obj
                0x1000997c                tcp_poll
 .text.tcp_pcb_purge
                0x10009988       0x18 CMakeFiles/pico_rmii_ethernet_httpd.dir/__/__/lib/lwip/src/core/tcp.c.obj
                0x10009988                tcp_pcb_purge
 .text.tcp_pcb_remove
                0x100099a0       0x78 CMakeFiles/pico_rmii_ethernet_httpd.dir/__/__/lib/lwip/src/core/tcp.c.obj
                0x100099a0                tcp_pcb_remove
 .text.tcp_abandon
                0x10009a18      0x184 CMakeFiles/pico_rmii_ethernet_httpd.dir/__/__/lib/lwip/src/core/tcp.c.obj
                0x10009a18                tcp_abandon
 .text.tcp_abort
                0x10009b9c        0xc CMakeFiles/pico_rmii_ethernet_httpd.dir/__/__/lib/lwip/src/core/tcp.c.obj
                0x10009b9c                tcp_abort
 .text.tcp_accept_null
                0x10009ba8       0x10 CMakeFiles/pico_rmii_ethernet_httpd.dir/__/__/lib/lwip/src/core/tcp.c.obj
 .text.tcp_alloc
                0x10009bb8      0x1f8 CMakeFiles/pico_rmii_ethernet_httpd.dir/__/__/lib/lwip/src/core/tcp.c.obj
                0x10009bb8                tcp_alloc
 .text.tcp_new_ip_type
                0x10009db0      0x1d8 CMakeFiles/pico_rmii_ethernet_httpd.dir/__/__/lib/lwip/src/core/tcp.c.obj
                0x10009db0                tcp_new_ip_type
 .text.tcp_close_shutdown
                0x10009f88      0x14c CMakeFiles/pico_rmii_ethernet_httpd.dir/__/__/lib/lwip/src/core/tcp.c.obj
 .text.tcp_recv_null
                0x1000a0d4       0xa8 CMakeFiles/pico_rmii_ethernet_httpd.dir/__/__/lib/lwip/src/core/tcp.c.obj
                0x1000a0d4                tcp_recv_null
 .text.tcp_process_refused_data
                0x1000a17c       0xe8 CMakeFiles/pico_rmii_ethernet_httpd.dir/__/__/lib/lwip/src/core/tcp.c.obj
                0x1000a17c                tcp_process_refused_data
 .text.tcp_fasttmr
                0x1000a264       0x98 CMakeFiles/pico_rmii_ethernet_httpd.dir/__/__/lib/lwip/src/core/tcp.c.obj
                0x1000a264                tcp_fasttmr
 .text.tcp_tmr  0x1000a2fc       0x20 CMakeFiles/pico_rmii_ethernet_httpd.dir/__/__/lib/lwip/src/core/tcp.c.obj
                0x1000a2fc                tcp_tmr
 .text.tcp_close
                0x1000a31c      0x15c CMakeFiles/pico_rmii_ethernet_httpd.dir/__/__/lib/lwip/src/core/tcp.c.obj
                0x1000a31c                tcp_close
 .text.tcp_next_iss
                0x1000a478       0x18 CMakeFiles/pico_rmii_ethernet_httpd.dir/__/__/lib/lwip/src/core/tcp.c.obj
                0x1000a478                tcp_next_iss
 .text.tcp_eff_send_mss_netif
                0x1000a490       0x28 CMakeFiles/pico_rmii_ethernet_httpd.dir/__/__/lib/lwip/src/core/tcp.c.obj
                0x1000a490                tcp_eff_send_mss_netif
 .text.tcp_netif_ip_addr_changed
                0x1000a4b8       0x9c CMakeFiles/pico_rmii_ethernet_httpd.dir/__/__/lib/lwip/src/core/tcp.c.obj
                0x1000a4b8                tcp_netif_ip_addr_changed
 .text.tcp_free_ooseq
                0x1000a554       0x40 CMakeFiles/pico_rmii_ethernet_httpd.dir/__/__/lib/lwip/src/core/tcp.c.obj
                0x1000a554                tcp_free_ooseq
 .text.tcp_parseopt
                0x1000a594      0x180 CMakeFiles/pico_rmii_ethernet_httpd.dir/__/__/lib/lwip/src/core/tcp_in.c.obj
 .text.tcp_oos_insert_segment
                0x1000a714       0xd4 CMakeFiles/pico_rmii_ethernet_httpd.dir/__/__/lib/lwip/src/core/tcp_in.c.obj
 .text.tcp_receive
                0x1000a7e8      0xa3c CMakeFiles/pico_rmii_ethernet_httpd.dir/__/__/lib/lwip/src/core/tcp_in.c.obj
 .text.tcp_input
                0x1000b224      0xc64 CMakeFiles/pico_rmii_ethernet_httpd.dir/__/__/lib/lwip/src/core/tcp_in.c.obj
                0x1000b224                tcp_input
 .text.tcp_trigger_input_pcb_close
                0x1000be88       0x10 CMakeFiles/pico_rmii_ethernet_httpd.dir/__/__/lib/lwip/src/core/tcp_in.c.obj
                0x1000be88                tcp_trigger_input_pcb_close
 .text.tcp_create_segment
                0x1000be98       0xd0 CMakeFiles/pico_rmii_ethernet_httpd.dir/__/__/lib/lwip/src/core/tcp_out.c.obj
 .text.tcp_output_control_segment
                0x1000bf68       0xb4 CMakeFiles/pico_rmii_ethernet_httpd.dir/__/__/lib/lwip/src/core/tcp_out.c.obj
 .text.tcp_write
                0x1000c01c      0x600 CMakeFiles/pico_rmii_ethernet_httpd.dir/__/__/lib/lwip/src/core/tcp_out.c.obj
                0x1000c01c                tcp_write
 .text.tcp_split_unsent_seg
                0x1000c61c      0x19c CMakeFiles/pico_rmii_ethernet_httpd.dir/__/__/lib/lwip/src/core/tcp_out.c.obj
                0x1000c61c                tcp_split_unsent_seg
 .text.tcp_send_fin
                0x1000c7b8       0xe0 CMakeFiles/pico_rmii_ethernet_httpd.dir/__/__/lib/lwip/src/core/tcp_out.c.obj
                0x1000c7b8                tcp_send_fin
 .text.tcp_enqueue_flags
                0x1000c898       0xa8 CMakeFiles/pico_rmii_ethernet_httpd.dir/__/__/lib/lwip/src/core/tcp_out.c.obj
                0x1000c898                tcp_enqueue_flags
 .text.tcp_rexmit_rto_prepare
                0x1000c940       0x8c CMakeFiles/pico_rmii_ethernet_httpd.dir/__/__/lib/lwip/src/core/tcp_out.c.obj
                0x1000c940                tcp_rexmit_rto_prepare
 .text.tcp_rexmit
                0x1000c9cc       0x90 CMakeFiles/pico_rmii_ethernet_httpd.dir/__/__/lib/lwip/src/core/tcp_out.c.obj
                0x1000c9cc                tcp_rexmit
 .text.tcp_rexmit_fast
                0x1000ca5c       0x58 CMakeFiles/pico_rmii_ethernet_httpd.dir/__/__/lib/lwip/src/core/tcp_out.c.obj
                0x1000ca5c                tcp_rexmit_fast
 .text.tcp_rst  0x1000cab4       0xbc CMakeFiles/pico_rmii_ethernet_httpd.dir/__/__/lib/lwip/src/core/tcp_out.c.obj
                0x1000cab4                tcp_rst
 .text.tcp_rst_netif
                0x1000cb70       0xfc CMakeFiles/pico_rmii_ethernet_httpd.dir/__/__/lib/lwip/src/core/tcp_out.c.obj
                0x1000cb70                tcp_rst_netif
 .text.tcp_send_empty_ack
                0x1000cc6c       0xdc CMakeFiles/pico_rmii_ethernet_httpd.dir/__/__/lib/lwip/src/core/tcp_out.c.obj
                0x1000cc6c                tcp_send_empty_ack
 .text.tcp_output
                0x1000cd48      0x410 CMakeFiles/pico_rmii_ethernet_httpd.dir/__/__/lib/lwip/src/core/tcp_out.c.obj
                0x1000cd48                tcp_output
 .text.tcp_rexmit_rto_commit
                0x1000d158       0x14 CMakeFiles/pico_rmii_ethernet_httpd.dir/__/__/lib/lwip/src/core/tcp_out.c.obj
                0x1000d158                tcp_rexmit_rto_commit
 .text.tcp_rexmit_rto
                0x1000d16c       0x98 CMakeFiles/pico_rmii_ethernet_httpd.dir/__/__/lib/lwip/src/core/tcp_out.c.obj
                0x1000d16c                tcp_rexmit_rto
 .text.tcp_keepalive
                0x1000d204       0xc4 CMakeFiles/pico_rmii_ethernet_httpd.dir/__/__/lib/lwip/src/core/tcp_out.c.obj
                0x1000d204                tcp_keepalive
 .text.tcp_zero_window_probe
                0x1000d2c8      0x18c CMakeFiles/pico_rmii_ethernet_httpd.dir/__/__/lib/lwip/src/core/tcp_out.c.obj
                0x1000d2c8                tcp_zero_window_probe
 .text.tcpip_tcp_timer
                0x1000d454       0x6c CMakeFiles/pico_rmii_ethernet_httpd.dir/__/__/lib/lwip/src/core/timeouts.c.obj
 .text.lwip_cyclic_timer
                0x1000d4c0       0x90 CMakeFiles/pico_rmii_ethernet_httpd.dir/__/__/lib/lwip/src/core/timeouts.c.obj
 .text.tcp_timer_needed
                0x1000d550       0x70 CMakeFiles/pico_rmii_ethernet_httpd.dir/__/__/lib/lwip/src/core/timeouts.c.obj
                0x1000d550                tcp_timer_needed
 .text.sys_timeouts_init
                0x1000d5c0       0x78 CMakeFiles/pico_rmii_ethernet_httpd.dir/__/__/lib/lwip/src/core/timeouts.c.obj
                0x1000d5c0                sys_timeouts_init
 .text.sys_check_timeouts
                0x1000d638       0x68 CMakeFiles/pico_rmii_ethernet_httpd.dir/__/__/lib/lwip/src/core/timeouts.c.obj
                0x1000d638                sys_check_timeouts
 .text.udp_init
                0x1000d6a0        0x4 CMakeFiles/pico_rmii_ethernet_httpd.dir/__/__/lib/lwip/src/core/udp.c.obj
                0x1000d6a0                udp_init
 .text.udp_input
                0x1000d6a4      0x234 CMakeFiles/pico_rmii_ethernet_httpd.dir/__/__/lib/lwip/src/core/udp.c.obj
                0x1000d6a4                udp_input
 .text.udp_bind
                0x1000d8d8      0x10c CMakeFiles/pico_rmii_ethernet_httpd.dir/__/__/lib/lwip/src/core/udp.c.obj
                0x1000d8d8                udp_bind
 .text.udp_sendto_if_src
                0x1000d9e4      0x120 CMakeFiles/pico_rmii_ethernet_httpd.dir/__/__/lib/lwip/src/core/udp.c.obj
                0x1000d9e4                udp_sendto_if_src
 .text.udp_sendto_if
                0x1000db04       0x48 CMakeFiles/pico_rmii_ethernet_httpd.dir/__/__/lib/lwip/src/core/udp.c.obj
                0x1000db04                udp_sendto_if
 .text.udp_connect
                0x1000db4c       0x64 CMakeFiles/pico_rmii_ethernet_httpd.dir/__/__/lib/lwip/src/core/udp.c.obj
                0x1000db4c                udp_connect
 .text.udp_recv
                0x1000dbb0        0xc CMakeFiles/pico_rmii_ethernet_httpd.dir/__/__/lib/lwip/src/core/udp.c.obj
                0x1000dbb0                udp_recv
 .text.udp_remove
                0x1000dbbc       0x3c CMakeFiles/pico_rmii_ethernet_httpd.dir/__/__/lib/lwip/src/core/udp.c.obj
                0x1000dbbc                udp_remove
 .text.udp_new  0x1000dbf8       0x1c CMakeFiles/pico_rmii_ethernet_httpd.dir/__/__/lib/lwip/src/core/udp.c.obj
                0x1000dbf8                udp_new
 .text.udp_netif_ip_addr_changed
                0x1000dc14       0x40 CMakeFiles/pico_rmii_ethernet_httpd.dir/__/__/lib/lwip/src/core/udp.c.obj
                0x1000dc14                udp_netif_ip_addr_changed
 .text.dhcp_create_msg
                0x1000dc54      0x144 CMakeFiles/pico_rmii_ethernet_httpd.dir/__/__/lib/lwip/src/core/ipv4/dhcp.c.obj
 .text.dhcp_bind
                0x1000dd98      0x140 CMakeFiles/pico_rmii_ethernet_httpd.dir/__/__/lib/lwip/src/core/ipv4/dhcp.c.obj
 .text.dhcp_handle_ack.isra.0
                0x1000ded8       0xa0 CMakeFiles/pico_rmii_ethernet_httpd.dir/__/__/lib/lwip/src/core/ipv4/dhcp.c.obj
 .text.dhcp_reboot.isra.0
                0x1000df78      0x150 CMakeFiles/pico_rmii_ethernet_httpd.dir/__/__/lib/lwip/src/core/ipv4/dhcp.c.obj
 .text.dhcp_discover
                0x1000e0c8      0x10c CMakeFiles/pico_rmii_ethernet_httpd.dir/__/__/lib/lwip/src/core/ipv4/dhcp.c.obj
 .text.dhcp_select.isra.0
                0x1000e1d4      0x1d0 CMakeFiles/pico_rmii_ethernet_httpd.dir/__/__/lib/lwip/src/core/ipv4/dhcp.c.obj
 .text.dhcp_recv
                0x1000e3a4      0x414 CMakeFiles/pico_rmii_ethernet_httpd.dir/__/__/lib/lwip/src/core/ipv4/dhcp.c.obj
 .text.dhcp_conflict_callback
                0x1000e7b8      0x124 CMakeFiles/pico_rmii_ethernet_httpd.dir/__/__/lib/lwip/src/core/ipv4/dhcp.c.obj
 .text.dhcp_network_changed_link_up
                0x1000e8dc       0x30 CMakeFiles/pico_rmii_ethernet_httpd.dir/__/__/lib/lwip/src/core/ipv4/dhcp.c.obj
                0x1000e8dc                dhcp_network_changed_link_up
 .text.dhcp_renew
                0x1000e90c      0x100 CMakeFiles/pico_rmii_ethernet_httpd.dir/__/__/lib/lwip/src/core/ipv4/dhcp.c.obj
                0x1000e90c                dhcp_renew
 .text.dhcp_release_and_stop
                0x1000ea0c      0x14c CMakeFiles/pico_rmii_ethernet_httpd.dir/__/__/lib/lwip/src/core/ipv4/dhcp.c.obj
                0x1000ea0c                dhcp_release_and_stop
 .text.dhcp_start
                0x1000eb58      0x10c CMakeFiles/pico_rmii_ethernet_httpd.dir/__/__/lib/lwip/src/core/ipv4/dhcp.c.obj
                0x1000eb58                dhcp_start
 .text.dhcp_coarse_tmr
                0x1000ec64      0x1b4 CMakeFiles/pico_rmii_ethernet_httpd.dir/__/__/lib/lwip/src/core/ipv4/dhcp.c.obj
                0x1000ec64                dhcp_coarse_tmr
 .text.dhcp_fine_tmr
                0x1000ee18       0x78 CMakeFiles/pico_rmii_ethernet_httpd.dir/__/__/lib/lwip/src/core/ipv4/dhcp.c.obj
                0x1000ee18                dhcp_fine_tmr
 .text.etharp_find_entry
                0x1000ee90     0x200c CMakeFiles/pico_rmii_ethernet_httpd.dir/__/__/lib/lwip/src/core/ipv4/etharp.c.obj
 .text.etharp_raw
                0x10010e9c       0xc0 CMakeFiles/pico_rmii_ethernet_httpd.dir/__/__/lib/lwip/src/core/ipv4/etharp.c.obj
 .text.etharp_output_to_arp_index
                0x10010f5c       0xd8 CMakeFiles/pico_rmii_ethernet_httpd.dir/__/__/lib/lwip/src/core/ipv4/etharp.c.obj
 .text.etharp_tmr
                0x10011034       0x94 CMakeFiles/pico_rmii_ethernet_httpd.dir/__/__/lib/lwip/src/core/ipv4/etharp.c.obj
                0x10011034                etharp_tmr
 .text.etharp_input
                0x100110c8      0x1a8 CMakeFiles/pico_rmii_ethernet_httpd.dir/__/__/lib/lwip/src/core/ipv4/etharp.c.obj
                0x100110c8                etharp_input
 .text.etharp_query
                0x10011270      0x188 CMakeFiles/pico_rmii_ethernet_httpd.dir/__/__/lib/lwip/src/core/ipv4/etharp.c.obj
                0x10011270                etharp_query
 .text.etharp_output
                0x100113f8      0x21c CMakeFiles/pico_rmii_ethernet_httpd.dir/__/__/lib/lwip/src/core/ipv4/etharp.c.obj
                0x100113f8                etharp_output
 .text.etharp_acd_probe
                0x10011614       0xc0 CMakeFiles/pico_rmii_ethernet_httpd.dir/__/__/lib/lwip/src/core/ipv4/etharp.c.obj
                0x10011614                etharp_acd_probe
 .text.etharp_acd_announce
                0x100116d4       0xbc CMakeFiles/pico_rmii_ethernet_httpd.dir/__/__/lib/lwip/src/core/ipv4/etharp.c.obj
                0x100116d4                etharp_acd_announce
 .text.icmp_input
                0x10011790      0x1d8 CMakeFiles/pico_rmii_ethernet_httpd.dir/__/__/lib/lwip/src/core/ipv4/icmp.c.obj
                0x10011790                icmp_input
 .text.icmp_dest_unreach
                0x10011968       0xbc CMakeFiles/pico_rmii_ethernet_httpd.dir/__/__/lib/lwip/src/core/ipv4/icmp.c.obj
                0x10011968                icmp_dest_unreach
 .text.icmp_time_exceeded
                0x10011a24       0xbc CMakeFiles/pico_rmii_ethernet_httpd.dir/__/__/lib/lwip/src/core/ipv4/icmp.c.obj
                0x10011a24                icmp_time_exceeded
 .text.ip4_route
                0x10011ae0       0x80 CMakeFiles/pico_rmii_ethernet_httpd.dir/__/__/lib/lwip/src/core/ipv4/ip4.c.obj
                0x10011ae0                ip4_route
 .text.ip4_input
                0x10011b60      0x2e8 CMakeFiles/pico_rmii_ethernet_httpd.dir/__/__/lib/lwip/src/core/ipv4/ip4.c.obj
                0x10011b60                ip4_input
 .text.ip4_output_if
                0x10011e48      0x168 CMakeFiles/pico_rmii_ethernet_httpd.dir/__/__/lib/lwip/src/core/ipv4/ip4.c.obj
                0x10011e48                ip4_output_if
 .text.ip4_output_if_src
                0x10011fb0      0x158 CMakeFiles/pico_rmii_ethernet_httpd.dir/__/__/lib/lwip/src/core/ipv4/ip4.c.obj
                0x10011fb0                ip4_output_if_src
 .text.ip4_addr_isbroadcast_u32
                0x10012108       0x3c CMakeFiles/pico_rmii_ethernet_httpd.dir/__/__/lib/lwip/src/core/ipv4/ip4_addr.c.obj
                0x10012108                ip4_addr_isbroadcast_u32
 .text.ip4addr_ntoa
                0x10012144       0xdc CMakeFiles/pico_rmii_ethernet_httpd.dir/__/__/lib/lwip/src/core/ipv4/ip4_addr.c.obj
                0x10012144                ip4addr_ntoa
 .text.ip_reass_free_complete_datagram
                0x10012220       0xb8 CMakeFiles/pico_rmii_ethernet_httpd.dir/__/__/lib/lwip/src/core/ipv4/ip4_frag.c.obj
 .text.ip_reass_remove_oldest_datagram
                0x100122d8       0xd8 CMakeFiles/pico_rmii_ethernet_httpd.dir/__/__/lib/lwip/src/core/ipv4/ip4_frag.c.obj
 .text.ipfrag_free_pbuf_custom
                0x100123b0       0x18 CMakeFiles/pico_rmii_ethernet_httpd.dir/__/__/lib/lwip/src/core/ipv4/ip4_frag.c.obj
 .text.ip_reass_tmr
                0x100123c8       0x38 CMakeFiles/pico_rmii_ethernet_httpd.dir/__/__/lib/lwip/src/core/ipv4/ip4_frag.c.obj
                0x100123c8                ip_reass_tmr
 .text.ip4_reass
                0x10012400      0x510 CMakeFiles/pico_rmii_ethernet_httpd.dir/__/__/lib/lwip/src/core/ipv4/ip4_frag.c.obj
                0x10012400                ip4_reass
 .text.ip4_frag
                0x10012910      0x1e8 CMakeFiles/pico_rmii_ethernet_httpd.dir/__/__/lib/lwip/src/core/ipv4/ip4_frag.c.obj
                0x10012910                ip4_frag
 .text.acd_add  0x10012af8       0x24 CMakeFiles/pico_rmii_ethernet_httpd.dir/__/__/lib/lwip/src/core/ipv4/acd.c.obj
                0x10012af8                acd_add
 .text.acd_remove
                0x10012b1c       0x28 CMakeFiles/pico_rmii_ethernet_httpd.dir/__/__/lib/lwip/src/core/ipv4/acd.c.obj
                0x10012b1c                acd_remove
 .text.acd_start
                0x10012b44       0x38 CMakeFiles/pico_rmii_ethernet_httpd.dir/__/__/lib/lwip/src/core/ipv4/acd.c.obj
                0x10012b44                acd_start
 .text.acd_network_changed_link_down
                0x10012b7c       0x14 CMakeFiles/pico_rmii_ethernet_httpd.dir/__/__/lib/lwip/src/core/ipv4/acd.c.obj
                0x10012b7c                acd_network_changed_link_down
 .text.acd_tmr  0x10012b90      0x110 CMakeFiles/pico_rmii_ethernet_httpd.dir/__/__/lib/lwip/src/core/ipv4/acd.c.obj
                0x10012b90                acd_tmr
 .text.acd_arp_reply
                0x10012ca0       0xf4 CMakeFiles/pico_rmii_ethernet_httpd.dir/__/__/lib/lwip/src/core/ipv4/acd.c.obj
                0x10012ca0                acd_arp_reply
 .text.acd_netif_ip_addr_changed
                0x10012d94       0x8c CMakeFiles/pico_rmii_ethernet_httpd.dir/__/__/lib/lwip/src/core/ipv4/acd.c.obj
                0x10012d94                acd_netif_ip_addr_changed
 .text.ethernet_input
                0x10012e20       0xd0 CMakeFiles/pico_rmii_ethernet_httpd.dir/__/__/lib/lwip/src/netif/ethernet.c.obj
                0x10012e20                ethernet_input
 .text.ethernet_output
                0x10012ef0       0x64 CMakeFiles/pico_rmii_ethernet_httpd.dir/__/__/lib/lwip/src/netif/ethernet.c.obj
                0x10012ef0                ethernet_output
 .text.http_accept
                0x10012f54       0x74 CMakeFiles/pico_rmii_ethernet_httpd.dir/__/__/lib/lwip/src/apps/http/httpd.c.obj
 .text.http_err
                0x10012fc8       0x2c CMakeFiles/pico_rmii_ethernet_httpd.dir/__/__/lib/lwip/src/apps/http/httpd.c.obj
 .text.http_close_or_abort_conn.constprop.0.isra.0
                0x10012ff4       0x70 CMakeFiles/pico_rmii_ethernet_httpd.dir/__/__/lib/lwip/src/apps/http/httpd.c.obj
 .text.http_send
                0x10013064       0xe0 CMakeFiles/pico_rmii_ethernet_httpd.dir/__/__/lib/lwip/src/apps/http/httpd.c.obj
 .text.http_sent
                0x10013144       0x1c CMakeFiles/pico_rmii_ethernet_httpd.dir/__/__/lib/lwip/src/apps/http/httpd.c.obj
 .text.http_recv
                0x10013160      0x384 CMakeFiles/pico_rmii_ethernet_httpd.dir/__/__/lib/lwip/src/apps/http/httpd.c.obj
 .text.http_poll
                0x100134e4       0x84 CMakeFiles/pico_rmii_ethernet_httpd.dir/__/__/lib/lwip/src/apps/http/httpd.c.obj
 .text.httpd_init
                0x10013568       0x34 CMakeFiles/pico_rmii_ethernet_httpd.dir/__/__/lib/lwip/src/apps/http/httpd.c.obj
                0x10013568                httpd_init
 .text.fs_open  0x1001359c       0x4c CMakeFiles/pico_rmii_ethernet_httpd.dir/__/__/lib/lwip/src/apps/http/fs.c.obj
                0x1001359c                fs_open
 .text.fs_close
                0x100135e8        0x4 CMakeFiles/pico_rmii_ethernet_httpd.dir/__/__/lib/lwip/src/apps/http/fs.c.obj
                0x100135e8                fs_close
 .text.fs_bytes_left
                0x100135ec        0x8 CMakeFiles/pico_rmii_ethernet_httpd.dir/__/__/lib/lwip/src/apps/http/fs.c.obj
                0x100135ec                fs_bytes_left
 .text.sys_arch_protect
                0x100135f4       0x10 CMakeFiles/pico_rmii_ethernet_httpd.dir/__/__/src/lwip/sys_arch.c.obj
                0x100135f4                sys_arch_protect
 .text.sys_arch_unprotect
                0x10013604       0x10 CMakeFiles/pico_rmii_ethernet_httpd.dir/__/__/src/lwip/sys_arch.c.obj
                0x10013604                sys_arch_unprotect
 .text.sys_now  0x10013614       0x20 CMakeFiles/pico_rmii_ethernet_httpd.dir/__/__/src/lwip/sys_arch.c.obj
                0x10013614                sys_now
 .text.strchr   0x10013634       0xc0 c:/~prj/dropbox/vsarm/armcc/102021~1.10/bin/../lib/gcc/arm-none-eabi/10.3.1/../../../../arm-none-eabi/lib/thumb/v6-m/nofp\libc.a(lib_a-strchr.o)
                0x10013634                strchr
 .text          0x100136f4       0x88 c:/~prj/dropbox/vsarm/armcc/102021~1.10/bin/../lib/gcc/arm-none-eabi/10.3.1/../../../../arm-none-eabi/lib/thumb/v6-m/nofp\libc.a(lib_a-strcmp.o)
                0x100136f4                strcmp
 .text.strlen   0x1001377c       0x5c c:/~prj/dropbox/vsarm/armcc/102021~1.10/bin/../lib/gcc/arm-none-eabi/10.3.1/../../../../arm-none-eabi/lib/thumb/v6-m/nofp\libc.a(lib_a-strlen-stub.o)
                0x1001377c                strlen
 .text.strncmp  0x100137d8       0x74 c:/~prj/dropbox/vsarm/armcc/102021~1.10/bin/../lib/gcc/arm-none-eabi/10.3.1/../../../../arm-none-eabi/lib/thumb/v6-m/nofp\libc.a(lib_a-strncmp.o)
                0x100137d8                strncmp
 *(.fini)
 .fini          0x1001384c        0x4 c:/~prj/dropbox/vsarm/armcc/102021~1.10/bin/../lib/gcc/arm-none-eabi/10.3.1/thumb/v6-m/nofp/crti.o
                0x1001384c                _fini
 .fini.__stub   0x10013850       0x80 linker stubs
 *crtbegin.o(.ctors)
 *crtbegin?.o(.ctors)
 *(EXCLUDE_FILE(*crtend.o *crtend?.o) .ctors)
 *(SORT_BY_NAME(.ctors.*))
 *(.ctors)
 *crtbegin.o(.dtors)
 *crtbegin?.o(.dtors)
 *(EXCLUDE_FILE(*crtend.o *crtend?.o) .dtors)
 *(SORT_BY_NAME(.dtors.*))
 *(.dtors)
 *(.eh_frame*)
 .eh_frame      0x100138d0        0x0 c:/~prj/dropbox/vsarm/armcc/102021~1.10/bin/../lib/gcc/arm-none-eabi/10.3.1/thumb/v6-m/nofp/crtbegin.o
                0x100138d0                . = ALIGN (0x4)

.glue_7         0x100138d0        0x0
 .glue_7        0x100138d0        0x0 linker stubs

.glue_7t        0x100138d0        0x0
 .glue_7t       0x100138d0        0x0 linker stubs

.vfp11_veneer   0x100138d0        0x0
 .vfp11_veneer  0x100138d0        0x0 linker stubs

.v4_bx          0x100138d0        0x0
 .v4_bx         0x100138d0        0x0 linker stubs

.iplt           0x100138d0        0x0
 .iplt          0x100138d0        0x0 c:/~prj/dropbox/vsarm/armcc/102021~1.10/bin/../lib/gcc/arm-none-eabi/10.3.1/thumb/v6-m/nofp/crtbegin.o

.rodata         0x100138d0     0x17b0
 *(EXCLUDE_FILE(*libm.a: *libc.a:*lib_a-mem*.o *libgcc.a:) .rodata*)
 .rodata.netif_link_callback.str1.4
                0x100138d0       0x2a CMakeFiles/pico_rmii_ethernet_httpd.dir/main.c.obj
 *fill*         0x100138fa        0x2 
 .rodata.netif_status_callback.str1.4
                0x100138fc       0x19 CMakeFiles/pico_rmii_ethernet_httpd.dir/main.c.obj
 *fill*         0x10013915        0x3 
 .rodata.main.str1.4
                0x10013918       0x1b CMakeFiles/pico_rmii_ethernet_httpd.dir/main.c.obj
 *fill*         0x10013933        0x1 
 .rodata        0x10013934       0x18 CMakeFiles/pico_rmii_ethernet_httpd.dir/main.c.obj
 .rodata.spin_lock_claim_unused.str1.4
                0x1001394c       0x1b CMakeFiles/pico_rmii_ethernet_httpd.dir/C_/~prj/Dropbox/vsarm/sdk/pico/pico-sdk/src/rp2_common/hardware_sync/sync.c.obj
 *fill*         0x10013967        0x1 
 .rodata.hardware_alarm_claim.str1.4
                0x10013968       0x22 CMakeFiles/pico_rmii_ethernet_httpd.dir/C_/~prj/Dropbox/vsarm/sdk/pico/pico-sdk/src/rp2_common/hardware_timer/timer.c.obj
 *fill*         0x1001398a        0x2 
 .rodata.panic.str1.4
                0x1001398c       0x10 CMakeFiles/pico_rmii_ethernet_httpd.dir/C_/~prj/Dropbox/vsarm/sdk/pico/pico-sdk/src/rp2_common/pico_runtime/runtime.c.obj
                                 0x12 (size before relaxing)
 .rodata.hard_assertion_failure.str1.4
                0x1001399c        0xc CMakeFiles/pico_rmii_ethernet_httpd.dir/C_/~prj/Dropbox/vsarm/sdk/pico/pico-sdk/src/rp2_common/pico_runtime/runtime.c.obj
 .rodata.gpin0_src
                0x100139a8        0xa CMakeFiles/pico_rmii_ethernet_httpd.dir/C_/~prj/Dropbox/vsarm/sdk/pico/pico-sdk/src/rp2_common/hardware_clocks/clocks.c.obj
 *fill*         0x100139b2        0x2 
 .rodata._ftoa.str1.4
                0x100139b4       0x15 CMakeFiles/pico_rmii_ethernet_httpd.dir/C_/~prj/Dropbox/vsarm/sdk/pico/pico-sdk/src/rp2_common/pico_printf/printf.c.obj
 *fill*         0x100139c9        0x3 
 .rodata._vsnprintf
                0x100139cc      0x1e0 CMakeFiles/pico_rmii_ethernet_httpd.dir/C_/~prj/Dropbox/vsarm/sdk/pico/pico-sdk/src/rp2_common/pico_printf/printf.c.obj
 *fill*         0x10013bac        0x4 
 .rodata.pow10.0
                0x10013bb0       0x50 CMakeFiles/pico_rmii_ethernet_httpd.dir/C_/~prj/Dropbox/vsarm/sdk/pico/pico-sdk/src/rp2_common/pico_printf/printf.c.obj
 .rodata.str1.4
                0x10013c00       0x50 CMakeFiles/pico_rmii_ethernet_httpd.dir/C_/~prj/Dropbox/vsarm/sdk/pico/pico-sdk/src/rp2_common/pico_standard_link/binary_info.c.obj
 .rodata.__bi_44
                0x10013c50        0xc CMakeFiles/pico_rmii_ethernet_httpd.dir/C_/~prj/Dropbox/vsarm/sdk/pico/pico-sdk/src/rp2_common/pico_standard_link/binary_info.c.obj
 .rodata.__bi_75
                0x10013c5c        0xc CMakeFiles/pico_rmii_ethernet_httpd.dir/C_/~prj/Dropbox/vsarm/sdk/pico/pico-sdk/src/rp2_common/pico_standard_link/binary_info.c.obj
 .rodata.__bi_81
                0x10013c68        0xc CMakeFiles/pico_rmii_ethernet_httpd.dir/C_/~prj/Dropbox/vsarm/sdk/pico/pico-sdk/src/rp2_common/pico_standard_link/binary_info.c.obj