Archive member included to satisfy reference by file (symbol)

c:/~prj/dropbox/vsarm/armcc/102021~1.10/bin/../lib/gcc/arm-none-eabi/10.3.1/thumb/v6-m/nofp\libgcc.a(_dvmd_tls.o)
                              CMakeFiles/pico_rmii_ethernet_httpd2.dir/C_/~prj/Dropbox/vsarm/sdk/pico/pico-sdk/src/rp2_common/pico_divider/divider.S.obj (__aeabi_idiv0)
c:/~prj/dropbox/vsarm/armcc/102021~1.10/bin/../lib/gcc/arm-none-eabi/10.3.1/../../../../arm-none-eabi/lib/thumb/v6-m/nofp\libg.a(lib_a-atoi.o)
                              CMakeFiles/pico_rmii_ethernet_httpd2.dir/lib/lwip/src/core/netif.c.obj (atoi)
c:/~prj/dropbox/vsarm/armcc/102021~1.10/bin/../lib/gcc/arm-none-eabi/10.3.1/../../../../arm-none-eabi/lib/thumb/v6-m/nofp\libg.a(lib_a-calloc.o)
                              CMakeFiles/pico_rmii_ethernet_httpd2.dir/C_/~prj/Dropbox/vsarm/sdk/pico/pico-sdk/src/rp2_common/pico_malloc/pico_malloc.c.obj (calloc)
c:/~prj/dropbox/vsarm/armcc/102021~1.10/bin/../lib/gcc/arm-none-eabi/10.3.1/../../../../arm-none-eabi/lib/thumb/v6-m/nofp\libg.a(lib_a-callocr.o)
                              c:/~prj/dropbox/vsarm/armcc/102021~1.10/bin/../lib/gcc/arm-none-eabi/10.3.1/../../../../arm-none-eabi/lib/thumb/v6-m/nofp\libg.a(lib_a-calloc.o) (_calloc_r)
c:/~prj/dropbox/vsarm/armcc/102021~1.10/bin/../lib/gcc/arm-none-eabi/10.3.1/../../../../arm-none-eabi/lib/thumb/v6-m/nofp\libg.a(lib_a-ctype_.o)
                              CMakeFiles/pico_rmii_ethernet_httpd2.dir/C_/~prj/Dropbox/vsarm/sdk/pico/pico-sdk/lib/tinyusb/src/tusb.c.obj (_ctype_)
c:/~prj/dropbox/vsarm/armcc/102021~1.10/bin/../lib/gcc/arm-none-eabi/10.3.1/../../../../arm-none-eabi/lib/thumb/v6-m/nofp\libg.a(lib_a-errno.o)
                              c:/~prj/dropbox/vsarm/armcc/102021~1.10/bin/../lib/gcc/arm-none-eabi/10.3.1/../../../../arm-none-eabi/lib/thumb/v6-m/nofp\libg.a(lib_a-callocr.o) (__errno)
c:/~prj/dropbox/vsarm/armcc/102021~1.10/bin/../lib/gcc/arm-none-eabi/10.3.1/../../../../arm-none-eabi/lib/thumb/v6-m/nofp\libg.a(lib_a-impure.o)
                              c:/~prj/dropbox/vsarm/armcc/102021~1.10/bin/../lib/gcc/arm-none-eabi/10.3.1/../../../../arm-none-eabi/lib/thumb/v6-m/nofp\libg.a(lib_a-calloc.o) (_impure_ptr)
c:/~prj/dropbox/vsarm/armcc/102021~1.10/bin/../lib/gcc/arm-none-eabi/10.3.1/../../../../arm-none-eabi/lib/thumb/v6-m/nofp\libg.a(lib_a-init.o)
                              c:/~prj/dropbox/vsarm/armcc/102021~1.10/bin/../lib/gcc/arm-none-eabi/10.3.1/../../../../arm-none-eabi/lib/thumb/v6-m/nofp/crt0.o (__libc_init_array)
c:/~prj/dropbox/vsarm/armcc/102021~1.10/bin/../lib/gcc/arm-none-eabi/10.3.1/../../../../arm-none-eabi/lib/thumb/v6-m/nofp\libg.a(lib_a-malloc.o)
                              CMakeFiles/pico_rmii_ethernet_httpd2.dir/C_/~prj/Dropbox/vsarm/sdk/pico/pico-sdk/src/rp2_common/pico_malloc/pico_malloc.c.obj (malloc)
c:/~prj/dropbox/vsarm/armcc/102021~1.10/bin/../lib/gcc/arm-none-eabi/10.3.1/../../../../arm-none-eabi/lib/thumb/v6-m/nofp\libg.a(lib_a-mallocr.o)
                              c:/~prj/dropbox/vsarm/armcc/102021~1.10/bin/../lib/gcc/arm-none-eabi/10.3.1/../../../../arm-none-eabi/lib/thumb/v6-m/nofp\libg.a(lib_a-callocr.o) (_malloc_r)
c:/~prj/dropbox/vsarm/armcc/102021~1.10/bin/../lib/gcc/arm-none-eabi/10.3.1/../../../../arm-none-eabi/lib/thumb/v6-m/nofp\libg.a(lib_a-memcmp.o)
                              CMakeFiles/pico_rmii_ethernet_httpd2.dir/src/rmii_ethernet.c.obj (memcmp)
c:/~prj/dropbox/vsarm/armcc/102021~1.10/bin/../lib/gcc/arm-none-eabi/10.3.1/../../../../arm-none-eabi/lib/thumb/v6-m/nofp\libg.a(lib_a-memmove.o)
                              CMakeFiles/pico_rmii_ethernet_httpd2.dir/lib/lwip/src/core/def.c.obj (memmove)
c:/~prj/dropbox/vsarm/armcc/102021~1.10/bin/../lib/gcc/arm-none-eabi/10.3.1/../../../../arm-none-eabi/lib/thumb/v6-m/nofp\libg.a(lib_a-mlock.o)
                              c:/~prj/dropbox/vsarm/armcc/102021~1.10/bin/../lib/gcc/arm-none-eabi/10.3.1/../../../../arm-none-eabi/lib/thumb/v6-m/nofp\libg.a(lib_a-mallocr.o) (__malloc_lock)
c:/~prj/dropbox/vsarm/armcc/102021~1.10/bin/../lib/gcc/arm-none-eabi/10.3.1/../../../../arm-none-eabi/lib/thumb/v6-m/nofp\libg.a(lib_a-sbrkr.o)
                              c:/~prj/dropbox/vsarm/armcc/102021~1.10/bin/../lib/gcc/arm-none-eabi/10.3.1/../../../../arm-none-eabi/lib/thumb/v6-m/nofp\libg.a(lib_a-mallocr.o) (_sbrk_r)
c:/~prj/dropbox/vsarm/armcc/102021~1.10/bin/../lib/gcc/arm-none-eabi/10.3.1/../../../../arm-none-eabi/lib/thumb/v6-m/nofp\libg.a(lib_a-strchr.o)
                              CMakeFiles/pico_rmii_ethernet_httpd2.dir/lib/lwip/src/apps/http/httpd.c.obj (strchr)
c:/~prj/dropbox/vsarm/armcc/102021~1.10/bin/../lib/gcc/arm-none-eabi/10.3.1/../../../../arm-none-eabi/lib/thumb/v6-m/nofp\libg.a(lib_a-strcmp.o)
                              CMakeFiles/pico_rmii_ethernet_httpd2.dir/lib/lwip/src/apps/http/fs.c.obj (strcmp)
c:/~prj/dropbox/vsarm/armcc/102021~1.10/bin/../lib/gcc/arm-none-eabi/10.3.1/../../../../arm-none-eabi/lib/thumb/v6-m/nofp\libg.a(lib_a-strlen-stub.o)
[...]
Memory Configuration

Name             Origin             Length             Attributes
FLASH            0x10000000         0x00200000         xr
RAM              0x20000000         0x00040000         xrw
SCRATCH_X        0x20040000         0x00001000         xrw
SCRATCH_Y        0x20041000         0x00001000         xrw
*default*        0x00000000         0xffffffff

Linker script and memory map

LOAD c:/~prj/dropbox/vsarm/armcc/102021~1.10/bin/../lib/gcc/arm-none-eabi/10.3.1/thumb/v6-m/nofp/crti.o
LOAD c:/~prj/dropbox/vsarm/armcc/102021~1.10/bin/../lib/gcc/arm-none-eabi/10.3.1/thumb/v6-m/nofp/crtbegin.o
LOAD c:/~prj/dropbox/vsarm/armcc/102021~1.10/bin/../lib/gcc/arm-none-eabi/10.3.1/../../../../arm-none-eabi/lib/thumb/v6-m/nofp/crt0.o

.flash_begin    0x10000000        0x0
                0x10000000                __flash_binary_start = .

.boot2          0x10000000      0x100
                0x10000000                __boot2_start__ = .
 *(.boot2)
 .boot2         0x10000000      0x100 C:\Users\Drobins\AppData\Local\Temp\ccEA9QKr.o
                0x10000100                __boot2_end__ = .
                0x00000001                ASSERT (((__boot2_end__ - __boot2_start__) == 0x100), ERROR: Pico second stage bootloader must be 256 bytes in size)

.text           0x10000100    0x10ff0
                0x10000100                __logical_binary_start = .
 *(.vectors)
 .vectors       0x10000100       0xd4 CMakeFiles/pico_rmii_ethernet_httpd2.dir/C_/~prj/Dropbox/vsarm/sdk/pico/pico-sdk/src/rp2_common/pico_standard_link/crt0.S.obj
                0x10000100                __VECTOR_TABLE
                0x10000100                __vectors
                0x100001c0                isr_invalid
                0x100001c0                __default_isrs_start
                0x100001c2                isr_nmi
                0x100001c4                isr_hardfault
                0x100001c6                isr_svcall
                0x100001c8                isr_pendsv
                0x100001ca                isr_systick
                0x100001cc                isr_irq23
                0x100001cc                isr_irq18
                0x100001cc                isr_irq11
                0x100001cc                isr_irq28
                0x100001cc                isr_irq19
                0x100001cc                isr_irq0
                0x100001cc                isr_irq6
                0x100001cc                isr_irq5
                0x100001cc                isr_irq12
                0x100001cc                isr_irq22
                0x100001cc                isr_irq31
                0x100001cc                isr_irq17
                0x100001cc                isr_irq27
                0x100001cc                isr_irq30
                0x100001cc                isr_irq2
                0x100001cc                isr_irq10
                0x100001cc                isr_irq8
                0x100001cc                isr_irq24
                0x100001cc                isr_irq1
                0x100001cc                isr_irq7
                0x100001cc                isr_irq21
                0x100001cc                isr_irq20
                0x100001cc                isr_irq15
                0x100001cc                isr_irq25
                0x100001cc                isr_irq13
                0x100001cc                __unhandled_user_irq
                0x100001cc                isr_irq4
                0x100001cc                isr_irq16
                0x100001cc                isr_irq29
                0x100001cc                isr_irq26
                0x100001cc                __default_isrs_end
                0x100001cc                isr_irq3
                0x100001cc                isr_irq14
                0x100001cc                isr_irq9
                0x100001d2                unhandled_user_irq_num_in_r0
 *(.binary_info_header)
 .binary_info_header
                0x100001d4       0x14 CMakeFiles/pico_rmii_ethernet_httpd2.dir/C_/~prj/Dropbox/vsarm/sdk/pico/pico-sdk/src/rp2_common/pico_standard_link/crt0.S.obj
                0x100001e8                __binary_info_header_end = .
 *(.reset)
 .reset         0x100001e8       0xa8 CMakeFiles/pico_rmii_ethernet_httpd2.dir/C_/~prj/Dropbox/vsarm/sdk/pico/pico-sdk/src/rp2_common/pico_standard_link/crt0.S.obj
                0x100001e8                _entry_point
                0x10000266                __get_current_exception
 .reset         0x10000290       0x30 CMakeFiles/pico_rmii_ethernet_httpd2.dir/C_/~prj/Dropbox/vsarm/sdk/pico/pico-sdk/src/rp2_common/pico_standard_link/binary_info.c.obj
 *(.init)
 .init          0x100002c0        0x4 c:/~prj/dropbox/vsarm/armcc/102021~1.10/bin/../lib/gcc/arm-none-eabi/10.3.1/thumb/v6-m/nofp/crti.o
                0x100002c0                _init
 *(EXCLUDE_FILE(*libm.a: *libc.a:*lib_a-mem*.o *libgcc.a:) .text*)
 .text          0x100002c4       0x48 c:/~prj/dropbox/vsarm/armcc/102021~1.10/bin/../lib/gcc/arm-none-eabi/10.3.1/thumb/v6-m/nofp/crtbegin.o
 .text._Z41__static_initialization_and_destruction_0ii
                0x1000030c       0x50 CMakeFiles/pico_rmii_ethernet_httpd2.dir/main.cpp.obj
 .text._Z19netif_link_callbackP5netif
                0x1000035c       0x24 CMakeFiles/pico_rmii_ethernet_httpd2.dir/main.cpp.obj
                0x1000035c                netif_link_callback(netif*)
 .text._Z21netif_status_callbackP5netif
                0x10000380       0x18 CMakeFiles/pico_rmii_ethernet_httpd2.dir/main.cpp.obj
                0x10000380                netif_status_callback(netif*)
 .text.LEDMessageReceived
                0x10000398       0x70 CMakeFiles/pico_rmii_ethernet_httpd2.dir/main.cpp.obj
                0x10000398                LEDMessageReceived
 .text.main     0x10000408      0x120 CMakeFiles/pico_rmii_ethernet_httpd2.dir/main.cpp.obj
                0x10000408                main
 .text._GLOBAL__sub_I_obLEDs
                0x10000528       0x10 CMakeFiles/pico_rmii_ethernet_httpd2.dir/main.cpp.obj
 .text._ZN10rpNeoPixel8setColorEiiii
                0x10000538       0x22 CMakeFiles/pico_rmii_ethernet_httpd2.dir/rpNeoPixel.cpp.obj
                0x10000538                rpNeoPixel::setColor(int, int, int, int)
 .text._ZN10rpNeoPixel4initEiiib
                0x1000055a       0x7e CMakeFiles/pico_rmii_ethernet_httpd2.dir/rpNeoPixel.cpp.obj
                0x1000055a                rpNeoPixel::init(int, int, int, bool)
 .text._ZN10rpNeoPixel7processEv
                0x100005d8       0x3a CMakeFiles/pico_rmii_ethernet_httpd2.dir/rpNeoPixel.cpp.obj
                0x100005d8                rpNeoPixel::process()
 .text._ZN5rpPIO11encode_wrapEv
                0x10000612        0x8 CMakeFiles/pico_rmii_ethernet_httpd2.dir/rpPIO.cpp.obj
                0x10000612                rpPIO::encode_wrap()
 .text._ZN5rpPIO17encode_wrapTargetEv
                0x1000061a        0x6 CMakeFiles/pico_rmii_ethernet_httpd2.dir/rpPIO.cpp.obj
                0x1000061a                rpPIO::encode_wrapTarget()
 .text._ZN5rpPIO21returnAddressForLabelEc
                0x10000620       0x1c CMakeFiles/pico_rmii_ethernet_httpd2.dir/rpPIO.cpp.obj
                0x10000620                rpPIO::returnAddressForLabel(char)
 .text._ZN5rpPIO10encode_endEv
                0x1000063c       0x8c CMakeFiles/pico_rmii_ethernet_httpd2.dir/rpPIO.cpp.obj
                0x1000063c                rpPIO::encode_end()
 .text._ZN5rpPIO15encode_addLabelEc
                0x100006c8        0xc CMakeFiles/pico_rmii_ethernet_httpd2.dir/rpPIO.cpp.obj
                0x100006c8                rpPIO::encode_addLabel(char)
 .text._ZN5rpPIO12encode_beginEv
                0x100006d4       0x28 CMakeFiles/pico_rmii_ethernet_httpd2.dir/rpPIO.cpp.obj
                0x100006d4                rpPIO::encode_begin()
 .text._ZN5rpPIO21SetCurrentInstructionEhhi
                0x100006fc       0x2a CMakeFiles/pico_rmii_ethernet_httpd2.dir/rpPIO.cpp.obj
                0x100006fc                rpPIO::SetCurrentInstruction(unsigned char, unsigned char, int)
 *fill*         0x10000726        0x2 
 .text._ZN5rpPIO10encode_movEhh20erpPIOMovDestination18erpPIOMovOperation15erpPIOMovSource
                0x10000728       0x98 CMakeFiles/pico_rmii_ethernet_httpd2.dir/rpPIO.cpp.obj
                0x10000728                rpPIO::encode_mov(unsigned char, unsigned char, erpPIOMovDestination, erpPIOMovOperation, erpPIOMovSource)
 .text._ZN5rpPIO10encode_nopEhh
                0x100007c0       0x16 CMakeFiles/pico_rmii_ethernet_httpd2.dir/rpPIO.cpp.obj
                0x100007c0                rpPIO::encode_nop(unsigned char, unsigned char)
 *fill*         0x100007d6        0x2 
 .text._ZN5rpPIO10encode_outEhh20erpPIOOutDestinationh
                0x100007d8       0x5c CMakeFiles/pico_rmii_ethernet_httpd2.dir/rpPIO.cpp.obj
                0x100007d8                rpPIO::encode_out(unsigned char, unsigned char, erpPIOOutDestination, unsigned char)
 .text._ZN5rpPIO10encode_jmpEhh19erpPIOJumpConditionc
                0x10000834       0x44 CMakeFiles/pico_rmii_ethernet_httpd2.dir/rpPIO.cpp.obj
                0x10000834                rpPIO::encode_jmp(unsigned char, unsigned char, erpPIOJumpCondition, char)
 .text._ZN5rpPIO4initEiiii
                0x10000878       0xf4 CMakeFiles/pico_rmii_ethernet_httpd2.dir/rpPIO.cpp.obj
                0x10000878                rpPIO::init(int, int, int, int)
 .text._ZN5rpPIO5startEv
                0x1000096c       0x24 CMakeFiles/pico_rmii_ethernet_httpd2.dir/rpPIO.cpp.obj
                0x1000096c                rpPIO::start()
 .text._ZN5rpPIO11writeTxFIFOEj
                0x10000990       0x30 CMakeFiles/pico_rmii_ethernet_httpd2.dir/rpPIO.cpp.obj
                0x10000990                rpPIO::writeTxFIFO(unsigned int)
 .text.gpio_set_function
                0x100009c0       0x30 CMakeFiles/pico_rmii_ethernet_httpd2.dir/C_/~prj/Dropbox/vsarm/sdk/pico/pico-sdk/src/rp2_common/hardware_gpio/gpio.c.obj
                0x100009c0                gpio_set_function
 .text.gpio_acknowledge_irq
                0x100009f0       0x18 CMakeFiles/pico_rmii_ethernet_httpd2.dir/C_/~prj/Dropbox/vsarm/sdk/pico/pico-sdk/src/rp2_common/hardware_gpio/gpio.c.obj
                0x100009f0                gpio_acknowledge_irq
 .text._gpio_set_irq_enabled
                0x10000a08       0x34 CMakeFiles/pico_rmii_ethernet_httpd2.dir/C_/~prj/Dropbox/vsarm/sdk/pico/pico-sdk/src/rp2_common/hardware_gpio/gpio.c.obj
 .text.gpio_set_irq_enabled
                0x10000a3c       0x20 CMakeFiles/pico_rmii_ethernet_httpd2.dir/C_/~prj/Dropbox/vsarm/sdk/pico/pico-sdk/src/rp2_common/hardware_gpio/gpio.c.obj
                0x10000a3c                gpio_set_irq_enabled
 .text.gpio_set_irq_enabled_with_callback
                0x10000a5c       0x30 CMakeFiles/pico_rmii_ethernet_httpd2.dir/C_/~prj/Dropbox/vsarm/sdk/pico/pico-sdk/src/rp2_common/hardware_gpio/gpio.c.obj
                0x10000a5c                gpio_set_irq_enabled_with_callback
 .text.gpio_irq_handler
                0x10000a8c       0x68 CMakeFiles/pico_rmii_ethernet_httpd2.dir/C_/~prj/Dropbox/vsarm/sdk/pico/pico-sdk/src/rp2_common/hardware_gpio/gpio.c.obj
 .text.gpio_init
                0x10000af4       0x16 CMakeFiles/pico_rmii_ethernet_httpd2.dir/C_/~prj/Dropbox/vsarm/sdk/pico/pico-sdk/src/rp2_common/hardware_gpio/gpio.c.obj
                0x10000af4                gpio_init
 *fill*         0x10000b0a        0x2 
 .text.hw_claim_lock
                0x10000b0c       0x18 CMakeFiles/pico_rmii_ethernet_httpd2.dir/C_/~prj/Dropbox/vsarm/sdk/pico/pico-sdk/src/rp2_common/hardware_claim/claim.c.obj
                0x10000b0c                hw_claim_lock
 .text.hw_claim_unlock
                0x10000b24       0x14 CMakeFiles/pico_rmii_ethernet_httpd2.dir/C_/~prj/Dropbox/vsarm/sdk/pico/pico-sdk/src/rp2_common/hardware_claim/claim.c.obj
                0x10000b24                hw_claim_unlock
 .text.hw_claim_or_assert
                0x10000b38       0x32 CMakeFiles/pico_rmii_ethernet_httpd2.dir/C_/~prj/Dropbox/vsarm/sdk/pico/pico-sdk/src/rp2_common/hardware_claim/claim.c.obj
                0x10000b38                hw_claim_or_assert
 .text.hw_claim_unused_from_range
                0x10000b6a       0x50 CMakeFiles/pico_rmii_ethernet_httpd2.dir/C_/~prj/Dropbox/vsarm/sdk/pico/pico-sdk/src/rp2_common/hardware_claim/claim.c.obj
                0x10000b6a                hw_claim_unused_from_range
 *fill*         0x10000bba        0x2 
 .text.running_on_fpga
                0x10000bbc       0x14 CMakeFiles/pico_rmii_ethernet_httpd2.dir/C_/~prj/Dropbox/vsarm/sdk/pico/pico-sdk/src/rp2_common/pico_platform/platform.c.obj
                0x10000bbc                running_on_fpga
 .text.spin_locks_reset
                0x10000bd0       0x20 CMakeFiles/pico_rmii_ethernet_httpd2.dir/C_/~prj/Dropbox/vsarm/sdk/pico/pico-sdk/src/rp2_common/hardware_sync/sync.c.obj
                0x10000bd0                spin_locks_reset
 .text.next_striped_spin_lock_num
                0x10000bf0       0x1c CMakeFiles/pico_rmii_ethernet_httpd2.dir/C_/~prj/Dropbox/vsarm/sdk/pico/pico-sdk/src/rp2_common/hardware_sync/sync.c.obj
                0x10000bf0                next_striped_spin_lock_num
 .text.spin_lock_claim_unused
                0x10000c0c       0x20 CMakeFiles/pico_rmii_ethernet_httpd2.dir/C_/~prj/Dropbox/vsarm/sdk/pico/pico-sdk/src/rp2_common/hardware_sync/sync.c.obj
                0x10000c0c                spin_lock_claim_unused
 .text.alarm_pool_post_alloc_init
                0x10000c2c       0x40 CMakeFiles/pico_rmii_ethernet_httpd2.dir/C_/~prj/Dropbox/vsarm/sdk/pico/pico-sdk/src/common/pico_time/time.c.obj
 .text.sleep_until_callback
                0x10000c6c       0x30 CMakeFiles/pico_rmii_ethernet_httpd2.dir/C_/~prj/Dropbox/vsarm/sdk/pico/pico-sdk/src/common/pico_time/time.c.obj
 .text.timer_pool_entry_comparator
                0x10000c9c       0x7c CMakeFiles/pico_rmii_ethernet_httpd2.dir/C_/~prj/Dropbox/vsarm/sdk/pico/pico-sdk/src/common/pico_time/time.c.obj
                0x10000c9c                timer_pool_entry_comparator
 .text.ph_add_child_node
                0x10000d18       0xa4 CMakeFiles/pico_rmii_ethernet_httpd2.dir/C_/~prj/Dropbox/vsarm/sdk/pico/pico-sdk/src/common/pico_time/time.c.obj
 .text.ph_merge_nodes
                0x10000dbc       0x3e CMakeFiles/pico_rmii_ethernet_httpd2.dir/C_/~prj/Dropbox/vsarm/sdk/pico/pico-sdk/src/common/pico_time/time.c.obj
 *fill*         0x10000dfa        0x2 
 .text.add_alarm_under_lock
                0x10000dfc      0x174 CMakeFiles/pico_rmii_ethernet_httpd2.dir/C_/~prj/Dropbox/vsarm/sdk/pico/pico-sdk/src/common/pico_time/time.c.obj
 .text.alarm_pool_alarm_callback
                0x10000f70      0x328 CMakeFiles/pico_rmii_ethernet_httpd2.dir/C_/~prj/Dropbox/vsarm/sdk/pico/pico-sdk/src/common/pico_time/time.c.obj
 .text.alarm_pool_init_default
                0x10001298       0x38 CMakeFiles/pico_rmii_ethernet_httpd2.dir/C_/~prj/Dropbox/vsarm/sdk/pico/pico-sdk/src/common/pico_time/time.c.obj
                0x10001298                alarm_pool_init_default
 .text.alarm_pool_get_default
                0x100012d0       0x2c CMakeFiles/pico_rmii_ethernet_httpd2.dir/C_/~prj/Dropbox/vsarm/sdk/pico/pico-sdk/src/common/pico_time/time.c.obj
                0x100012d0                alarm_pool_get_default
 .text.alarm_pool_add_alarm_at
                0x100012fc      0x170 CMakeFiles/pico_rmii_ethernet_httpd2.dir/C_/~prj/Dropbox/vsarm/sdk/pico/pico-sdk/src/common/pico_time/time.c.obj
                0x100012fc                alarm_pool_add_alarm_at
 .text.alarm_pool_cancel_alarm
                0x1000146c       0xf0 CMakeFiles/pico_rmii_ethernet_httpd2.dir/C_/~prj/Dropbox/vsarm/sdk/pico/pico-sdk/src/common/pico_time/time.c.obj
                0x1000146c                alarm_pool_cancel_alarm
 .text.sleep_until
                0x1000155c       0xfc CMakeFiles/pico_rmii_ethernet_httpd2.dir/C_/~prj/Dropbox/vsarm/sdk/pico/pico-sdk/src/common/pico_time/time.c.obj
                0x1000155c                sleep_until
 .text.sleep_us
                0x10001658       0x58 CMakeFiles/pico_rmii_ethernet_httpd2.dir/C_/~prj/Dropbox/vsarm/sdk/pico/pico-sdk/src/common/pico_time/time.c.obj
                0x10001658                sleep_us
 .text.sleep_ms
                0x100016b0       0x14 CMakeFiles/pico_rmii_ethernet_httpd2.dir/C_/~prj/Dropbox/vsarm/sdk/pico/pico-sdk/src/common/pico_time/time.c.obj
                0x100016b0                sleep_ms
 .text.best_effort_wfe_or_timeout
                0x100016c4       0x80 CMakeFiles/pico_rmii_ethernet_httpd2.dir/C_/~prj/Dropbox/vsarm/sdk/pico/pico-sdk/src/common/pico_time/time.c.obj
                0x100016c4                best_effort_wfe_or_timeout
 .text.hardware_alarm_irq_handler
                0x10001744       0x8c CMakeFiles/pico_rmii_ethernet_httpd2.dir/C_/~prj/Dropbox/vsarm/sdk/pico/pico-sdk/src/rp2_common/hardware_timer/timer.c.obj
 .text.hardware_alarm_claim
                0x100017d0       0x18 CMakeFiles/pico_rmii_ethernet_httpd2.dir/C_/~prj/Dropbox/vsarm/sdk/pico/pico-sdk/src/rp2_common/hardware_timer/timer.c.obj
                0x100017d0                hardware_alarm_claim
 .text.time_us_64
                0x100017e8       0x18 CMakeFiles/pico_rmii_ethernet_httpd2.dir/C_/~prj/Dropbox/vsarm/sdk/pico/pico-sdk/src/rp2_common/hardware_timer/timer.c.obj
                0x100017e8                time_us_64
 .text.busy_wait_until
                0x10001800       0x28 CMakeFiles/pico_rmii_ethernet_httpd2.dir/C_/~prj/Dropbox/vsarm/sdk/pico/pico-sdk/src/rp2_common/hardware_timer/timer.c.obj
                0x10001800                busy_wait_until
 .text.hardware_alarm_set_callback
                0x10001828       0x90 CMakeFiles/pico_rmii_ethernet_httpd2.dir/C_/~prj/Dropbox/vsarm/sdk/pico/pico-sdk/src/rp2_common/hardware_timer/timer.c.obj
                0x10001828                hardware_alarm_set_callback
 .text.hardware_alarm_set_target
                0x100018b8       0xe8 CMakeFiles/pico_rmii_ethernet_httpd2.dir/C_/~prj/Dropbox/vsarm/sdk/pico/pico-sdk/src/rp2_common/hardware_timer/timer.c.obj
                0x100018b8                hardware_alarm_set_target
 .text.hardware_alarm_cancel
                0x100019a0       0x40 CMakeFiles/pico_rmii_ethernet_httpd2.dir/C_/~prj/Dropbox/vsarm/sdk/pico/pico-sdk/src/rp2_common/hardware_timer/timer.c.obj
                0x100019a0                hardware_alarm_cancel
 .text.lock_init
                0x100019e0       0x10 CMakeFiles/pico_rmii_ethernet_httpd2.dir/C_/~prj/Dropbox/vsarm/sdk/pico/pico-sdk/src/common/pico_sync/lock_core.c.obj
                0x100019e0                lock_init
 .text.mutex_init
                0x100019f0       0x1a CMakeFiles/pico_rmii_ethernet_httpd2.dir/C_/~prj/Dropbox/vsarm/sdk/pico/pico-sdk/src/common/pico_sync/mutex.c.obj
                0x100019f0                mutex_init
 .text.recursive_mutex_init
                0x10001a0a       0x1e CMakeFiles/pico_rmii_ethernet_httpd2.dir/C_/~prj/Dropbox/vsarm/sdk/pico/pico-sdk/src/common/pico_sync/mutex.c.obj
                0x10001a0a                recursive_mutex_init
 .text.critical_section_init_with_lock_num
                0x10001a28       0x14 CMakeFiles/pico_rmii_ethernet_httpd2.dir/C_/~prj/Dropbox/vsarm/sdk/pico/pico-sdk/src/common/pico_sync/critical_section.c.obj
                0x10001a28                critical_section_init_with_lock_num
 .text.critical_section_init
                0x10001a3c       0x14 CMakeFiles/pico_rmii_ethernet_httpd2.dir/C_/~prj/Dropbox/vsarm/sdk/pico/pico-sdk/src/common/pico_sync/critical_section.c.obj
                0x10001a3c                critical_section_init
 .text.ph_add_child_node
                0x10001a50       0xa4 CMakeFiles/pico_rmii_ethernet_httpd2.dir/C_/~prj/Dropbox/vsarm/sdk/pico/pico-sdk/src/common/pico_util/pheap.c.obj
 .text.ph_merge_nodes
                0x10001af4       0x3e CMakeFiles/pico_rmii_ethernet_httpd2.dir/C_/~prj/Dropbox/vsarm/sdk/pico/pico-sdk/src/common/pico_util/pheap.c.obj
 *fill*         0x10001b32        0x2 
 .text.ph_clear
                0x10001b34       0x70 CMakeFiles/pico_rmii_ethernet_httpd2.dir/C_/~prj/Dropbox/vsarm/sdk/pico/pico-sdk/src/common/pico_util/pheap.c.obj
                0x10001b34                ph_clear
 .text.ph_post_alloc_init
                0x10001ba4        0xe CMakeFiles/pico_rmii_ethernet_httpd2.dir/C_/~prj/Dropbox/vsarm/sdk/pico/pico-sdk/src/common/pico_util/pheap.c.obj
                0x10001ba4                ph_post_alloc_init
 *fill*         0x10001bb2        0x2 
 .text.ph_merge_two_pass
                0x10001bb4       0xa8 CMakeFiles/pico_rmii_ethernet_httpd2.dir/C_/~prj/Dropbox/vsarm/sdk/pico/pico-sdk/src/common/pico_util/pheap.c.obj
                0x10001bb4                ph_merge_two_pass
 .text.ph_remove_any_head
                0x10001c5c      0x108 CMakeFiles/pico_rmii_ethernet_httpd2.dir/C_/~prj/Dropbox/vsarm/sdk/pico/pico-sdk/src/common/pico_util/pheap.c.obj
 .text.ph_remove_head
                0x10001d64       0x14 CMakeFiles/pico_rmii_ethernet_httpd2.dir/C_/~prj/Dropbox/vsarm/sdk/pico/pico-sdk/src/common/pico_util/pheap.c.obj
                0x10001d64                ph_remove_head
 .text.ph_remove_and_free_node
                0x10001d78       0xf8 CMakeFiles/pico_rmii_ethernet_httpd2.dir/C_/~prj/Dropbox/vsarm/sdk/pico/pico-sdk/src/common/pico_util/pheap.c.obj
                0x10001d78                ph_remove_and_free_node
 .text._exit    0x10001e70        0x4 CMakeFiles/pico_rmii_ethernet_httpd2.dir/C_/~prj/Dropbox/vsarm/sdk/pico/pico-sdk/src/rp2_common/pico_runtime/runtime.c.obj
                0x10001e70                _exit
 .text.exit     0x10001e74        0x6 CMakeFiles/pico_rmii_ethernet_httpd2.dir/C_/~prj/Dropbox/vsarm/sdk/pico/pico-sdk/src/rp2_common/pico_runtime/runtime.c.obj
                0x10001e74                exit
 *fill*         0x10001e7a        0x2 
 .text.__assert_func
                0x10001e7c       0x3c CMakeFiles/pico_rmii_ethernet_httpd2.dir/C_/~prj/Dropbox/vsarm/sdk/pico/pico-sdk/src/rp2_common/pico_runtime/runtime.c.obj
                0x10001e7c                __assert_func
 .text.runtime_init
                0x10001eb8       0xf8 CMakeFiles/pico_rmii_ethernet_httpd2.dir/C_/~prj/Dropbox/vsarm/sdk/pico/pico-sdk/src/rp2_common/pico_runtime/runtime.c.obj
                0x10001eb8                runtime_init
 .text.panic    0x10001fb0       0x30 CMakeFiles/pico_rmii_ethernet_httpd2.dir/C_/~prj/Dropbox/vsarm/sdk/pico/pico-sdk/src/rp2_common/pico_runtime/runtime.c.obj
                0x10001fb0                panic
 .text.clock_configure
                0x10001fe0      0x104 CMakeFiles/pico_rmii_ethernet_httpd2.dir/C_/~prj/Dropbox/vsarm/sdk/pico/pico-sdk/src/rp2_common/hardware_clocks/clocks.c.obj
                0x10001fe0                clock_configure
 .text.clocks_init
                0x100020e4      0x100 CMakeFiles/pico_rmii_ethernet_httpd2.dir/C_/~prj/Dropbox/vsarm/sdk/pico/pico-sdk/src/rp2_common/hardware_clocks/clocks.c.obj
                0x100020e4                clocks_init
 .text.clock_get_hz
                0x100021e4        0xc CMakeFiles/pico_rmii_ethernet_httpd2.dir/C_/~prj/Dropbox/vsarm/sdk/pico/pico-sdk/src/rp2_common/hardware_clocks/clocks.c.obj
                0x100021e4                clock_get_hz
 .text.clock_configure_gpin
                0x100021f0       0x5c CMakeFiles/pico_rmii_ethernet_httpd2.dir/C_/~prj/Dropbox/vsarm/sdk/pico/pico-sdk/src/rp2_common/hardware_clocks/clocks.c.obj
                0x100021f0                clock_configure_gpin
 .text.set_raw_irq_handler_and_unlock
                0x1000224c       0x28 CMakeFiles/pico_rmii_ethernet_httpd2.dir/C_/~prj/Dropbox/vsarm/sdk/pico/pico-sdk/src/rp2_common/hardware_irq/irq.c.obj
 .text.make_branch
                0x10002274       0x34 CMakeFiles/pico_rmii_ethernet_httpd2.dir/C_/~prj/Dropbox/vsarm/sdk/pico/pico-sdk/src/rp2_common/hardware_irq/irq.c.obj
 .text.insert_branch_and_link
                0x100022a8       0x40 CMakeFiles/pico_rmii_ethernet_httpd2.dir/C_/~prj/Dropbox/vsarm/sdk/pico/pico-sdk/src/rp2_common/hardware_irq/irq.c.obj
 .text.irq_is_enabled
                0x100022e8       0x18 CMakeFiles/pico_rmii_ethernet_httpd2.dir/C_/~prj/Dropbox/vsarm/sdk/pico/pico-sdk/src/rp2_common/hardware_irq/irq.c.obj
                0x100022e8                irq_is_enabled
 .text.irq_set_mask_enabled
                0x10002300       0x20 CMakeFiles/pico_rmii_ethernet_httpd2.dir/C_/~prj/Dropbox/vsarm/sdk/pico/pico-sdk/src/rp2_common/hardware_irq/irq.c.obj
                0x10002300                irq_set_mask_enabled
 .text.irq_set_enabled
                0x10002320        0xe CMakeFiles/pico_rmii_ethernet_httpd2.dir/C_/~prj/Dropbox/vsarm/sdk/pico/pico-sdk/src/rp2_common/hardware_irq/irq.c.obj
                0x10002320                irq_set_enabled
 *fill*         0x1000232e        0x2 
 .text.irq_set_pending
                0x10002330       0x10 CMakeFiles/pico_rmii_ethernet_httpd2.dir/C_/~prj/Dropbox/vsarm/sdk/pico/pico-sdk/src/rp2_common/hardware_irq/irq.c.obj
                0x10002330                irq_set_pending
 .text.irq_get_vtable_handler
                0x10002340       0x10 CMakeFiles/pico_rmii_ethernet_httpd2.dir/C_/~prj/Dropbox/vsarm/sdk/pico/pico-sdk/src/rp2_common/hardware_irq/irq.c.obj
                0x10002340                irq_get_vtable_handler
 .text.irq_set_exclusive_handler
                0x10002350       0x54 CMakeFiles/pico_rmii_ethernet_httpd2.dir/C_/~prj/Dropbox/vsarm/sdk/pico/pico-sdk/src/rp2_common/hardware_irq/irq.c.obj
                0x10002350                irq_set_exclusive_handler
 .text.irq_remove_handler
                0x100023a4      0x1ac CMakeFiles/pico_rmii_ethernet_httpd2.dir/C_/~prj/Dropbox/vsarm/sdk/pico/pico-sdk/src/rp2_common/hardware_irq/irq.c.obj
                0x100023a4                irq_remove_handler
 .text.irq_add_tail_to_free_list
                0x10002550       0xf0 CMakeFiles/pico_rmii_ethernet_httpd2.dir/C_/~prj/Dropbox/vsarm/sdk/pico/pico-sdk/src/rp2_common/hardware_irq/irq.c.obj
                0x10002550                irq_add_tail_to_free_list
 .text.irq_init_priorities
                0x10002640       0x1c CMakeFiles/pico_rmii_ethernet_httpd2.dir/C_/~prj/Dropbox/vsarm/sdk/pico/pico-sdk/src/rp2_common/hardware_irq/irq.c.obj
                0x10002640                irq_init_priorities
 .text.pll_init
                0x1000265c      0x118 CMakeFiles/pico_rmii_ethernet_httpd2.dir/C_/~prj/Dropbox/vsarm/sdk/pico/pico-sdk/src/rp2_common/hardware_pll/pll.c.obj
                0x1000265c                pll_init
 .text.watchdog_start_tick
                0x10002774       0x10 CMakeFiles/pico_rmii_ethernet_httpd2.dir/C_/~prj/Dropbox/vsarm/sdk/pico/pico-sdk/src/rp2_common/hardware_watchdog/watchdog.c.obj
                0x10002774                watchdog_start_tick
 .text.watchdog_update
                0x10002784       0x14 CMakeFiles/pico_rmii_ethernet_httpd2.dir/C_/~prj/Dropbox/vsarm/sdk/pico/pico-sdk/src/rp2_common/hardware_watchdog/watchdog.c.obj
                0x10002784                watchdog_update
 .text._watchdog_enable
                0x10002798       0x78 CMakeFiles/pico_rmii_ethernet_httpd2.dir/C_/~prj/Dropbox/vsarm/sdk/pico/pico-sdk/src/rp2_common/hardware_watchdog/watchdog.c.obj
                0x10002798                _watchdog_enable
 .text.watchdog_reboot
                0x10002810       0x48 CMakeFiles/pico_rmii_ethernet_httpd2.dir/C_/~prj/Dropbox/vsarm/sdk/pico/pico-sdk/src/rp2_common/hardware_watchdog/watchdog.c.obj
                0x10002810                watchdog_reboot
 .text.xosc_init
                0x10002858       0x28 CMakeFiles/pico_rmii_ethernet_httpd2.dir/C_/~prj/Dropbox/vsarm/sdk/pico/pico-sdk/src/rp2_common/hardware_xosc/xosc.c.obj
                0x10002858                xosc_init
 .text._out_null
                0x10002880        0x2 CMakeFiles/pico_rmii_ethernet_httpd2.dir/C_/~prj/Dropbox/vsarm/sdk/pico/pico-sdk/src/rp2_common/pico_printf/printf.c.obj
 .text._out_fct
                0x10002882        0xe CMakeFiles/pico_rmii_ethernet_httpd2.dir/C_/~prj/Dropbox/vsarm/sdk/pico/pico-sdk/src/rp2_common/pico_printf/printf.c.obj
 .text._atoi    0x10002890       0x24 CMakeFiles/pico_rmii_ethernet_httpd2.dir/C_/~prj/Dropbox/vsarm/sdk/pico/pico-sdk/src/rp2_common/pico_printf/printf.c.obj
 .text._out_rev
                0x100028b4       0xae CMakeFiles/pico_rmii_ethernet_httpd2.dir/C_/~prj/Dropbox/vsarm/sdk/pico/pico-sdk/src/rp2_common/pico_printf/printf.c.obj
 .text._ntoa_format
                0x10002962      0x112 CMakeFiles/pico_rmii_ethernet_httpd2.dir/C_/~prj/Dropbox/vsarm/sdk/pico/pico-sdk/src/rp2_common/pico_printf/printf.c.obj
 .text._ntoa_long
                0x10002a74       0xbc CMakeFiles/pico_rmii_ethernet_httpd2.dir/C_/~prj/Dropbox/vsarm/sdk/pico/pico-sdk/src/rp2_common/pico_printf/printf.c.obj
 .text._ntoa_long_long
                0x10002b30       0xe2 CMakeFiles/pico_rmii_ethernet_httpd2.dir/C_/~prj/Dropbox/vsarm/sdk/pico/pico-sdk/src/rp2_common/pico_printf/printf.c.obj
 *fill*         0x10002c12        0x2 
 .text._etoa    0x10002c14      0x414 CMakeFiles/pico_rmii_ethernet_httpd2.dir/C_/~prj/Dropbox/vsarm/sdk/pico/pico-sdk/src/rp2_common/pico_printf/printf.c.obj
 .text._ftoa    0x10003028      0x354 CMakeFiles/pico_rmii_ethernet_httpd2.dir/C_/~prj/Dropbox/vsarm/sdk/pico/pico-sdk/src/rp2_common/pico_printf/printf.c.obj
 .text._vsnprintf
                0x1000337c      0x624 CMakeFiles/pico_rmii_ethernet_httpd2.dir/C_/~prj/Dropbox/vsarm/sdk/pico/pico-sdk/src/rp2_common/pico_printf/printf.c.obj
 .text.vfctprintf
                0x100039a0       0x20 CMakeFiles/pico_rmii_ethernet_httpd2.dir/C_/~prj/Dropbox/vsarm/sdk/pico/pico-sdk/src/rp2_common/pico_printf/printf.c.obj
                0x100039a0                vfctprintf
 .text          0x100039c0       0x10 CMakeFiles/pico_rmii_ethernet_httpd2.dir/C_/~prj/Dropbox/vsarm/sdk/pico/pico-sdk/src/rp2_common/pico_bit_ops/bit_ops_aeabi.S.obj
 .text.rom_func_lookup
                0x100039d0       0x10 CMakeFiles/pico_rmii_ethernet_httpd2.dir/C_/~prj/Dropbox/vsarm/sdk/pico/pico-sdk/src/rp2_common/pico_bootrom/bootrom.c.obj
                0x100039d0                rom_func_lookup
 .text.rom_data_lookup
                0x100039e0       0x10 CMakeFiles/pico_rmii_ethernet_httpd2.dir/C_/~prj/Dropbox/vsarm/sdk/pico/pico-sdk/src/rp2_common/pico_bootrom/bootrom.c.obj
                0x100039e0                rom_data_lookup
 .text.rom_funcs_lookup
                0x100039f0       0x36 CMakeFiles/pico_rmii_ethernet_httpd2.dir/C_/~prj/Dropbox/vsarm/sdk/pico/pico-sdk/src/rp2_common/pico_bootrom/bootrom.c.obj
                0x100039f0                rom_funcs_lookup
 *fill*         0x10003a26        0x2 
 .text.__wrap___aeabi_idiv
                0x10003a28       0x50 CMakeFiles/pico_rmii_ethernet_httpd2.dir/C_/~prj/Dropbox/vsarm/sdk/pico/pico-sdk/src/rp2_common/pico_divider/divider.S.obj
                0x10003a28                __wrap___aeabi_idivmod
                0x10003a28                divmod_s32s32
                0x10003a28                div_s32s32
                0x10003a28                __wrap___aeabi_idiv
                0x10003a30                divmod_s32s32_unsafe
                0x10003a5c                divmod_s32s32_savestate
 .text.__wrap___aeabi_uidiv
                0x10003a78       0x4c CMakeFiles/pico_rmii_ethernet_httpd2.dir/C_/~prj/Dropbox/vsarm/sdk/pico/pico-sdk/src/rp2_common/pico_divider/divider.S.obj
                0x10003a78                __wrap___aeabi_uidiv
                0x10003a78                __wrap___aeabi_uidivmod
                0x10003a78                div_u32u32
                0x10003a78                divmod_u32u32
                0x10003a80                divmod_u32u32_unsafe
                0x10003aa8                divmod_u32u32_savestate
 .text.__wrap___aeabi_ldiv
                0x10003ac4      0x434 CMakeFiles/pico_rmii_ethernet_httpd2.dir/C_/~prj/Dropbox/vsarm/sdk/pico/pico-sdk/src/rp2_common/pico_divider/divider.S.obj
                0x10003ac4                div_s64s64
                0x10003ac4                divmod_s64s64
                0x10003ac4                __wrap___aeabi_ldivmod
                0x10003afc                divmod_u64u64
                0x10003afc                div_u64u64
                0x10003afc                __wrap___aeabi_uldivmod
                0x10003b0c                divmod_u64u64_savestate
                0x10003b34                divmod_s64s64_unsafe
                0x10003bbc                divmod_u64u64_unsafe
 .text.__wrap___aeabi_darithmetic
                0x10003ef8       0x80 CMakeFiles/pico_rmii_ethernet_httpd2.dir/C_/~prj/Dropbox/vsarm/sdk/pico/pico-sdk/src/rp2_common/pico_double/double_aeabi.S.obj
                0x10003ef8                __wrap___aeabi_drsub
                0x10003efe                __wrap___aeabi_dsub
                0x10003f10                __wrap___aeabi_dadd
                0x10003f22                __wrap___aeabi_ddiv
                0x10003f5e                __wrap___aeabi_dmul
 .text.__wrap___aeabi_cdcmple
                0x10003f78       0x6c CMakeFiles/pico_rmii_ethernet_httpd2.dir/C_/~prj/Dropbox/vsarm/sdk/pico/pico-sdk/src/rp2_common/pico_double/double_aeabi.S.obj
                0x10003f78                __wrap___aeabi_cdrcmple
                0x10003f88                __wrap___aeabi_cdcmpeq
                0x10003f88                __wrap___aeabi_cdcmple
 .text.__wrap___aeabi_dcmplt
                0x10003fe4        0xc CMakeFiles/pico_rmii_ethernet_httpd2.dir/C_/~prj/Dropbox/vsarm/sdk/pico/pico-sdk/src/rp2_common/pico_double/double_aeabi.S.obj
                0x10003fe4                __wrap___aeabi_dcmplt
 .text.__wrap___aeabi_dcmple
                0x10003ff0       0x10 CMakeFiles/pico_rmii_ethernet_httpd2.dir/C_/~prj/Dropbox/vsarm/sdk/pico/pico-sdk/src/rp2_common/pico_double/double_aeabi.S.obj
                0x10003ff0                __wrap___aeabi_dcmple
 .text.__wrap___aeabi_dcmpge
                0x10004000       0x10 CMakeFiles/pico_rmii_ethernet_httpd2.dir/C_/~prj/Dropbox/vsarm/sdk/pico/pico-sdk/src/rp2_common/pico_double/double_aeabi.S.obj
                0x10004000                __wrap___aeabi_dcmpge
 .text.__wrap___aeabi_dcmpgt
                0x10004010        0xa CMakeFiles/pico_rmii_ethernet_httpd2.dir/C_/~prj/Dropbox/vsarm/sdk/pico/pico-sdk/src/rp2_common/pico_double/double_aeabi.S.obj
                0x10004010                __wrap___aeabi_dcmpgt
 .text.__wrap___aeabi_dcmpun
                0x1000401a       0x1c CMakeFiles/pico_rmii_ethernet_httpd2.dir/C_/~prj/Dropbox/vsarm/sdk/pico/pico-sdk/src/rp2_common/pico_double/double_aeabi.S.obj
                0x1000401a                __wrap___aeabi_dcmpun
 *fill*         0x10004036        0x2 
 .text.__wrap___aeabi_i2d
                0x10004038       0x38 CMakeFiles/pico_rmii_ethernet_httpd2.dir/C_/~prj/Dropbox/vsarm/sdk/pico/pico-sdk/src/rp2_common/pico_double/double_aeabi.S.obj
                0x10004038                __wrap___aeabi_ui2d
                0x10004040                __wrap___aeabi_i2d
 .text.__wrap___aeabi_d2iz
                0x10004070       0x48 CMakeFiles/pico_rmii_ethernet_httpd2.dir/C_/~prj/Dropbox/vsarm/sdk/pico/pico-sdk/src/rp2_common/pico_double/double_aeabi.S.obj
                0x10004070                double2int_z
                0x10004070                __wrap___aeabi_d2iz
 .text.__wrap___aeabi_d2uiz
                0x100040b8       0x18 CMakeFiles/pico_rmii_ethernet_httpd2.dir/C_/~prj/Dropbox/vsarm/sdk/pico/pico-sdk/src/rp2_common/pico_double/double_aeabi.S.obj
                0x100040b8                __wrap___aeabi_d2uiz
                0x100040b8                double2uint
 .text.__aeabi_double_init
                0x100040d0       0xc8 CMakeFiles/pico_rmii_ethernet_httpd2.dir/C_/~prj/Dropbox/vsarm/sdk/pico/pico-sdk/src/rp2_common/pico_double/double_init_rom.c.obj
                0x100040d0                __aeabi_double_init
 .text.double_table_shim_on_use_helper
                0x10004198       0x34 CMakeFiles/pico_rmii_ethernet_httpd2.dir/C_/~prj/Dropbox/vsarm/sdk/pico/pico-sdk/src/rp2_common/pico_double/double_v1_rom_shim.S.obj
                0x10004198                double_table_shim_on_use_helper
 .text.__wrap___aeabi_dsub
                0x100041cc       0x10 CMakeFiles/pico_rmii_ethernet_httpd2.dir/C_/~prj/Dropbox/vsarm/sdk/pico/pico-sdk/src/rp2_common/pico_double/double_v1_rom_shim.S.obj
                0x100041cc                drsub_shim
                0x100041d2                dsub_shim
 .text.dadd_shim
                0x100041dc      0x15c CMakeFiles/pico_rmii_ethernet_httpd2.dir/C_/~prj/Dropbox/vsarm/sdk/pico/pico-sdk/src/rp2_common/pico_double/double_v1_rom_shim.S.obj
                0x100041dc                dadd_shim
 .text.dmul_shim
                0x10004338      0x15c CMakeFiles/pico_rmii_ethernet_httpd2.dir/C_/~prj/Dropbox/vsarm/sdk/pico/pico-sdk/src/rp2_common/pico_double/double_v1_rom_shim.S.obj
                0x10004338                dmul_shim
 .text.ddiv_shim
                0x10004494      0x1b0 CMakeFiles/pico_rmii_ethernet_httpd2.dir/C_/~prj/Dropbox/vsarm/sdk/pico/pico-sdk/src/rp2_common/pico_double/double_v1_rom_shim.S.obj
                0x10004494                ddiv_shim
 .text.double2uint_shim
                0x10004644        0xe CMakeFiles/pico_rmii_ethernet_httpd2.dir/C_/~prj/Dropbox/vsarm/sdk/pico/pico-sdk/src/rp2_common/pico_double/double_v1_rom_shim.S.obj
                0x10004644                double2uint_shim
                0x10004646                double2ufix_shim
 *fill*         0x10004652        0x2 
 .text.double2uint64_shim
                0x10004654       0x70 CMakeFiles/pico_rmii_ethernet_httpd2.dir/C_/~prj/Dropbox/vsarm/sdk/pico/pico-sdk/src/rp2_common/pico_double/double_v1_rom_shim.S.obj
                0x10004654                double2uint64_shim
                0x10004656                double2ufix64_shim
                0x10004676                d2fix_a
 .text.dunpacks
                0x100046c4       0x3c CMakeFiles/pico_rmii_ethernet_httpd2.dir/C_/~prj/Dropbox/vsarm/sdk/pico/pico-sdk/src/rp2_common/pico_double/double_v1_rom_shim.S.obj
                0x100046c4                dunpacks
 .text.__aeabi_lmul
                0x10004700       0x32 CMakeFiles/pico_rmii_ethernet_httpd2.dir/C_/~prj/Dropbox/vsarm/sdk/pico/pico-sdk/src/rp2_common/pico_int64_ops/pico_int64_ops_aeabi.S.obj
                0x10004700                __wrap___aeabi_lmul
 *fill*         0x10004732        0x2 
 .text.__wrap___aeabi_farithmetic
                0x10004734       0x58 CMakeFiles/pico_rmii_ethernet_httpd2.dir/C_/~prj/Dropbox/vsarm/sdk/pico/pico-sdk/src/rp2_common/pico_float/float_aeabi.S.obj
                0x10004734                __wrap___aeabi_frsub
                0x1000473a                __wrap___aeabi_fsub
                0x10004744                __wrap___aeabi_fadd
                0x1000474e                __wrap___aeabi_fdiv
                0x1000477a                __wrap___aeabi_fmul
 .text.__wrap___aeabi_ui2f
                0x1000478c        0xa CMakeFiles/pico_rmii_ethernet_httpd2.dir/C_/~prj/Dropbox/vsarm/sdk/pico/pico-sdk/src/rp2_common/pico_float/float_aeabi.S.obj
                0x1000478c                __wrap___aeabi_ui2f
 *fill*         0x10004796        0x2 
 .text.__wrap___aeabi_i2f
                0x10004798       0x44 CMakeFiles/pico_rmii_ethernet_httpd2.dir/C_/~prj/Dropbox/vsarm/sdk/pico/pico-sdk/src/rp2_common/pico_float/float_aeabi.S.obj
                0x10004798                __wrap___aeabi_i2f
 .text.__wrap___aeabi_f2uiz
                0x100047dc       0x10 CMakeFiles/pico_rmii_ethernet_httpd2.dir/C_/~prj/Dropbox/vsarm/sdk/pico/pico-sdk/src/rp2_common/pico_float/float_aeabi.S.obj
                0x100047dc                __wrap___aeabi_f2uiz
 .text.__aeabi_float_init
                0x100047ec       0xfc CMakeFiles/pico_rmii_ethernet_httpd2.dir/C_/~prj/Dropbox/vsarm/sdk/pico/pico-sdk/src/rp2_common/pico_float/float_init_rom.c.obj
                0x100047ec                __aeabi_float_init
 .text.float_table_shim_on_use_helper
                0x100048e8       0x34 CMakeFiles/pico_rmii_ethernet_httpd2.dir/C_/~prj/Dropbox/vsarm/sdk/pico/pico-sdk/src/rp2_common/pico_float/float_v1_rom_shim.S.obj
                0x100048e8                float_table_shim_on_use_helper
 .text          0x1000491c       0x10 CMakeFiles/pico_rmii_ethernet_httpd2.dir/C_/~prj/Dropbox/vsarm/sdk/pico/pico-sdk/src/rp2_common/pico_mem_ops/mem_ops_aeabi.S.obj
                0x1000491c                __aeabi_mem_init
 .text.memset   0x1000492c        0xc CMakeFiles/pico_rmii_ethernet_httpd2.dir/C_/~prj/Dropbox/vsarm/sdk/pico/pico-sdk/src/rp2_common/pico_mem_ops/mem_ops_aeabi.S.obj
                0x1000492c                __wrap_memset
 .text.memcpy   0x10004938        0xc CMakeFiles/pico_rmii_ethernet_httpd2.dir/C_/~prj/Dropbox/vsarm/sdk/pico/pico-sdk/src/rp2_common/pico_mem_ops/mem_ops_aeabi.S.obj
                0x10004938                __wrap_memcpy
                0x10004938                __wrap___aeabi_memcpy
 .text.stdio_out_chars_no_crlf
                0x10004944        0xe CMakeFiles/pico_rmii_ethernet_httpd2.dir/C_/~prj/Dropbox/vsarm/sdk/pico/pico-sdk/src/rp2_common/pico_stdio/stdio.c.obj
 *fill*         0x10004952        0x2 
 .text.stdio_out_chars_crlf
                0x10004954       0x80 CMakeFiles/pico_rmii_ethernet_httpd2.dir/C_/~prj/Dropbox/vsarm/sdk/pico/pico-sdk/src/rp2_common/pico_stdio/stdio.c.obj
 .text.stdio_stack_buffer_flush
                0x100049d4       0x44 CMakeFiles/pico_rmii_ethernet_httpd2.dir/C_/~prj/Dropbox/vsarm/sdk/pico/pico-sdk/src/rp2_common/pico_stdio/stdio.c.obj
 .text.stdio_buffered_printer
                0x10004a18       0x20 CMakeFiles/pico_rmii_ethernet_httpd2.dir/C_/~prj/Dropbox/vsarm/sdk/pico/pico-sdk/src/rp2_common/pico_stdio/stdio.c.obj
 .text.stdout_serialize_begin
                0x10004a38       0x30 CMakeFiles/pico_rmii_ethernet_httpd2.dir/C_/~prj/Dropbox/vsarm/sdk/pico/pico-sdk/src/rp2_common/pico_stdio/stdio.c.obj
                0x10004a38                stdout_serialize_begin
 .text.stdout_serialize_end
                0x10004a68       0x10 CMakeFiles/pico_rmii_ethernet_httpd2.dir/C_/~prj/Dropbox/vsarm/sdk/pico/pico-sdk/src/rp2_common/pico_stdio/stdio.c.obj
                0x10004a68                stdout_serialize_end
 .text.stdio_put_string
                0x10004a78       0x98 CMakeFiles/pico_rmii_ethernet_httpd2.dir/C_/~prj/Dropbox/vsarm/sdk/pico/pico-sdk/src/rp2_common/pico_stdio/stdio.c.obj
 .text.__wrap_putchar
                0x10004b10       0x1c CMakeFiles/pico_rmii_ethernet_httpd2.dir/C_/~prj/Dropbox/vsarm/sdk/pico/pico-sdk/src/rp2_common/pico_stdio/stdio.c.obj
                0x10004b10                __wrap_putchar
 .text.stdio_set_driver_enabled
                0x10004b2c       0x38 CMakeFiles/pico_rmii_ethernet_httpd2.dir/C_/~prj/Dropbox/vsarm/sdk/pico/pico-sdk/src/rp2_common/pico_stdio/stdio.c.obj
                0x10004b2c                stdio_set_driver_enabled
 .text.stdio_flush
                0x10004b64       0x20 CMakeFiles/pico_rmii_ethernet_httpd2.dir/C_/~prj/Dropbox/vsarm/sdk/pico/pico-sdk/src/rp2_common/pico_stdio/stdio.c.obj
                0x10004b64                stdio_flush
 .text.__wrap_puts
                0x10004b84       0x1e CMakeFiles/pico_rmii_ethernet_httpd2.dir/C_/~prj/Dropbox/vsarm/sdk/pico/pico-sdk/src/rp2_common/pico_stdio/stdio.c.obj
                0x10004b84                __wrap_puts
 *fill*         0x10004ba2        0x2 
 .text.__wrap_vprintf
                0x10004ba4       0x44 CMakeFiles/pico_rmii_ethernet_httpd2.dir/C_/~prj/Dropbox/vsarm/sdk/pico/pico-sdk/src/rp2_common/pico_stdio/stdio.c.obj
                0x10004ba4                __wrap_vprintf
 .text.__wrap_printf
                0x10004be8       0x18 CMakeFiles/pico_rmii_ethernet_httpd2.dir/C_/~prj/Dropbox/vsarm/sdk/pico/pico-sdk/src/rp2_common/pico_stdio/stdio.c.obj
                0x10004be8                __wrap_printf
 .text.stdio_init_all
                0x10004c00        0x8 CMakeFiles/pico_rmii_ethernet_httpd2.dir/C_/~prj/Dropbox/vsarm/sdk/pico/pico-sdk/src/rp2_common/pico_stdio/stdio.c.obj
                0x10004c00                stdio_init_all
 .text.resetd_init
                0x10004c08        0x2 CMakeFiles/pico_rmii_ethernet_httpd2.dir/C_/~prj/Dropbox/vsarm/sdk/pico/pico-sdk/src/rp2_common/pico_stdio_usb/reset_interface.c.obj
 *fill*         0x10004c0a        0x2 
 .text.resetd_reset
                0x10004c0c        0xc CMakeFiles/pico_rmii_ethernet_httpd2.dir/C_/~prj/Dropbox/vsarm/sdk/pico/pico-sdk/src/rp2_common/pico_stdio_usb/reset_interface.c.obj
 .text.resetd_open
                0x10004c18       0x34 CMakeFiles/pico_rmii_ethernet_httpd2.dir/C_/~prj/Dropbox/vsarm/sdk/pico/pico-sdk/src/rp2_common/pico_stdio_usb/reset_interface.c.obj
 .text.resetd_xfer_cb
                0x10004c4c        0x4 CMakeFiles/pico_rmii_ethernet_httpd2.dir/C_/~prj/Dropbox/vsarm/sdk/pico/pico-sdk/src/rp2_common/pico_stdio_usb/reset_interface.c.obj
 .text.reset_usb_boot
                0x10004c50       0x18 CMakeFiles/pico_rmii_ethernet_httpd2.dir/C_/~prj/Dropbox/vsarm/sdk/pico/pico-sdk/src/rp2_common/pico_stdio_usb/reset_interface.c.obj
 .text.resetd_control_xfer_cb
                0x10004c68       0x5c CMakeFiles/pico_rmii_ethernet_httpd2.dir/C_/~prj/Dropbox/vsarm/sdk/pico/pico-sdk/src/rp2_common/pico_stdio_usb/reset_interface.c.obj
 .text.usbd_app_driver_get_cb
                0x10004cc4        0xc CMakeFiles/pico_rmii_ethernet_httpd2.dir/C_/~prj/Dropbox/vsarm/sdk/pico/pico-sdk/src/rp2_common/pico_stdio_usb/reset_interface.c.obj
                0x10004cc4                usbd_app_driver_get_cb
 .text.tud_cdc_line_coding_cb
                0x10004cd0       0x28 CMakeFiles/pico_rmii_ethernet_httpd2.dir/C_/~prj/Dropbox/vsarm/sdk/pico/pico-sdk/src/rp2_common/pico_stdio_usb/reset_interface.c.obj
                0x10004cd0                tud_cdc_line_coding_cb
 .text.stdio_usb_in_chars
                0x10004cf8       0x70 CMakeFiles/pico_rmii_ethernet_httpd2.dir/C_/~prj/Dropbox/vsarm/sdk/pico/pico-sdk/src/rp2_common/pico_stdio_usb/stdio_usb.c.obj
                0x10004cf8                stdio_usb_in_chars
 .text.low_priority_worker_irq
                0x10004d68       0x20 CMakeFiles/pico_rmii_ethernet_httpd2.dir/C_/~prj/Dropbox/vsarm/sdk/pico/pico-sdk/src/rp2_common/pico_stdio_usb/stdio_usb.c.obj
 .text.stdio_usb_out_chars
                0x10004d88       0xd4 CMakeFiles/pico_rmii_ethernet_httpd2.dir/C_/~prj/Dropbox/vsarm/sdk/pico/pico-sdk/src/rp2_common/pico_stdio_usb/stdio_usb.c.obj
 .text.timer_task
                0x10004e5c       0x10 CMakeFiles/pico_rmii_ethernet_httpd2.dir/C_/~prj/Dropbox/vsarm/sdk/pico/pico-sdk/src/rp2_common/pico_stdio_usb/stdio_usb.c.obj
 .text.stdio_usb_init
                0x10004e6c       0xb8 CMakeFiles/pico_rmii_ethernet_httpd2.dir/C_/~prj/Dropbox/vsarm/sdk/pico/pico-sdk/src/rp2_common/pico_stdio_usb/stdio_usb.c.obj
                0x10004e6c                stdio_usb_init
 .text.tud_descriptor_device_cb
                0x10004f24        0x8 CMakeFiles/pico_rmii_ethernet_httpd2.dir/C_/~prj/Dropbox/vsarm/sdk/pico/pico-sdk/src/rp2_common/pico_stdio_usb/stdio_usb_descriptors.c.obj
                0x10004f24                tud_descriptor_device_cb
 .text.tud_descriptor_configuration_cb
                0x10004f2c        0x8 CMakeFiles/pico_rmii_ethernet_httpd2.dir/C_/~prj/Dropbox/vsarm/sdk/pico/pico-sdk/src/rp2_common/pico_stdio_usb/stdio_usb_descriptors.c.obj
                0x10004f2c                tud_descriptor_configuration_cb
 .text.tud_descriptor_string_cb
                0x10004f34       0x6c CMakeFiles/pico_rmii_ethernet_httpd2.dir/C_/~prj/Dropbox/vsarm/sdk/pico/pico-sdk/src/rp2_common/pico_stdio_usb/stdio_usb_descriptors.c.obj
                0x10004f34                tud_descriptor_string_cb
 .text.hw_endpoint_get_by_addr
                0x10004fa0       0x18 CMakeFiles/pico_rmii_ethernet_httpd2.dir/C_/~prj/Dropbox/vsarm/sdk/pico/pico-sdk/lib/tinyusb/src/portable/raspberrypi/rp2040/dcd_rp2040.c.obj
 .text.reset_ep0_pid
                0x10004fb8       0x28 CMakeFiles/pico_rmii_ethernet_httpd2.dir/C_/~prj/Dropbox/vsarm/sdk/pico/pico-sdk/lib/tinyusb/src/portable/raspberrypi/rp2040/dcd_rp2040.c.obj
 .text._hw_endpoint_alloc
                0x10004fe0       0x70 CMakeFiles/pico_rmii_ethernet_httpd2.dir/C_/~prj/Dropbox/vsarm/sdk/pico/pico-sdk/lib/tinyusb/src/portable/raspberrypi/rp2040/dcd_rp2040.c.obj
 .text.hw_endpoint_init
                0x10005050       0x88 CMakeFiles/pico_rmii_ethernet_httpd2.dir/C_/~prj/Dropbox/vsarm/sdk/pico/pico-sdk/lib/tinyusb/src/portable/raspberrypi/rp2040/dcd_rp2040.c.obj
 .text.reset_non_control_endpoints
                0x100050d8       0x40 CMakeFiles/pico_rmii_ethernet_httpd2.dir/C_/~prj/Dropbox/vsarm/sdk/pico/pico-sdk/lib/tinyusb/src/portable/raspberrypi/rp2040/dcd_rp2040.c.obj
 .text.hw_handle_buff_status
                0x10005118       0x8c CMakeFiles/pico_rmii_ethernet_httpd2.dir/C_/~prj/Dropbox/vsarm/sdk/pico/pico-sdk/lib/tinyusb/src/portable/raspberrypi/rp2040/dcd_rp2040.c.obj
 .text.dcd_rp2040_irq
                0x100051a4       0xc0 CMakeFiles/pico_rmii_ethernet_httpd2.dir/C_/~prj/Dropbox/vsarm/sdk/pico/pico-sdk/lib/tinyusb/src/portable/raspberrypi/rp2040/dcd_rp2040.c.obj
 .text.hw_endpoint_xfer
                0x10005264       0x14 CMakeFiles/pico_rmii_ethernet_httpd2.dir/C_/~prj/Dropbox/vsarm/sdk/pico/pico-sdk/lib/tinyusb/src/portable/raspberrypi/rp2040/dcd_rp2040.c.obj
 .text.dcd_int_enable
                0x10005278       0x2c CMakeFiles/pico_rmii_ethernet_httpd2.dir/C_/~prj/Dropbox/vsarm/sdk/pico/pico-sdk/lib/tinyusb/src/portable/raspberrypi/rp2040/dcd_rp2040.c.obj
                0x10005278                dcd_int_enable
 .text.dcd_set_address
                0x100052a4       0x2c CMakeFiles/pico_rmii_ethernet_httpd2.dir/C_/~prj/Dropbox/vsarm/sdk/pico/pico-sdk/lib/tinyusb/src/portable/raspberrypi/rp2040/dcd_rp2040.c.obj
                0x100052a4                dcd_set_address
 .text.dcd_connect
                0x100052d0       0x10 CMakeFiles/pico_rmii_ethernet_httpd2.dir/C_/~prj/Dropbox/vsarm/sdk/pico/pico-sdk/lib/tinyusb/src/portable/raspberrypi/rp2040/dcd_rp2040.c.obj
                0x100052d0                dcd_connect
 .text.dcd_init
                0x100052e0       0x7c CMakeFiles/pico_rmii_ethernet_httpd2.dir/C_/~prj/Dropbox/vsarm/sdk/pico/pico-sdk/lib/tinyusb/src/portable/raspberrypi/rp2040/dcd_rp2040.c.obj
                0x100052e0                dcd_init
 .text.dcd_edpt0_status_complete
                0x1000535c       0x1c CMakeFiles/pico_rmii_ethernet_httpd2.dir/C_/~prj/Dropbox/vsarm/sdk/pico/pico-sdk/lib/tinyusb/src/portable/raspberrypi/rp2040/dcd_rp2040.c.obj
                0x1000535c                dcd_edpt0_status_complete
 .text.dcd_edpt_open
                0x10005378       0x40 CMakeFiles/pico_rmii_ethernet_httpd2.dir/C_/~prj/Dropbox/vsarm/sdk/pico/pico-sdk/lib/tinyusb/src/portable/raspberrypi/rp2040/dcd_rp2040.c.obj
                0x10005378                dcd_edpt_open
 .text.dcd_edpt_close_all
                0x100053b8        0x8 CMakeFiles/pico_rmii_ethernet_httpd2.dir/C_/~prj/Dropbox/vsarm/sdk/pico/pico-sdk/lib/tinyusb/src/portable/raspberrypi/rp2040/dcd_rp2040.c.obj
                0x100053b8                dcd_edpt_close_all
 .text.dcd_edpt_xfer
                0x100053c0       0x30 CMakeFiles/pico_rmii_ethernet_httpd2.dir/C_/~prj/Dropbox/vsarm/sdk/pico/pico-sdk/lib/tinyusb/src/portable/raspberrypi/rp2040/dcd_rp2040.c.obj
                0x100053c0                dcd_edpt_xfer
 .text.dcd_edpt_stall
                0x100053f0       0x2c CMakeFiles/pico_rmii_ethernet_httpd2.dir/C_/~prj/Dropbox/vsarm/sdk/pico/pico-sdk/lib/tinyusb/src/portable/raspberrypi/rp2040/dcd_rp2040.c.obj
                0x100053f0                dcd_edpt_stall
 .text.dcd_edpt_clear_stall
                0x1000541c       0x20 CMakeFiles/pico_rmii_ethernet_httpd2.dir/C_/~prj/Dropbox/vsarm/sdk/pico/pico-sdk/lib/tinyusb/src/portable/raspberrypi/rp2040/dcd_rp2040.c.obj
                0x1000541c                dcd_edpt_clear_stall
 .text.prepare_ep_buffer
                0x1000543c       0x70 CMakeFiles/pico_rmii_ethernet_httpd2.dir/C_/~prj/Dropbox/vsarm/sdk/pico/pico-sdk/lib/tinyusb/src/portable/raspberrypi/rp2040/rp2040_usb.c.obj
 .text.sync_ep_buffer
                0x100054ac       0x7c CMakeFiles/pico_rmii_ethernet_httpd2.dir/C_/~prj/Dropbox/vsarm/sdk/pico/pico-sdk/lib/tinyusb/src/portable/raspberrypi/rp2040/rp2040_usb.c.obj
 .text._hw_endpoint_xfer_sync
                0x10005528       0x28 CMakeFiles/pico_rmii_ethernet_httpd2.dir/C_/~prj/Dropbox/vsarm/sdk/pico/pico-sdk/lib/tinyusb/src/portable/raspberrypi/rp2040/rp2040_usb.c.obj
 .text.rp2040_usb_init
                0x10005550       0x4c CMakeFiles/pico_rmii_ethernet_httpd2.dir/C_/~prj/Dropbox/vsarm/sdk/pico/pico-sdk/lib/tinyusb/src/portable/raspberrypi/rp2040/rp2040_usb.c.obj
                0x10005550                rp2040_usb_init
 .text.hw_endpoint_reset_transfer
                0x1000559c        0xc CMakeFiles/pico_rmii_ethernet_httpd2.dir/C_/~prj/Dropbox/vsarm/sdk/pico/pico-sdk/lib/tinyusb/src/portable/raspberrypi/rp2040/rp2040_usb.c.obj
                0x1000559c                hw_endpoint_reset_transfer
 .text._hw_endpoint_buffer_control_update32
                0x100055a8       0x58 CMakeFiles/pico_rmii_ethernet_httpd2.dir/C_/~prj/Dropbox/vsarm/sdk/pico/pico-sdk/lib/tinyusb/src/portable/raspberrypi/rp2040/rp2040_usb.c.obj
                0x100055a8                _hw_endpoint_buffer_control_update32
 .text._hw_endpoint_start_next_buffer
                0x10005600       0x74 CMakeFiles/pico_rmii_ethernet_httpd2.dir/C_/~prj/Dropbox/vsarm/sdk/pico/pico-sdk/lib/tinyusb/src/portable/raspberrypi/rp2040/rp2040_usb.c.obj
 .text.hw_endpoint_xfer_start
                0x10005674       0x48 CMakeFiles/pico_rmii_ethernet_httpd2.dir/C_/~prj/Dropbox/vsarm/sdk/pico/pico-sdk/lib/tinyusb/src/portable/raspberrypi/rp2040/rp2040_usb.c.obj
                0x10005674                hw_endpoint_xfer_start
 .text.hw_endpoint_xfer_continue
                0x100056bc       0x38 CMakeFiles/pico_rmii_ethernet_httpd2.dir/C_/~prj/Dropbox/vsarm/sdk/pico/pico-sdk/lib/tinyusb/src/portable/raspberrypi/rp2040/rp2040_usb.c.obj
                0x100056bc                hw_endpoint_xfer_continue
 .text.configuration_reset
                0x100056f4       0x84 CMakeFiles/pico_rmii_ethernet_httpd2.dir/C_/~prj/Dropbox/vsarm/sdk/pico/pico-sdk/lib/tinyusb/src/device/usbd.c.obj
 .text.usbd_reset
                0x10005778        0xc CMakeFiles/pico_rmii_ethernet_httpd2.dir/C_/~prj/Dropbox/vsarm/sdk/pico/pico-sdk/lib/tinyusb/src/device/usbd.c.obj
 .text.invoke_class_control
                0x10005784       0x1a CMakeFiles/pico_rmii_ethernet_httpd2.dir/C_/~prj/Dropbox/vsarm/sdk/pico/pico-sdk/lib/tinyusb/src/device/usbd.c.obj
 *fill*         0x1000579e        0x2 
 .text.process_set_config
                0x100057a0      0x1b0 CMakeFiles/pico_rmii_ethernet_httpd2.dir/C_/~prj/Dropbox/vsarm/sdk/pico/pico-sdk/lib/tinyusb/src/device/usbd.c.obj
 .text.process_get_descriptor
                0x10005950       0xec CMakeFiles/pico_rmii_ethernet_httpd2.dir/C_/~prj/Dropbox/vsarm/sdk/pico/pico-sdk/lib/tinyusb/src/device/usbd.c.obj
 .text.tud_mounted
                0x10005a3c       0x10 CMakeFiles/pico_rmii_ethernet_httpd2.dir/C_/~prj/Dropbox/vsarm/sdk/pico/pico-sdk/lib/tinyusb/src/device/usbd.c.obj
                0x10005a3c                tud_mounted
 .text.tud_suspended
                0x10005a4c       0x10 CMakeFiles/pico_rmii_ethernet_httpd2.dir/C_/~prj/Dropbox/vsarm/sdk/pico/pico-sdk/lib/tinyusb/src/device/usbd.c.obj
                0x10005a4c                tud_suspended
 .text.tud_inited
                0x10005a5c        0xc CMakeFiles/pico_rmii_ethernet_httpd2.dir/C_/~prj/Dropbox/vsarm/sdk/pico/pico-sdk/lib/tinyusb/src/device/usbd.c.obj
                0x10005a5c                tud_inited
 .text.tud_init
                0x10005a68       0xcc CMakeFiles/pico_rmii_ethernet_httpd2.dir/C_/~prj/Dropbox/vsarm/sdk/pico/pico-sdk/lib/tinyusb/src/device/usbd.c.obj
                0x10005a68                tud_init
 .text.dcd_event_handler
                0x10005b34      0x1e0 CMakeFiles/pico_rmii_ethernet_httpd2.dir/C_/~prj/Dropbox/vsarm/sdk/pico/pico-sdk/lib/tinyusb/src/device/usbd.c.obj
                0x10005b34                dcd_event_handler
 .text.dcd_event_bus_signal
                0x10005d14       0x26 CMakeFiles/pico_rmii_ethernet_httpd2.dir/C_/~prj/Dropbox/vsarm/sdk/pico/pico-sdk/lib/tinyusb/src/device/usbd.c.obj
                0x10005d14                dcd_event_bus_signal
 .text.dcd_event_bus_reset
                0x10005d3a       0x2a CMakeFiles/pico_rmii_ethernet_httpd2.dir/C_/~prj/Dropbox/vsarm/sdk/pico/pico-sdk/lib/tinyusb/src/device/usbd.c.obj
                0x10005d3a                dcd_event_bus_reset
 .text.dcd_event_setup_received
                0x10005d64       0x34 CMakeFiles/pico_rmii_ethernet_httpd2.dir/C_/~prj/Dropbox/vsarm/sdk/pico/pico-sdk/lib/tinyusb/src/device/usbd.c.obj
                0x10005d64                dcd_event_setup_received
 .text.dcd_event_xfer_complete
                0x10005d98       0x44 CMakeFiles/pico_rmii_ethernet_httpd2.dir/C_/~prj/Dropbox/vsarm/sdk/pico/pico-sdk/lib/tinyusb/src/device/usbd.c.obj
                0x10005d98                dcd_event_xfer_complete
 .text.usbd_edpt_open
                0x10005ddc       0x58 CMakeFiles/pico_rmii_ethernet_httpd2.dir/C_/~prj/Dropbox/vsarm/sdk/pico/pico-sdk/lib/tinyusb/src/device/usbd.c.obj
                0x10005ddc                usbd_edpt_open
 .text.usbd_open_edpt_pair
                0x10005e34       0x8c CMakeFiles/pico_rmii_ethernet_httpd2.dir/C_/~prj/Dropbox/vsarm/sdk/pico/pico-sdk/lib/tinyusb/src/device/usbd.c.obj
                0x10005e34                usbd_open_edpt_pair
 .text.usbd_edpt_claim
                0x10005ec0       0x8c CMakeFiles/pico_rmii_ethernet_httpd2.dir/C_/~prj/Dropbox/vsarm/sdk/pico/pico-sdk/lib/tinyusb/src/device/usbd.c.obj
                0x10005ec0                usbd_edpt_claim
 .text.usbd_edpt_release
                0x10005f4c       0x68 CMakeFiles/pico_rmii_ethernet_httpd2.dir/C_/~prj/Dropbox/vsarm/sdk/pico/pico-sdk/lib/tinyusb/src/device/usbd.c.obj
                0x10005f4c                usbd_edpt_release
 .text.usbd_edpt_xfer
                0x10005fb4       0x80 CMakeFiles/pico_rmii_ethernet_httpd2.dir/C_/~prj/Dropbox/vsarm/sdk/pico/pico-sdk/lib/tinyusb/src/device/usbd.c.obj
                0x10005fb4                usbd_edpt_xfer
 .text.usbd_edpt_stall
                0x10006034       0x40 CMakeFiles/pico_rmii_ethernet_httpd2.dir/C_/~prj/Dropbox/vsarm/sdk/pico/pico-sdk/lib/tinyusb/src/device/usbd.c.obj
                0x10006034                usbd_edpt_stall
 .text.usbd_edpt_clear_stall
                0x10006074       0x40 CMakeFiles/pico_rmii_ethernet_httpd2.dir/C_/~prj/Dropbox/vsarm/sdk/pico/pico-sdk/lib/tinyusb/src/device/usbd.c.obj
                0x10006074                usbd_edpt_clear_stall
 .text.usbd_edpt_stalled
                0x100060b4       0x1c CMakeFiles/pico_rmii_ethernet_httpd2.dir/C_/~prj/Dropbox/vsarm/sdk/pico/pico-sdk/lib/tinyusb/src/device/usbd.c.obj
                0x100060b4                usbd_edpt_stalled
 .text.process_control_request
                0x100060d0      0x3b8 CMakeFiles/pico_rmii_ethernet_httpd2.dir/C_/~prj/Dropbox/vsarm/sdk/pico/pico-sdk/lib/tinyusb/src/device/usbd.c.obj
 .text.tud_task
                0x10006488      0x218 CMakeFiles/pico_rmii_ethernet_httpd2.dir/C_/~prj/Dropbox/vsarm/sdk/pico/pico-sdk/lib/tinyusb/src/device/usbd.c.obj
                0x10006488                tud_task
 .text._data_stage_xact
                0x100066a0       0x58 CMakeFiles/pico_rmii_ethernet_httpd2.dir/C_/~prj/Dropbox/vsarm/sdk/pico/pico-sdk/lib/tinyusb/src/device/usbd_control.c.obj
 .text.tud_control_status
                0x100066f8       0x38 CMakeFiles/pico_rmii_ethernet_httpd2.dir/C_/~prj/Dropbox/vsarm/sdk/pico/pico-sdk/lib/tinyusb/src/device/usbd_control.c.obj
                0x100066f8                tud_control_status
 .text.tud_control_xfer
                0x10006730       0xa8 CMakeFiles/pico_rmii_ethernet_httpd2.dir/C_/~prj/Dropbox/vsarm/sdk/pico/pico-sdk/lib/tinyusb/src/device/usbd_control.c.obj
                0x10006730                tud_control_xfer
 .text.usbd_control_reset
                0x100067d8       0x14 CMakeFiles/pico_rmii_ethernet_httpd2.dir/C_/~prj/Dropbox/vsarm/sdk/pico/pico-sdk/lib/tinyusb/src/device/usbd_control.c.obj
                0x100067d8                usbd_control_reset
 .text.usbd_control_set_complete_callback
                0x100067ec        0xc CMakeFiles/pico_rmii_ethernet_httpd2.dir/C_/~prj/Dropbox/vsarm/sdk/pico/pico-sdk/lib/tinyusb/src/device/usbd_control.c.obj
                0x100067ec                usbd_control_set_complete_callback
 .text.usbd_control_set_request
                0x100067f8       0x1c CMakeFiles/pico_rmii_ethernet_httpd2.dir/C_/~prj/Dropbox/vsarm/sdk/pico/pico-sdk/lib/tinyusb/src/device/usbd_control.c.obj
                0x100067f8                usbd_control_set_request
 .text.usbd_control_xfer_cb
                0x10006814       0xfc CMakeFiles/pico_rmii_ethernet_httpd2.dir/C_/~prj/Dropbox/vsarm/sdk/pico/pico-sdk/lib/tinyusb/src/device/usbd_control.c.obj
                0x10006814                usbd_control_xfer_cb
 .text._prep_out_transaction
                0x10006910       0x46 CMakeFiles/pico_rmii_ethernet_httpd2.dir/C_/~prj/Dropbox/vsarm/sdk/pico/pico-sdk/lib/tinyusb/src/class/cdc/cdc_device.c.obj
 *fill*         0x10006956        0x2 
 .text.tud_cdc_n_connected
                0x10006958       0x44 CMakeFiles/pico_rmii_ethernet_httpd2.dir/C_/~prj/Dropbox/vsarm/sdk/pico/pico-sdk/lib/tinyusb/src/class/cdc/cdc_device.c.obj
                0x10006958                tud_cdc_n_connected
 .text.tud_cdc_n_available
                0x1000699c       0x18 CMakeFiles/pico_rmii_ethernet_httpd2.dir/C_/~prj/Dropbox/vsarm/sdk/pico/pico-sdk/lib/tinyusb/src/class/cdc/cdc_device.c.obj
                0x1000699c                tud_cdc_n_available
 .text.tud_cdc_n_read
                0x100069b4       0x28 CMakeFiles/pico_rmii_ethernet_httpd2.dir/C_/~prj/Dropbox/vsarm/sdk/pico/pico-sdk/lib/tinyusb/src/class/cdc/cdc_device.c.obj
                0x100069b4                tud_cdc_n_read
 .text.tud_cdc_n_write_flush
                0x100069dc       0xcc CMakeFiles/pico_rmii_ethernet_httpd2.dir/C_/~prj/Dropbox/vsarm/sdk/pico/pico-sdk/lib/tinyusb/src/class/cdc/cdc_device.c.obj
                0x100069dc                tud_cdc_n_write_flush
 .text.tud_cdc_n_write
                0x10006aa8       0x38 CMakeFiles/pico_rmii_ethernet_httpd2.dir/C_/~prj/Dropbox/vsarm/sdk/pico/pico-sdk/lib/tinyusb/src/class/cdc/cdc_device.c.obj
                0x10006aa8                tud_cdc_n_write
 .text.tud_cdc_n_write_available
                0x10006ae0       0x1c CMakeFiles/pico_rmii_ethernet_httpd2.dir/C_/~prj/Dropbox/vsarm/sdk/pico/pico-sdk/lib/tinyusb/src/class/cdc/cdc_device.c.obj
                0x10006ae0                tud_cdc_n_write_available
 .text.cdcd_init
                0x10006afc       0xbc CMakeFiles/pico_rmii_ethernet_httpd2.dir/C_/~prj/Dropbox/vsarm/sdk/pico/pico-sdk/lib/tinyusb/src/class/cdc/cdc_device.c.obj
                0x10006afc                cdcd_init
 .text.cdcd_reset
                0x10006bb8       0x44 CMakeFiles/pico_rmii_ethernet_httpd2.dir/C_/~prj/Dropbox/vsarm/sdk/pico/pico-sdk/lib/tinyusb/src/class/cdc/cdc_device.c.obj
                0x10006bb8                cdcd_reset
 .text.cdcd_open
                0x10006bfc       0xf8 CMakeFiles/pico_rmii_ethernet_httpd2.dir/C_/~prj/Dropbox/vsarm/sdk/pico/pico-sdk/lib/tinyusb/src/class/cdc/cdc_device.c.obj
                0x10006bfc                cdcd_open
 .text.cdcd_control_xfer_cb
                0x10006cf4      0x134 CMakeFiles/pico_rmii_ethernet_httpd2.dir/C_/~prj/Dropbox/vsarm/sdk/pico/pico-sdk/lib/tinyusb/src/class/cdc/cdc_device.c.obj
                0x10006cf4                cdcd_control_xfer_cb
 .text.cdcd_xfer_cb
                0x10006e28      0x144 CMakeFiles/pico_rmii_ethernet_httpd2.dir/C_/~prj/Dropbox/vsarm/sdk/pico/pico-sdk/lib/tinyusb/src/class/cdc/cdc_device.c.obj
                0x10006e28                cdcd_xfer_cb
 .text.tusb_init
                0x10006f6c       0x24 CMakeFiles/pico_rmii_ethernet_httpd2.dir/C_/~prj/Dropbox/vsarm/sdk/pico/pico-sdk/lib/tinyusb/src/tusb.c.obj
                0x10006f6c                tusb_init
 .text.tusb_inited
                0x10006f90        0xe CMakeFiles/pico_rmii_ethernet_httpd2.dir/C_/~prj/Dropbox/vsarm/sdk/pico/pico-sdk/lib/tinyusb/src/tusb.c.obj
                0x10006f90                tusb_inited
 *fill*         0x10006f9e        0x2 
 .text.tu_edpt_validate
                0x10006fa0       0xa8 CMakeFiles/pico_rmii_ethernet_httpd2.dir/C_/~prj/Dropbox/vsarm/sdk/pico/pico-sdk/lib/tinyusb/src/tusb.c.obj
                0x10006fa0                tu_edpt_validate
 .text.tu_edpt_bind_driver
                0x10007048       0x2a CMakeFiles/pico_rmii_ethernet_httpd2.dir/C_/~prj/Dropbox/vsarm/sdk/pico/pico-sdk/lib/tinyusb/src/tusb.c.obj
                0x10007048                tu_edpt_bind_driver
 .text.advance_pointer
                0x10007072       0x18 CMakeFiles/pico_rmii_ethernet_httpd2.dir/C_/~prj/Dropbox/vsarm/sdk/pico/pico-sdk/lib/tinyusb/src/common/tusb_fifo.c.obj
 .text.backward_pointer
                0x1000708a       0x1e CMakeFiles/pico_rmii_ethernet_httpd2.dir/C_/~prj/Dropbox/vsarm/sdk/pico/pico-sdk/lib/tinyusb/src/common/tusb_fifo.c.obj
 .text.get_relative_pointer
                0x100070a8       0x10 CMakeFiles/pico_rmii_ethernet_httpd2.dir/C_/~prj/Dropbox/vsarm/sdk/pico/pico-sdk/lib/tinyusb/src/common/tusb_fifo.c.obj
 .text._tu_fifo_peek
                0x100070b8       0x50 CMakeFiles/pico_rmii_ethernet_httpd2.dir/C_/~prj/Dropbox/vsarm/sdk/pico/pico-sdk/lib/tinyusb/src/common/tusb_fifo.c.obj
 .text._ff_pull_const_addr
                0x10007108       0x4c CMakeFiles/pico_rmii_ethernet_httpd2.dir/C_/~prj/Dropbox/vsarm/sdk/pico/pico-sdk/lib/tinyusb/src/common/tusb_fifo.c.obj
 .text._ff_pull_n
                0x10007154      0x10c CMakeFiles/pico_rmii_ethernet_httpd2.dir/C_/~prj/Dropbox/vsarm/sdk/pico/pico-sdk/lib/tinyusb/src/common/tusb_fifo.c.obj
 .text._tu_fifo_peek_n
                0x10007260       0x5e CMakeFiles/pico_rmii_ethernet_httpd2.dir/C_/~prj/Dropbox/vsarm/sdk/pico/pico-sdk/lib/tinyusb/src/common/tusb_fifo.c.obj
 .text._tu_fifo_read_n
                0x100072be       0x4e CMakeFiles/pico_rmii_ethernet_httpd2.dir/C_/~prj/Dropbox/vsarm/sdk/pico/pico-sdk/lib/tinyusb/src/common/tusb_fifo.c.obj
 .text._ff_push_const_addr
                0x1000730c       0x40 CMakeFiles/pico_rmii_ethernet_httpd2.dir/C_/~prj/Dropbox/vsarm/sdk/pico/pico-sdk/lib/tinyusb/src/common/tusb_fifo.c.obj
 .text._ff_push_n
                0x1000734c      0x108 CMakeFiles/pico_rmii_ethernet_httpd2.dir/C_/~prj/Dropbox/vsarm/sdk/pico/pico-sdk/lib/tinyusb/src/common/tusb_fifo.c.obj
 .text._tu_fifo_write_n
                0x10007454       0x9e CMakeFiles/pico_rmii_ethernet_httpd2.dir/C_/~prj/Dropbox/vsarm/sdk/pico/pico-sdk/lib/tinyusb/src/common/tusb_fifo.c.obj
 .text.tu_fifo_config
                0x100074f2       0x72 CMakeFiles/pico_rmii_ethernet_httpd2.dir/C_/~prj/Dropbox/vsarm/sdk/pico/pico-sdk/lib/tinyusb/src/common/tusb_fifo.c.obj
                0x100074f2                tu_fifo_config
 .text.tu_fifo_count
                0x10007564       0x26 CMakeFiles/pico_rmii_ethernet_httpd2.dir/C_/~prj/Dropbox/vsarm/sdk/pico/pico-sdk/lib/tinyusb/src/common/tusb_fifo.c.obj
                0x10007564                tu_fifo_count
 .text.tu_fifo_empty
                0x1000758a       0x10 CMakeFiles/pico_rmii_ethernet_httpd2.dir/C_/~prj/Dropbox/vsarm/sdk/pico/pico-sdk/lib/tinyusb/src/common/tusb_fifo.c.obj
                0x1000758a                tu_fifo_empty
 .text.tu_fifo_remaining
                0x1000759a       0x20 CMakeFiles/pico_rmii_ethernet_httpd2.dir/C_/~prj/Dropbox/vsarm/sdk/pico/pico-sdk/lib/tinyusb/src/common/tusb_fifo.c.obj
                0x1000759a                tu_fifo_remaining
 .text.tu_fifo_read
                0x100075ba       0x42 CMakeFiles/pico_rmii_ethernet_httpd2.dir/C_/~prj/Dropbox/vsarm/sdk/pico/pico-sdk/lib/tinyusb/src/common/tusb_fifo.c.obj
                0x100075ba                tu_fifo_read
 .text.tu_fifo_read_n
                0x100075fc        0xa CMakeFiles/pico_rmii_ethernet_httpd2.dir/C_/~prj/Dropbox/vsarm/sdk/pico/pico-sdk/lib/tinyusb/src/common/tusb_fifo.c.obj
                0x100075fc                tu_fifo_read_n
 .text.tu_fifo_write
                0x10007606       0x6c CMakeFiles/pico_rmii_ethernet_httpd2.dir/C_/~prj/Dropbox/vsarm/sdk/pico/pico-sdk/lib/tinyusb/src/common/tusb_fifo.c.obj
                0x10007606                tu_fifo_write
 .text.tu_fifo_write_n
                0x10007672        0xa CMakeFiles/pico_rmii_ethernet_httpd2.dir/C_/~prj/Dropbox/vsarm/sdk/pico/pico-sdk/lib/tinyusb/src/common/tusb_fifo.c.obj
                0x10007672                tu_fifo_write_n
 .text.tu_fifo_clear
                0x1000767c       0x4c CMakeFiles/pico_rmii_ethernet_httpd2.dir/C_/~prj/Dropbox/vsarm/sdk/pico/pico-sdk/lib/tinyusb/src/common/tusb_fifo.c.obj
                0x1000767c                tu_fifo_clear
 .text.tu_fifo_set_overwritable
                0x100076c8       0x3c CMakeFiles/pico_rmii_ethernet_httpd2.dir/C_/~prj/Dropbox/vsarm/sdk/pico/pico-sdk/lib/tinyusb/src/common/tusb_fifo.c.obj
                0x100076c8                tu_fifo_set_overwritable
 .text._retrieve_unique_id_on_boot
                0x10007704       0x10 CMakeFiles/pico_rmii_ethernet_httpd2.dir/C_/~prj/Dropbox/vsarm/sdk/pico/pico-sdk/src/rp2_common/pico_unique_id/unique_id.c.obj
 .text.pico_get_unique_board_id
                0x10007714       0x10 CMakeFiles/pico_rmii_ethernet_httpd2.dir/C_/~prj/Dropbox/vsarm/sdk/pico/pico-sdk/src/rp2_common/pico_unique_id/unique_id.c.obj
                0x10007714                pico_get_unique_board_id
 .text.pico_get_unique_board_id_string
                0x10007724       0x60 CMakeFiles/pico_rmii_ethernet_httpd2.dir/C_/~prj/Dropbox/vsarm/sdk/pico/pico-sdk/src/rp2_common/pico_unique_id/unique_id.c.obj
                0x10007724                pico_get_unique_board_id_string
 .text.flash_get_unique_id
                0x10007784       0x46 CMakeFiles/pico_rmii_ethernet_httpd2.dir/C_/~prj/Dropbox/vsarm/sdk/pico/pico-sdk/src/rp2_common/hardware_flash/flash.c.obj
                0x10007784                flash_get_unique_id
 *fill*         0x100077ca        0x2 
 .text.ethernet_frame_crc
                0x100077cc       0x38 CMakeFiles/pico_rmii_ethernet_httpd2.dir/src/rmii_ethernet.c.obj
 .text.netif_rmii_ethernet_mdio_clock_out
                0x10007804       0x50 CMakeFiles/pico_rmii_ethernet_httpd2.dir/src/rmii_ethernet.c.obj
 .text.netif_rmii_ethernet_mdio_clock_in
                0x10007854       0x40 CMakeFiles/pico_rmii_ethernet_httpd2.dir/src/rmii_ethernet.c.obj
 .text.netif_rmii_ethernet_mdio_read
                0x10007894       0xc0 CMakeFiles/pico_rmii_ethernet_httpd2.dir/src/rmii_ethernet.c.obj
 .text.netif_rmii_ethernet_output
                0x10007954      0x18c CMakeFiles/pico_rmii_ethernet_httpd2.dir/src/rmii_ethernet.c.obj
 .text.netif_rmii_ethernet_rx_dv_falling_callback
                0x10007ae0       0x60 CMakeFiles/pico_rmii_ethernet_httpd2.dir/src/rmii_ethernet.c.obj
 .text.ethernet_frame_length
                0x10007b40       0x54 CMakeFiles/pico_rmii_ethernet_httpd2.dir/src/rmii_ethernet.c.obj
 .text.netif_rmii_ethernet_mdio_write
                0x10007b94       0xc4 CMakeFiles/pico_rmii_ethernet_httpd2.dir/src/rmii_ethernet.c.obj
                0x10007b94                netif_rmii_ethernet_mdio_write
 .text.netif_rmii_ethernet_low_init
                0x10007c58      0x340 CMakeFiles/pico_rmii_ethernet_httpd2.dir/src/rmii_ethernet.c.obj
 .text.netif_rmii_ethernet_init
                0x10007f98       0x4c CMakeFiles/pico_rmii_ethernet_httpd2.dir/src/rmii_ethernet.c.obj
                0x10007f98                netif_rmii_ethernet_init
 .text.netif_rmii_ethernet_poll
                0x10007fe4      0x220 CMakeFiles/pico_rmii_ethernet_httpd2.dir/src/rmii_ethernet.c.obj
                0x10007fe4                netif_rmii_ethernet_poll
 .text.netif_rmii_ethernet_loop
                0x10008204        0x8 CMakeFiles/pico_rmii_ethernet_httpd2.dir/src/rmii_ethernet.c.obj
                0x10008204                netif_rmii_ethernet_loop
 .text._pio_can_add_program_at_offset
                0x1000820c       0x3c CMakeFiles/pico_rmii_ethernet_httpd2.dir/C_/~prj/Dropbox/vsarm/sdk/pico/pico-sdk/src/rp2_common/hardware_pio/pio.c.obj
 .text._pio_find_offset_for_program
                0x10008248       0x7c CMakeFiles/pico_rmii_ethernet_httpd2.dir/C_/~prj/Dropbox/vsarm/sdk/pico/pico-sdk/src/rp2_common/hardware_pio/pio.c.obj
 .text._pio_add_program_at_offset
                0x100082c4       0x78 CMakeFiles/pico_rmii_ethernet_httpd2.dir/C_/~prj/Dropbox/vsarm/sdk/pico/pico-sdk/src/rp2_common/hardware_pio/pio.c.obj
 .text.pio_add_program
                0x1000833c       0x38 CMakeFiles/pico_rmii_ethernet_httpd2.dir/C_/~prj/Dropbox/vsarm/sdk/pico/pico-sdk/src/rp2_common/hardware_pio/pio.c.obj
                0x1000833c                pio_add_program
 .text.pio_sm_set_consecutive_pindirs
                0x10008374       0x70 CMakeFiles/pico_rmii_ethernet_httpd2.dir/C_/~prj/Dropbox/vsarm/sdk/pico/pico-sdk/src/rp2_common/hardware_pio/pio.c.obj
                0x10008374                pio_sm_set_consecutive_pindirs
 .text.pio_sm_init
                0x100083e4       0xe4 CMakeFiles/pico_rmii_ethernet_httpd2.dir/C_/~prj/Dropbox/vsarm/sdk/pico/pico-sdk/src/rp2_common/hardware_pio/pio.c.obj
                0x100083e4                pio_sm_init
 .text.dma_claim_unused_channel
                0x100084c8       0x20 CMakeFiles/pico_rmii_ethernet_httpd2.dir/C_/~prj/Dropbox/vsarm/sdk/pico/pico-sdk/src/rp2_common/hardware_dma/dma.c.obj
                0x100084c8                dma_claim_unused_channel
 .text.lwip_htons
                0x100084e8        0xa CMakeFiles/pico_rmii_ethernet_httpd2.dir/lib/lwip/src/core/def.c.obj
                0x100084e8                lwip_htons
 .text.lwip_htonl
                0x100084f2       0x1c CMakeFiles/pico_rmii_ethernet_httpd2.dir/lib/lwip/src/core/def.c.obj
                0x100084f2                lwip_htonl
 .text.lwip_strnstr
                0x1000850e       0x58 CMakeFiles/pico_rmii_ethernet_httpd2.dir/lib/lwip/src/core/def.c.obj
                0x1000850e                lwip_strnstr
 .text.lwip_standard_chksum
                0x10008566       0x6a CMakeFiles/pico_rmii_ethernet_httpd2.dir/lib/lwip/src/core/inet_chksum.c.obj
                0x10008566                lwip_standard_chksum
 .text.inet_cksum_pseudo_base
                0x100085d0       0x7c CMakeFiles/pico_rmii_ethernet_httpd2.dir/lib/lwip/src/core/inet_chksum.c.obj
 .text.inet_chksum_pseudo
                0x1000864c       0x30 CMakeFiles/pico_rmii_ethernet_httpd2.dir/lib/lwip/src/core/inet_chksum.c.obj
                0x1000864c                inet_chksum_pseudo
 .text.ip_chksum_pseudo
                0x1000867c       0x10 CMakeFiles/pico_rmii_ethernet_httpd2.dir/lib/lwip/src/core/inet_chksum.c.obj
                0x1000867c                ip_chksum_pseudo
 .text.inet_chksum
                0x1000868c        0xc CMakeFiles/pico_rmii_ethernet_httpd2.dir/lib/lwip/src/core/inet_chksum.c.obj
                0x1000868c                inet_chksum
 .text.inet_chksum_pbuf
                0x10008698       0x52 CMakeFiles/pico_rmii_ethernet_httpd2.dir/lib/lwip/src/core/inet_chksum.c.obj
                0x10008698                inet_chksum_pbuf
 .text.lwip_init
                0x100086ea       0x20 CMakeFiles/pico_rmii_ethernet_httpd2.dir/lib/lwip/src/core/init.c.obj
                0x100086ea                lwip_init
 *fill*         0x1000870a        0x2 
 .text.ptr_to_mem
                0x1000870c        0xc CMakeFiles/pico_rmii_ethernet_httpd2.dir/lib/lwip/src/core/mem.c.obj
 .text.mem_to_ptr
                0x10008718       0x10 CMakeFiles/pico_rmii_ethernet_httpd2.dir/lib/lwip/src/core/mem.c.obj
 .text.plug_holes
                0x10008728       0x8c CMakeFiles/pico_rmii_ethernet_httpd2.dir/lib/lwip/src/core/mem.c.obj
 .text.mem_link_valid
                0x100087b4       0x5c CMakeFiles/pico_rmii_ethernet_httpd2.dir/lib/lwip/src/core/mem.c.obj
 .text.mem_init
                0x10008810       0x4c CMakeFiles/pico_rmii_ethernet_httpd2.dir/lib/lwip/src/core/mem.c.obj
                0x10008810                mem_init
 .text.mem_free
                0x1000885c       0xc8 CMakeFiles/pico_rmii_ethernet_httpd2.dir/lib/lwip/src/core/mem.c.obj
                0x1000885c                mem_free
 .text.mem_trim
                0x10008924      0x158 CMakeFiles/pico_rmii_ethernet_httpd2.dir/lib/lwip/src/core/mem.c.obj
                0x10008924                mem_trim
 .text.mem_malloc
                0x10008a7c      0x134 CMakeFiles/pico_rmii_ethernet_httpd2.dir/lib/lwip/src/core/mem.c.obj
                0x10008a7c                mem_malloc
 .text.do_memp_malloc_pool
                0x10008bb0       0x3e CMakeFiles/pico_rmii_ethernet_httpd2.dir/lib/lwip/src/core/memp.c.obj
 .text.do_memp_free_pool
                0x10008bee       0x22 CMakeFiles/pico_rmii_ethernet_httpd2.dir/lib/lwip/src/core/memp.c.obj
 .text.memp_init_pool
                0x10008c10       0x2e CMakeFiles/pico_rmii_ethernet_httpd2.dir/lib/lwip/src/core/memp.c.obj
                0x10008c10                memp_init_pool
 *fill*         0x10008c3e        0x2 
 .text.memp_init
                0x10008c40       0x34 CMakeFiles/pico_rmii_ethernet_httpd2.dir/lib/lwip/src/core/memp.c.obj
                0x10008c40                memp_init
 .text.memp_malloc
                0x10008c74       0x1c CMakeFiles/pico_rmii_ethernet_httpd2.dir/lib/lwip/src/core/memp.c.obj
                0x10008c74                memp_malloc
 .text.memp_free
                0x10008c90       0x1c CMakeFiles/pico_rmii_ethernet_httpd2.dir/lib/lwip/src/core/memp.c.obj
                0x10008c90                memp_free
 .text.netif_do_set_netmask
                0x10008cac       0x1a CMakeFiles/pico_rmii_ethernet_httpd2.dir/lib/lwip/src/core/netif.c.obj
 .text.netif_do_set_gw
                0x10008cc6       0x1a CMakeFiles/pico_rmii_ethernet_httpd2.dir/lib/lwip/src/core/netif.c.obj
 .text.netif_null_output_ip4
                0x10008ce0        0x6 CMakeFiles/pico_rmii_ethernet_httpd2.dir/lib/lwip/src/core/netif.c.obj
 .text.netif_do_ip_addr_changed
                0x10008ce6       0x1c CMakeFiles/pico_rmii_ethernet_httpd2.dir/lib/lwip/src/core/netif.c.obj
 .text.netif_do_set_ipaddr
                0x10008d02       0x48 CMakeFiles/pico_rmii_ethernet_httpd2.dir/lib/lwip/src/core/netif.c.obj
 .text.netif_init
                0x10008d4a        0x2 CMakeFiles/pico_rmii_ethernet_httpd2.dir/lib/lwip/src/core/netif.c.obj
                0x10008d4a                netif_init
 .text.netif_input
                0x10008d4c       0x18 CMakeFiles/pico_rmii_ethernet_httpd2.dir/lib/lwip/src/core/netif.c.obj
                0x10008d4c                netif_input
 .text.netif_set_addr
                0x10008d64       0x78 CMakeFiles/pico_rmii_ethernet_httpd2.dir/lib/lwip/src/core/netif.c.obj
                0x10008d64                netif_set_addr
 .text.netif_add
                0x10008ddc       0xf0 CMakeFiles/pico_rmii_ethernet_httpd2.dir/lib/lwip/src/core/netif.c.obj
                0x10008ddc                netif_add
 .text.netif_set_default
                0x10008ecc        0xc CMakeFiles/pico_rmii_ethernet_httpd2.dir/lib/lwip/src/core/netif.c.obj
                0x10008ecc                netif_set_default
 .text.netif_set_up
                0x10008ed8       0x20 CMakeFiles/pico_rmii_ethernet_httpd2.dir/lib/lwip/src/core/netif.c.obj
                0x10008ed8                netif_set_up
 .text.netif_set_status_callback
                0x10008ef8        0x8 CMakeFiles/pico_rmii_ethernet_httpd2.dir/lib/lwip/src/core/netif.c.obj
                0x10008ef8                netif_set_status_callback
 .text.netif_set_link_up
                0x10008f00       0x28 CMakeFiles/pico_rmii_ethernet_httpd2.dir/lib/lwip/src/core/netif.c.obj
                0x10008f00                netif_set_link_up
 .text.netif_set_link_down
                0x10008f28       0x28 CMakeFiles/pico_rmii_ethernet_httpd2.dir/lib/lwip/src/core/netif.c.obj
                0x10008f28                netif_set_link_down
 .text.netif_set_link_callback
                0x10008f50        0x8 CMakeFiles/pico_rmii_ethernet_httpd2.dir/lib/lwip/src/core/netif.c.obj
                0x10008f50                netif_set_link_callback
 .text.netif_get_by_index
                0x10008f58       0x24 CMakeFiles/pico_rmii_ethernet_httpd2.dir/lib/lwip/src/core/netif.c.obj
                0x10008f58                netif_get_by_index
 .text.pbuf_init_alloced_pbuf
                0x10008f7c       0x20 CMakeFiles/pico_rmii_ethernet_httpd2.dir/lib/lwip/src/core/pbuf.c.obj
 .text.pbuf_add_header_impl
                0x10008f9c       0x60 CMakeFiles/pico_rmii_ethernet_httpd2.dir/lib/lwip/src/core/pbuf.c.obj
 .text.pbuf_pool_is_empty
                0x10008ffc       0x18 CMakeFiles/pico_rmii_ethernet_httpd2.dir/lib/lwip/src/core/pbuf.c.obj
 .text.pbuf_free_ooseq
                0x10009014       0x30 CMakeFiles/pico_rmii_ethernet_httpd2.dir/lib/lwip/src/core/pbuf.c.obj
                0x10009014                pbuf_free_ooseq
 .text.pbuf_alloc_reference
                0x10009044       0x2a CMakeFiles/pico_rmii_ethernet_httpd2.dir/lib/lwip/src/core/pbuf.c.obj
                0x10009044                pbuf_alloc_reference
 .text.pbuf_alloced_custom
                0x1000906e       0x3c CMakeFiles/pico_rmii_ethernet_httpd2.dir/lib/lwip/src/core/pbuf.c.obj
                0x1000906e                pbuf_alloced_custom
 .text.pbuf_add_header
                0x100090aa        0xa CMakeFiles/pico_rmii_ethernet_httpd2.dir/lib/lwip/src/core/pbuf.c.obj
                0x100090aa                pbuf_add_header
 .text.pbuf_remove_header
                0x100090b4       0x40 CMakeFiles/pico_rmii_ethernet_httpd2.dir/lib/lwip/src/core/pbuf.c.obj
                0x100090b4                pbuf_remove_header
 .text.pbuf_header_impl
                0x100090f4       0x14 CMakeFiles/pico_rmii_ethernet_httpd2.dir/lib/lwip/src/core/pbuf.c.obj
 .text.pbuf_header_force
                0x10009108        0xa CMakeFiles/pico_rmii_ethernet_httpd2.dir/lib/lwip/src/core/pbuf.c.obj
                0x10009108                pbuf_header_force
 .text.pbuf_free
                0x10009112       0x6c CMakeFiles/pico_rmii_ethernet_httpd2.dir/lib/lwip/src/core/pbuf.c.obj
                0x10009112                pbuf_free
 *fill*         0x1000917e        0x2 
 .text.pbuf_alloc
                0x10009180      0x128 CMakeFiles/pico_rmii_ethernet_httpd2.dir/lib/lwip/src/core/pbuf.c.obj
                0x10009180                pbuf_alloc
 .text.pbuf_realloc
                0x100092a8       0x56 CMakeFiles/pico_rmii_ethernet_httpd2.dir/lib/lwip/src/core/pbuf.c.obj
                0x100092a8                pbuf_realloc
 .text.pbuf_clen
                0x100092fe       0x12 CMakeFiles/pico_rmii_ethernet_httpd2.dir/lib/lwip/src/core/pbuf.c.obj
                0x100092fe                pbuf_clen
 .text.pbuf_ref
                0x10009310       0x16 CMakeFiles/pico_rmii_ethernet_httpd2.dir/lib/lwip/src/core/pbuf.c.obj
                0x10009310                pbuf_ref
 .text.pbuf_cat
                0x10009326       0x28 CMakeFiles/pico_rmii_ethernet_httpd2.dir/lib/lwip/src/core/pbuf.c.obj
                0x10009326                pbuf_cat
 .text.pbuf_chain
                0x1000934e       0x10 CMakeFiles/pico_rmii_ethernet_httpd2.dir/lib/lwip/src/core/pbuf.c.obj
                0x1000934e                pbuf_chain
 .text.pbuf_copy_partial_pbuf
                0x1000935e       0xf2 CMakeFiles/pico_rmii_ethernet_httpd2.dir/lib/lwip/src/core/pbuf.c.obj
                0x1000935e                pbuf_copy_partial_pbuf
 .text.pbuf_copy
                0x10009450       0x16 CMakeFiles/pico_rmii_ethernet_httpd2.dir/lib/lwip/src/core/pbuf.c.obj
                0x10009450                pbuf_copy
 .text.pbuf_copy_partial
                0x10009466       0x7a CMakeFiles/pico_rmii_ethernet_httpd2.dir/lib/lwip/src/core/pbuf.c.obj
                0x10009466                pbuf_copy_partial
 .text.pbuf_take
                0x100094e0       0x58 CMakeFiles/pico_rmii_ethernet_httpd2.dir/lib/lwip/src/core/pbuf.c.obj
                0x100094e0                pbuf_take
 .text.pbuf_clone
                0x10009538       0x1c CMakeFiles/pico_rmii_ethernet_httpd2.dir/lib/lwip/src/core/pbuf.c.obj
                0x10009538                pbuf_clone
 .text.raw_input_local_match
                0x10009554       0x5c CMakeFiles/pico_rmii_ethernet_httpd2.dir/lib/lwip/src/core/raw.c.obj
 .text.raw_input
                0x100095b0       0x9c CMakeFiles/pico_rmii_ethernet_httpd2.dir/lib/lwip/src/core/raw.c.obj
                0x100095b0                raw_input
 .text.raw_netif_ip_addr_changed
                0x1000964c       0x38 CMakeFiles/pico_rmii_ethernet_httpd2.dir/lib/lwip/src/core/raw.c.obj
                0x1000964c                raw_netif_ip_addr_changed
 .text.stats_init
                0x10009684        0x2 CMakeFiles/pico_rmii_ethernet_httpd2.dir/lib/lwip/src/core/stats.c.obj
                0x10009684                stats_init
 .text.tcp_remove_listener
                0x10009686       0x16 CMakeFiles/pico_rmii_ethernet_httpd2.dir/lib/lwip/src/core/tcp.c.obj
 .text.tcp_listen_closed
                0x1000969c       0x24 CMakeFiles/pico_rmii_ethernet_httpd2.dir/lib/lwip/src/core/tcp.c.obj
 .text.tcp_new_port
                0x100096c0       0x6c CMakeFiles/pico_rmii_ethernet_httpd2.dir/lib/lwip/src/core/tcp.c.obj
 .text.tcp_free_listen
                0x1000972c        0xc CMakeFiles/pico_rmii_ethernet_httpd2.dir/lib/lwip/src/core/tcp.c.obj
 .text.tcp_close_shutdown_fin
                0x10009738       0x5c CMakeFiles/pico_rmii_ethernet_httpd2.dir/lib/lwip/src/core/tcp.c.obj
 .text.tcp_handle_closepend
                0x10009794       0x28 CMakeFiles/pico_rmii_ethernet_httpd2.dir/lib/lwip/src/core/tcp.c.obj
 .text.tcp_init
                0x100097bc        0x2 CMakeFiles/pico_rmii_ethernet_httpd2.dir/lib/lwip/src/core/tcp.c.obj
                0x100097bc                tcp_init
 .text.tcp_free
                0x100097be        0xc CMakeFiles/pico_rmii_ethernet_httpd2.dir/lib/lwip/src/core/tcp.c.obj
                0x100097be                tcp_free
 *fill*         0x100097ca        0x2 
 .text.tcp_bind
                0x100097cc       0xb4 CMakeFiles/pico_rmii_ethernet_httpd2.dir/lib/lwip/src/core/tcp.c.obj
                0x100097cc                tcp_bind
 .text.tcp_listen_with_backlog_and_err
                0x10009880       0xbc CMakeFiles/pico_rmii_ethernet_httpd2.dir/lib/lwip/src/core/tcp.c.obj
                0x10009880                tcp_listen_with_backlog_and_err
 .text.tcp_listen_with_backlog
                0x1000993c        0xa CMakeFiles/pico_rmii_ethernet_httpd2.dir/lib/lwip/src/core/tcp.c.obj
                0x1000993c                tcp_listen_with_backlog
 *fill*         0x10009946        0x2 
 .text.tcp_update_rcv_ann_wnd
                0x10009948       0x38 CMakeFiles/pico_rmii_ethernet_httpd2.dir/lib/lwip/src/core/tcp.c.obj
                0x10009948                tcp_update_rcv_ann_wnd
 .text.tcp_recved
                0x10009980       0x44 CMakeFiles/pico_rmii_ethernet_httpd2.dir/lib/lwip/src/core/tcp.c.obj
                0x10009980                tcp_recved
 .text.tcp_seg_free
                0x100099c4       0x1a CMakeFiles/pico_rmii_ethernet_httpd2.dir/lib/lwip/src/core/tcp.c.obj
                0x100099c4                tcp_seg_free
 .text.tcp_segs_free
                0x100099de       0x12 CMakeFiles/pico_rmii_ethernet_httpd2.dir/lib/lwip/src/core/tcp.c.obj
                0x100099de                tcp_segs_free
 .text.tcp_setprio
                0x100099f0        0x8 CMakeFiles/pico_rmii_ethernet_httpd2.dir/lib/lwip/src/core/tcp.c.obj
                0x100099f0                tcp_setprio
 .text.tcp_seg_copy
                0x100099f8       0x20 CMakeFiles/pico_rmii_ethernet_httpd2.dir/lib/lwip/src/core/tcp.c.obj
                0x100099f8                tcp_seg_copy
 .text.tcp_arg  0x10009a18        0x8 CMakeFiles/pico_rmii_ethernet_httpd2.dir/lib/lwip/src/core/tcp.c.obj
                0x10009a18                tcp_arg
 .text.tcp_recv
                0x10009a20        0xa CMakeFiles/pico_rmii_ethernet_httpd2.dir/lib/lwip/src/core/tcp.c.obj
                0x10009a20                tcp_recv
 .text.tcp_sent
                0x10009a2a        0xa CMakeFiles/pico_rmii_ethernet_httpd2.dir/lib/lwip/src/core/tcp.c.obj
                0x10009a2a                tcp_sent
 .text.tcp_err  0x10009a34        0xa CMakeFiles/pico_rmii_ethernet_httpd2.dir/lib/lwip/src/core/tcp.c.obj
                0x10009a34                tcp_err
 .text.tcp_accept
                0x10009a3e       0x10 CMakeFiles/pico_rmii_ethernet_httpd2.dir/lib/lwip/src/core/tcp.c.obj
                0x10009a3e                tcp_accept
 .text.tcp_poll
                0x10009a4e        0xc CMakeFiles/pico_rmii_ethernet_httpd2.dir/lib/lwip/src/core/tcp.c.obj
                0x10009a4e                tcp_poll
 *fill*         0x10009a5a        0x2 
 .text.tcp_next_iss
                0x10009a5c       0x18 CMakeFiles/pico_rmii_ethernet_httpd2.dir/lib/lwip/src/core/tcp.c.obj
                0x10009a5c                tcp_next_iss
 .text.tcp_eff_send_mss_netif
                0x10009a74       0x22 CMakeFiles/pico_rmii_ethernet_httpd2.dir/lib/lwip/src/core/tcp.c.obj
                0x10009a74                tcp_eff_send_mss_netif
 .text.tcp_free_ooseq
                0x10009a96       0x14 CMakeFiles/pico_rmii_ethernet_httpd2.dir/lib/lwip/src/core/tcp.c.obj
                0x10009a96                tcp_free_ooseq
 .text.tcp_pcb_purge
                0x10009aaa       0x4c CMakeFiles/pico_rmii_ethernet_httpd2.dir/lib/lwip/src/core/tcp.c.obj
                0x10009aaa                tcp_pcb_purge
 .text.tcp_pcb_remove
                0x10009af6       0x52 CMakeFiles/pico_rmii_ethernet_httpd2.dir/lib/lwip/src/core/tcp.c.obj
                0x10009af6                tcp_pcb_remove
 .text.tcp_abandon
                0x10009b48       0xf0 CMakeFiles/pico_rmii_ethernet_httpd2.dir/lib/lwip/src/core/tcp.c.obj
                0x10009b48                tcp_abandon
 .text.tcp_abort
                0x10009c38        0xa CMakeFiles/pico_rmii_ethernet_httpd2.dir/lib/lwip/src/core/tcp.c.obj
                0x10009c38                tcp_abort
 .text.tcp_accept_null
                0x10009c42        0xe CMakeFiles/pico_rmii_ethernet_httpd2.dir/lib/lwip/src/core/tcp.c.obj
 .text.tcp_kill_timewait
                0x10009c50       0x38 CMakeFiles/pico_rmii_ethernet_httpd2.dir/lib/lwip/src/core/tcp.c.obj
 .text.tcp_kill_prio
                0x10009c88       0x58 CMakeFiles/pico_rmii_ethernet_httpd2.dir/lib/lwip/src/core/tcp.c.obj
 .text.tcp_netif_ip_addr_changed_pcblist
                0x10009ce0       0x22 CMakeFiles/pico_rmii_ethernet_httpd2.dir/lib/lwip/src/core/tcp.c.obj
 *fill*         0x10009d02        0x2 
 .text.tcp_netif_ip_addr_changed
                0x10009d04       0x54 CMakeFiles/pico_rmii_ethernet_httpd2.dir/lib/lwip/src/core/tcp.c.obj
                0x10009d04                tcp_netif_ip_addr_changed
 .text.tcp_kill_state
                0x10009d58       0x40 CMakeFiles/pico_rmii_ethernet_httpd2.dir/lib/lwip/src/core/tcp.c.obj
 .text.tcp_alloc
                0x10009d98      0x108 CMakeFiles/pico_rmii_ethernet_httpd2.dir/lib/lwip/src/core/tcp.c.obj
                0x10009d98                tcp_alloc
 .text.tcp_new_ip_type
                0x10009ea0        0xa CMakeFiles/pico_rmii_ethernet_httpd2.dir/lib/lwip/src/core/tcp.c.obj
                0x10009ea0                tcp_new_ip_type
 *fill*         0x10009eaa        0x2 
 .text.tcp_close_shutdown
                0x10009eac      0x11c CMakeFiles/pico_rmii_ethernet_httpd2.dir/lib/lwip/src/core/tcp.c.obj
 .text.tcp_close
                0x10009fc8       0x22 CMakeFiles/pico_rmii_ethernet_httpd2.dir/lib/lwip/src/core/tcp.c.obj
                0x10009fc8                tcp_close
 .text.tcp_recv_null
                0x10009fea       0x32 CMakeFiles/pico_rmii_ethernet_httpd2.dir/lib/lwip/src/core/tcp.c.obj
                0x10009fea                tcp_recv_null
 .text.tcp_process_refused_data
                0x1000a01c       0x7c CMakeFiles/pico_rmii_ethernet_httpd2.dir/lib/lwip/src/core/tcp.c.obj
                0x1000a01c                tcp_process_refused_data
 .text.tcp_fasttmr
                0x1000a098       0x80 CMakeFiles/pico_rmii_ethernet_httpd2.dir/lib/lwip/src/core/tcp.c.obj
                0x1000a098                tcp_fasttmr
 .text.tcp_slowtmr
                0x1000a118      0x398 CMakeFiles/pico_rmii_ethernet_httpd2.dir/lib/lwip/src/core/tcp.c.obj
                0x1000a118                tcp_slowtmr
 .text.tcp_tmr  0x1000a4b0       0x20 CMakeFiles/pico_rmii_ethernet_httpd2.dir/lib/lwip/src/core/tcp.c.obj
                0x1000a4b0                tcp_tmr
 .text.tcp_get_next_optbyte
                0x1000a4d0       0x40 CMakeFiles/pico_rmii_ethernet_httpd2.dir/lib/lwip/src/core/tcp_in.c.obj
 .text.tcp_parseopt
                0x1000a510       0x90 CMakeFiles/pico_rmii_ethernet_httpd2.dir/lib/lwip/src/core/tcp_in.c.obj
 .text.tcp_input_delayed_close
                0x1000a5a0       0x40 CMakeFiles/pico_rmii_ethernet_httpd2.dir/lib/lwip/src/core/tcp_in.c.obj
 .text.tcp_timewait_input
                0x1000a5e0       0x90 CMakeFiles/pico_rmii_ethernet_httpd2.dir/lib/lwip/src/core/tcp_in.c.obj
 .text.tcp_listen_input
                0x1000a670      0x150 CMakeFiles/pico_rmii_ethernet_httpd2.dir/lib/lwip/src/core/tcp_in.c.obj
 .text.tcp_free_acked_segments
                0x1000a7c0       0x88 CMakeFiles/pico_rmii_ethernet_httpd2.dir/lib/lwip/src/core/tcp_in.c.obj
 .text.tcp_oos_insert_segment
                0x1000a848       0xc4 CMakeFiles/pico_rmii_ethernet_httpd2.dir/lib/lwip/src/core/tcp_in.c.obj
 .text.tcp_receive
                0x1000a90c      0x908 CMakeFiles/pico_rmii_ethernet_httpd2.dir/lib/lwip/src/core/tcp_in.c.obj
 .text.tcp_process
                0x1000b214      0x50c CMakeFiles/pico_rmii_ethernet_httpd2.dir/lib/lwip/src/core/tcp_in.c.obj
 .text.tcp_input